stm32f7xx_ll_rcc.h:1974:22:LL_RCC_HSE_Enable	4	static
stm32f7xx_ll_rcc.h:1994:26:LL_RCC_HSE_IsReady	4	static
stm32f7xx_ll_rcc.h:2216:22:LL_RCC_SetSysClkSource	16	static
stm32f7xx_ll_rcc.h:2229:26:LL_RCC_GetSysClkSource	4	static
stm32f7xx_ll_rcc.h:2249:22:LL_RCC_SetAHBPrescaler	16	static
stm32f7xx_ll_rcc.h:2265:22:LL_RCC_SetAPB1Prescaler	16	static
stm32f7xx_ll_rcc.h:2281:22:LL_RCC_SetAPB2Prescaler	16	static
stm32f7xx_ll_rcc.h:2409:22:LL_RCC_SetUSARTClockSource	16	static
stm32f7xx_ll_rcc.h:3134:22:LL_RCC_PLL_Enable	4	static
stm32f7xx_ll_rcc.h:3155:26:LL_RCC_PLL_IsReady	4	static
stm32f7xx_ll_rcc.h:3243:22:LL_RCC_PLL_ConfigDomain_SYS	24	static
stm32f7xx_ll_system.h:891:22:LL_FLASH_SetLatency	16	static
stm32f7xx_ll_system.h:917:26:LL_FLASH_GetLatency	4	static
stm32f7xx_ll_pwr.h:264:22:LL_PWR_EnableOverDriveMode	4	static
stm32f7xx_ll_pwr.h:298:22:LL_PWR_SetRegulVoltageScaling	16	static
stm32f7xx_ll_usart.h:2603:26:LL_USART_IsActiveFlag_IDLE	16	static
stm32f7xx_ll_usart.h:2877:22:LL_USART_ClearFlag_IDLE	16	static
main.c:75:5:main	8	static
main.c:124:6:SystemClock_Config	8	static
main.c:179:6:HAL_TIM_PeriodElapsedCallback	16	static
main.c:196:6:Error_Handler	4	static
main.c:206:6:USART1_IRQHandler	8	static
