Archive member included to satisfy reference by file (symbol)

e:/stm32cubemxide/stm32cubeide_1.5.0/stm32cubeide/plugins/com.st.stm32cube.ide.mcu.externaltools.gnu-tools-for-stm32.7-2018-q2-update.win32_1.5.0.202011040924/tools/bin/../lib/gcc/arm-none-eabi/7.3.1/../../../../arm-none-eabi/lib/thumb/v7e-m/fpv5/hard\libc_nano.a(lib_a-errno.o)
                              Core/Src/syscalls.o (__errno)
e:/stm32cubemxide/stm32cubeide_1.5.0/stm32cubeide/plugins/com.st.stm32cube.ide.mcu.externaltools.gnu-tools-for-stm32.7-2018-q2-update.win32_1.5.0.202011040924/tools/bin/../lib/gcc/arm-none-eabi/7.3.1/../../../../arm-none-eabi/lib/thumb/v7e-m/fpv5/hard\libc_nano.a(lib_a-exit.o)
                              e:/stm32cubemxide/stm32cubeide_1.5.0/stm32cubeide/plugins/com.st.stm32cube.ide.mcu.externaltools.gnu-tools-for-stm32.7-2018-q2-update.win32_1.5.0.202011040924/tools/bin/../lib/gcc/arm-none-eabi/7.3.1/../../../../arm-none-eabi/lib/thumb/v7e-m/fpv5/hard/crt0.o (exit)
e:/stm32cubemxide/stm32cubeide_1.5.0/stm32cubeide/plugins/com.st.stm32cube.ide.mcu.externaltools.gnu-tools-for-stm32.7-2018-q2-update.win32_1.5.0.202011040924/tools/bin/../lib/gcc/arm-none-eabi/7.3.1/../../../../arm-none-eabi/lib/thumb/v7e-m/fpv5/hard\libc_nano.a(lib_a-impure.o)
                              e:/stm32cubemxide/stm32cubeide_1.5.0/stm32cubeide/plugins/com.st.stm32cube.ide.mcu.externaltools.gnu-tools-for-stm32.7-2018-q2-update.win32_1.5.0.202011040924/tools/bin/../lib/gcc/arm-none-eabi/7.3.1/../../../../arm-none-eabi/lib/thumb/v7e-m/fpv5/hard\libc_nano.a(lib_a-exit.o) (_global_impure_ptr)
e:/stm32cubemxide/stm32cubeide_1.5.0/stm32cubeide/plugins/com.st.stm32cube.ide.mcu.externaltools.gnu-tools-for-stm32.7-2018-q2-update.win32_1.5.0.202011040924/tools/bin/../lib/gcc/arm-none-eabi/7.3.1/../../../../arm-none-eabi/lib/thumb/v7e-m/fpv5/hard\libc_nano.a(lib_a-init.o)
                              e:/stm32cubemxide/stm32cubeide_1.5.0/stm32cubeide/plugins/com.st.stm32cube.ide.mcu.externaltools.gnu-tools-for-stm32.7-2018-q2-update.win32_1.5.0.202011040924/tools/bin/../lib/gcc/arm-none-eabi/7.3.1/../../../../arm-none-eabi/lib/thumb/v7e-m/fpv5/hard/crt0.o (__libc_init_array)
e:/stm32cubemxide/stm32cubeide_1.5.0/stm32cubeide/plugins/com.st.stm32cube.ide.mcu.externaltools.gnu-tools-for-stm32.7-2018-q2-update.win32_1.5.0.202011040924/tools/bin/../lib/gcc/arm-none-eabi/7.3.1/../../../../arm-none-eabi/lib/thumb/v7e-m/fpv5/hard\libc_nano.a(lib_a-memset.o)
                              e:/stm32cubemxide/stm32cubeide_1.5.0/stm32cubeide/plugins/com.st.stm32cube.ide.mcu.externaltools.gnu-tools-for-stm32.7-2018-q2-update.win32_1.5.0.202011040924/tools/bin/../lib/gcc/arm-none-eabi/7.3.1/../../../../arm-none-eabi/lib/thumb/v7e-m/fpv5/hard/crt0.o (memset)
e:/stm32cubemxide/stm32cubeide_1.5.0/stm32cubeide/plugins/com.st.stm32cube.ide.mcu.externaltools.gnu-tools-for-stm32.7-2018-q2-update.win32_1.5.0.202011040924/tools/bin/../lib/gcc/arm-none-eabi/7.3.1/thumb/v7e-m/fpv5/hard\libgcc.a(_aeabi_ldivmod.o)
                              Drivers/STM32F7xx_HAL_Driver/Src/stm32f7xx_hal_rcc.o (__aeabi_ldivmod)
e:/stm32cubemxide/stm32cubeide_1.5.0/stm32cubeide/plugins/com.st.stm32cube.ide.mcu.externaltools.gnu-tools-for-stm32.7-2018-q2-update.win32_1.5.0.202011040924/tools/bin/../lib/gcc/arm-none-eabi/7.3.1/thumb/v7e-m/fpv5/hard\libgcc.a(_aeabi_uldivmod.o)
                              Drivers/STM32F7xx_HAL_Driver/Src/stm32f7xx_hal_rcc.o (__aeabi_uldivmod)
e:/stm32cubemxide/stm32cubeide_1.5.0/stm32cubeide/plugins/com.st.stm32cube.ide.mcu.externaltools.gnu-tools-for-stm32.7-2018-q2-update.win32_1.5.0.202011040924/tools/bin/../lib/gcc/arm-none-eabi/7.3.1/thumb/v7e-m/fpv5/hard\libgcc.a(_udivmoddi4.o)
                              e:/stm32cubemxide/stm32cubeide_1.5.0/stm32cubeide/plugins/com.st.stm32cube.ide.mcu.externaltools.gnu-tools-for-stm32.7-2018-q2-update.win32_1.5.0.202011040924/tools/bin/../lib/gcc/arm-none-eabi/7.3.1/thumb/v7e-m/fpv5/hard\libgcc.a(_aeabi_ldivmod.o) (__udivmoddi4)
e:/stm32cubemxide/stm32cubeide_1.5.0/stm32cubeide/plugins/com.st.stm32cube.ide.mcu.externaltools.gnu-tools-for-stm32.7-2018-q2-update.win32_1.5.0.202011040924/tools/bin/../lib/gcc/arm-none-eabi/7.3.1/thumb/v7e-m/fpv5/hard\libgcc.a(_dvmd_tls.o)
                              e:/stm32cubemxide/stm32cubeide_1.5.0/stm32cubeide/plugins/com.st.stm32cube.ide.mcu.externaltools.gnu-tools-for-stm32.7-2018-q2-update.win32_1.5.0.202011040924/tools/bin/../lib/gcc/arm-none-eabi/7.3.1/thumb/v7e-m/fpv5/hard\libgcc.a(_aeabi_ldivmod.o) (__aeabi_ldiv0)

Allocating common symbols
Common symbol       size              file

angleNow            0x2               Core/Src/mbotLinuxUsart.o
uwTick              0x4               Drivers/STM32F7xx_HAL_Driver/Src/stm32f7xx_hal.o
pFlash              0x1c              Drivers/STM32F7xx_HAL_Driver/Src/stm32f7xx_hal_flash.o
rightVelNow         0x2               Core/Src/mbotLinuxUsart.o
rightVelSet         0x2               Core/Src/mbotLinuxUsart.o
[...]
Memory Configuration

Name             Origin             Length             Attributes
RAM              0x0000000020000000 0x0000000000080000 xrw
FLASH            0x0000000008000000 0x0000000000200000 xr
*default*        0x0000000000000000 0xffffffffffffffff

Linker script and memory map

LOAD e:/stm32cubemxide/stm32cubeide_1.5.0/stm32cubeide/plugins/com.st.stm32cube.ide.mcu.externaltools.gnu-tools-for-stm32.7-2018-q2-update.win32_1.5.0.202011040924/tools/bin/../lib/gcc/arm-none-eabi/7.3.1/thumb/v7e-m/fpv5/hard/crti.o
LOAD e:/stm32cubemxide/stm32cubeide_1.5.0/stm32cubeide/plugins/com.st.stm32cube.ide.mcu.externaltools.gnu-tools-for-stm32.7-2018-q2-update.win32_1.5.0.202011040924/tools/bin/../lib/gcc/arm-none-eabi/7.3.1/thumb/v7e-m/fpv5/hard/crtbegin.o
LOAD e:/stm32cubemxide/stm32cubeide_1.5.0/stm32cubeide/plugins/com.st.stm32cube.ide.mcu.externaltools.gnu-tools-for-stm32.7-2018-q2-update.win32_1.5.0.202011040924/tools/bin/../lib/gcc/arm-none-eabi/7.3.1/../../../../arm-none-eabi/lib/thumb/v7e-m/fpv5/hard/crt0.o
LOAD Core/Src/dma.o
LOAD Core/Src/gpio.o
LOAD Core/Src/main.o
LOAD Core/Src/mbotLinuxUsart.o
LOAD Core/Src/stm32f7xx_hal_msp.o
LOAD Core/Src/stm32f7xx_hal_timebase_tim.o
LOAD Core/Src/stm32f7xx_it.o
LOAD Core/Src/syscalls.o
LOAD Core/Src/sysmem.o
LOAD Core/Src/system_stm32f7xx.o
LOAD Core/Src/usart.o
LOAD Core/Startup/startup_stm32f767vitx.o
LOAD Drivers/STM32F7xx_HAL_Driver/Src/stm32f7xx_hal.o
LOAD Drivers/STM32F7xx_HAL_Driver/Src/stm32f7xx_hal_cortex.o
LOAD Drivers/STM32F7xx_HAL_Driver/Src/stm32f7xx_hal_dma.o
LOAD Drivers/STM32F7xx_HAL_Driver/Src/stm32f7xx_hal_dma_ex.o
LOAD Drivers/STM32F7xx_HAL_Driver/Src/stm32f7xx_hal_exti.o
LOAD Drivers/STM32F7xx_HAL_Driver/Src/stm32f7xx_hal_flash.o
LOAD Drivers/STM32F7xx_HAL_Driver/Src/stm32f7xx_hal_flash_ex.o
LOAD Drivers/STM32F7xx_HAL_Driver/Src/stm32f7xx_hal_gpio.o
LOAD Drivers/STM32F7xx_HAL_Driver/Src/stm32f7xx_hal_i2c.o
LOAD Drivers/STM32F7xx_HAL_Driver/Src/stm32f7xx_hal_i2c_ex.o
LOAD Drivers/STM32F7xx_HAL_Driver/Src/stm32f7xx_hal_pwr.o
LOAD Drivers/STM32F7xx_HAL_Driver/Src/stm32f7xx_hal_pwr_ex.o
LOAD Drivers/STM32F7xx_HAL_Driver/Src/stm32f7xx_hal_rcc.o
LOAD Drivers/STM32F7xx_HAL_Driver/Src/stm32f7xx_hal_rcc_ex.o
LOAD Drivers/STM32F7xx_HAL_Driver/Src/stm32f7xx_hal_tim.o
LOAD Drivers/STM32F7xx_HAL_Driver/Src/stm32f7xx_hal_tim_ex.o
LOAD Drivers/STM32F7xx_HAL_Driver/Src/stm32f7xx_ll_dma.o
LOAD Drivers/STM32F7xx_HAL_Driver/Src/stm32f7xx_ll_exti.o
LOAD Drivers/STM32F7xx_HAL_Driver/Src/stm32f7xx_ll_gpio.o
LOAD Drivers/STM32F7xx_HAL_Driver/Src/stm32f7xx_ll_rcc.o
LOAD Drivers/STM32F7xx_HAL_Driver/Src/stm32f7xx_ll_usart.o
LOAD Drivers/STM32F7xx_HAL_Driver/Src/stm32f7xx_ll_utils.o
START GROUP
LOAD e:/stm32cubemxide/stm32cubeide_1.5.0/stm32cubeide/plugins/com.st.stm32cube.ide.mcu.externaltools.gnu-tools-for-stm32.7-2018-q2-update.win32_1.5.0.202011040924/tools/bin/../lib/gcc/arm-none-eabi/7.3.1/../../../../arm-none-eabi/lib/thumb/v7e-m/fpv5/hard\libc_nano.a
LOAD e:/stm32cubemxide/stm32cubeide_1.5.0/stm32cubeide/plugins/com.st.stm32cube.ide.mcu.externaltools.gnu-tools-for-stm32.7-2018-q2-update.win32_1.5.0.202011040924/tools/bin/../lib/gcc/arm-none-eabi/7.3.1/../../../../arm-none-eabi/lib/thumb/v7e-m/fpv5/hard\libm.a
END GROUP
START GROUP
LOAD e:/stm32cubemxide/stm32cubeide_1.5.0/stm32cubeide/plugins/com.st.stm32cube.ide.mcu.externaltools.gnu-tools-for-stm32.7-2018-q2-update.win32_1.5.0.202011040924/tools/bin/../lib/gcc/arm-none-eabi/7.3.1/thumb/v7e-m/fpv5/hard\libgcc.a
LOAD e:/stm32cubemxide/stm32cubeide_1.5.0/stm32cubeide/plugins/com.st.stm32cube.ide.mcu.externaltools.gnu-tools-for-stm32.7-2018-q2-update.win32_1.5.0.202011040924/tools/bin/../lib/gcc/arm-none-eabi/7.3.1/../../../../arm-none-eabi/lib/thumb/v7e-m/fpv5/hard\libc_nano.a
END GROUP
START GROUP
LOAD e:/stm32cubemxide/stm32cubeide_1.5.0/stm32cubeide/plugins/com.st.stm32cube.ide.mcu.externaltools.gnu-tools-for-stm32.7-2018-q2-update.win32_1.5.0.202011040924/tools/bin/../lib/gcc/arm-none-eabi/7.3.1/thumb/v7e-m/fpv5/hard\libgcc.a
LOAD e:/stm32cubemxide/stm32cubeide_1.5.0/stm32cubeide/plugins/com.st.stm32cube.ide.mcu.externaltools.gnu-tools-for-stm32.7-2018-q2-update.win32_1.5.0.202011040924/tools/bin/../lib/gcc/arm-none-eabi/7.3.1/../../../../arm-none-eabi/lib/thumb/v7e-m/fpv5/hard\libc_nano.a
LOAD e:/stm32cubemxide/stm32cubeide_1.5.0/stm32cubeide/plugins/com.st.stm32cube.ide.mcu.externaltools.gnu-tools-for-stm32.7-2018-q2-update.win32_1.5.0.202011040924/tools/bin/../lib/gcc/arm-none-eabi/7.3.1/../../../../arm-none-eabi/lib/thumb/v7e-m/fpv5/hard\libnosys.a
END GROUP
START GROUP
LOAD e:/stm32cubemxide/stm32cubeide_1.5.0/stm32cubeide/plugins/com.st.stm32cube.ide.mcu.externaltools.gnu-tools-for-stm32.7-2018-q2-update.win32_1.5.0.202011040924/tools/bin/../lib/gcc/arm-none-eabi/7.3.1/thumb/v7e-m/fpv5/hard\libgcc.a
LOAD e:/stm32cubemxide/stm32cubeide_1.5.0/stm32cubeide/plugins/com.st.stm32cube.ide.mcu.externaltools.gnu-tools-for-stm32.7-2018-q2-update.win32_1.5.0.202011040924/tools/bin/../lib/gcc/arm-none-eabi/7.3.1/../../../../arm-none-eabi/lib/thumb/v7e-m/fpv5/hard\libc_nano.a
LOAD e:/stm32cubemxide/stm32cubeide_1.5.0/stm32cubeide/plugins/com.st.stm32cube.ide.mcu.externaltools.gnu-tools-for-stm32.7-2018-q2-update.win32_1.5.0.202011040924/tools/bin/../lib/gcc/arm-none-eabi/7.3.1/../../../../arm-none-eabi/lib/thumb/v7e-m/fpv5/hard\libnosys.a
END GROUP
LOAD e:/stm32cubemxide/stm32cubeide_1.5.0/stm32cubeide/plugins/com.st.stm32cube.ide.mcu.externaltools.gnu-tools-for-stm32.7-2018-q2-update.win32_1.5.0.202011040924/tools/bin/../lib/gcc/arm-none-eabi/7.3.1/thumb/v7e-m/fpv5/hard/crtend.o
LOAD e:/stm32cubemxide/stm32cubeide_1.5.0/stm32cubeide/plugins/com.st.stm32cube.ide.mcu.externaltools.gnu-tools-for-stm32.7-2018-q2-update.win32_1.5.0.202011040924/tools/bin/../lib/gcc/arm-none-eabi/7.3.1/thumb/v7e-m/fpv5/hard/crtn.o
                0x0000000020080000                _estack = (ORIGIN (RAM) + LENGTH (RAM))
                0x0000000000000200                _Min_Heap_Size = 0x200
                0x0000000000000400                _Min_Stack_Size = 0x400

.isr_vector     0x0000000008000000      0x1f8
                0x0000000008000000                . = ALIGN (0x4)
 *(.isr_vector)
 .isr_vector    0x0000000008000000      0x1f8 Core/Startup/startup_stm32f767vitx.o
                0x0000000008000000                g_pfnVectors
                0x00000000080001f8                . = ALIGN (0x4)

.text           0x00000000080001f8     0x1860
                0x00000000080001f8                . = ALIGN (0x4)
 *(.text)
 .text          0x00000000080001f8       0x40 e:/stm32cubemxide/stm32cubeide_1.5.0/stm32cubeide/plugins/com.st.stm32cube.ide.mcu.externaltools.gnu-tools-for-stm32.7-2018-q2-update.win32_1.5.0.202011040924/tools/bin/../lib/gcc/arm-none-eabi/7.3.1/thumb/v7e-m/fpv5/hard/crtbegin.o
 *(.text*)
 .text.NVIC_EncodePriority.constprop.2
                0x0000000008000238       0x2a Core/Src/dma.o
 *fill*         0x0000000008000262        0x2 
 .text.MX_DMA_Init
                0x0000000008000264       0x58 Core/Src/dma.o
                0x0000000008000264                MX_DMA_Init
 .text.LL_AHB1_GRP1_EnableClock
                0x00000000080002bc       0x1c Core/Src/gpio.o
 .text.MX_GPIO_Init
                0x00000000080002d8      0x560 Core/Src/gpio.o
                0x00000000080002d8                MX_GPIO_Init
 .text.SystemClock_Config
                0x0000000008000838       0xc4 Core/Src/main.o
                0x0000000008000838                SystemClock_Config
 .text.startup.main
                0x00000000080008fc       0x48 Core/Src/main.o
                0x00000000080008fc                main
 .text.HAL_TIM_PeriodElapsedCallback
                0x0000000008000944       0x14 Core/Src/main.o
                0x0000000008000944                HAL_TIM_PeriodElapsedCallback
 .text.USART1_IRQHandler
                0x0000000008000958       0x28 Core/Src/main.o
                0x0000000008000958                USART1_IRQHandler
 .text.USART_Send_String
                0x0000000008000980       0x2c Core/Src/mbotLinuxUsart.o
                0x0000000008000980                USART_Send_String
 .text.getCrc8  0x00000000080009ac       0x2e Core/Src/mbotLinuxUsart.o
                0x00000000080009ac                getCrc8
 *fill*         0x00000000080009da        0x2 
 .text.usartReceiveOneData
                0x00000000080009dc      0x118 Core/Src/mbotLinuxUsart.o
                0x00000000080009dc                usartReceiveOneData
 .text.usartSendData
                0x0000000008000af4       0x64 Core/Src/mbotLinuxUsart.o
                0x0000000008000af4                usartSendData
 .text.HAL_MspInit
                0x0000000008000b58       0x80 Core/Src/stm32f7xx_hal_msp.o
                0x0000000008000b58                HAL_MspInit
 .text.HAL_InitTick
                0x0000000008000bd8       0x78 Core/Src/stm32f7xx_hal_timebase_tim.o
                0x0000000008000bd8                HAL_InitTick
 .text.NMI_Handler
                0x0000000008000c50        0x2 Core/Src/stm32f7xx_it.o
                0x0000000008000c50                NMI_Handler
 .text.HardFault_Handler
                0x0000000008000c52        0x2 Core/Src/stm32f7xx_it.o
                0x0000000008000c52                HardFault_Handler
 .text.MemManage_Handler
                0x0000000008000c54        0x2 Core/Src/stm32f7xx_it.o
                0x0000000008000c54                MemManage_Handler
 .text.BusFault_Handler
                0x0000000008000c56        0x2 Core/Src/stm32f7xx_it.o
                0x0000000008000c56                BusFault_Handler
 .text.UsageFault_Handler
                0x0000000008000c58        0x2 Core/Src/stm32f7xx_it.o
                0x0000000008000c58                UsageFault_Handler
 .text.SVC_Handler
                0x0000000008000c5a        0x2 Core/Src/stm32f7xx_it.o
                0x0000000008000c5a                SVC_Handler
 .text.DebugMon_Handler
                0x0000000008000c5c        0x2 Core/Src/stm32f7xx_it.o
                0x0000000008000c5c                DebugMon_Handler
 .text.PendSV_Handler
                0x0000000008000c5e        0x2 Core/Src/stm32f7xx_it.o
                0x0000000008000c5e                PendSV_Handler
 .text.SysTick_Handler
                0x0000000008000c60        0x2 Core/Src/stm32f7xx_it.o
                0x0000000008000c60                SysTick_Handler
 .text.PVD_IRQHandler
                0x0000000008000c62        0x4 Core/Src/stm32f7xx_it.o
                0x0000000008000c62                PVD_IRQHandler
 .text.FLASH_IRQHandler
                0x0000000008000c66        0x4 Core/Src/stm32f7xx_it.o
                0x0000000008000c66                FLASH_IRQHandler
 .text.RCC_IRQHandler
                0x0000000008000c6a        0x2 Core/Src/stm32f7xx_it.o
                0x0000000008000c6a                RCC_IRQHandler
 .text.TIM7_IRQHandler
                0x0000000008000c6c        0xc Core/Src/stm32f7xx_it.o
                0x0000000008000c6c                TIM7_IRQHandler
 .text.DMA2_Stream5_IRQHandler
                0x0000000008000c78        0x2 Core/Src/stm32f7xx_it.o
                0x0000000008000c78                DMA2_Stream5_IRQHandler
 .text.DMA2_Stream7_IRQHandler
                0x0000000008000c7a        0x2 Core/Src/stm32f7xx_it.o
                0x0000000008000c7a                DMA2_Stream7_IRQHandler
 .text.FPU_IRQHandler
                0x0000000008000c7c        0x2 Core/Src/stm32f7xx_it.o
                0x0000000008000c7c                FPU_IRQHandler
 *fill*         0x0000000008000c7e        0x2 
 .text.SystemInit
                0x0000000008000c80       0x1c Core/Src/system_stm32f7xx.o
                0x0000000008000c80                SystemInit
 .text.MX_USART1_UART_Init
                0x0000000008000c9c      0x1cc Core/Src/usart.o
                0x0000000008000c9c                MX_USART1_UART_Init
 .text.Reset_Handler
                0x0000000008000e68       0x50 Core/Startup/startup_stm32f767vitx.o
                0x0000000008000e68                Reset_Handler
 .text.Default_Handler
                0x0000000008000eb8        0x2 Core/Startup/startup_stm32f767vitx.o
                0x0000000008000eb8                RTC_Alarm_IRQHandler
                0x0000000008000eb8                EXTI2_IRQHandler
                0x0000000008000eb8                TIM8_CC_IRQHandler
                0x0000000008000eb8                UART8_IRQHandler
                0x0000000008000eb8                SPI4_IRQHandler
                0x0000000008000eb8                TIM1_CC_IRQHandler
                0x0000000008000eb8                JPEG_IRQHandler
                0x0000000008000eb8                DMA1_Stream5_IRQHandler
                0x0000000008000eb8                CAN3_RX1_IRQHandler
                0x0000000008000eb8                TAMP_STAMP_IRQHandler
                0x0000000008000eb8                CAN2_RX1_IRQHandler
                0x0000000008000eb8                EXTI3_IRQHandler
                0x0000000008000eb8                TIM8_TRG_COM_TIM14_IRQHandler
                0x0000000008000eb8                DFSDM1_FLT1_IRQHandler
                0x0000000008000eb8                TIM1_UP_TIM10_IRQHandler
                0x0000000008000eb8                TIM8_UP_TIM13_IRQHandler
                0x0000000008000eb8                I2C3_ER_IRQHandler
                0x0000000008000eb8                DFSDM1_FLT2_IRQHandler
                0x0000000008000eb8                EXTI0_IRQHandler
                0x0000000008000eb8                I2C2_EV_IRQHandler
                0x0000000008000eb8                DMA1_Stream2_IRQHandler
                0x0000000008000eb8                CAN1_RX0_IRQHandler
                0x0000000008000eb8                OTG_HS_WKUP_IRQHandler
                0x0000000008000eb8                CAN3_SCE_IRQHandler
                0x0000000008000eb8                LTDC_ER_IRQHandler
                0x0000000008000eb8                CAN2_SCE_IRQHandler
                0x0000000008000eb8                DMA2_Stream2_IRQHandler
                0x0000000008000eb8                SPI1_IRQHandler
                0x0000000008000eb8                TIM6_DAC_IRQHandler
                0x0000000008000eb8                TIM1_BRK_TIM9_IRQHandler
                0x0000000008000eb8                DCMI_IRQHandler
                0x0000000008000eb8                CAN2_RX0_IRQHandler
                0x0000000008000eb8                DMA2_Stream3_IRQHandler
                0x0000000008000eb8                SAI2_IRQHandler
                0x0000000008000eb8                DFSDM1_FLT3_IRQHandler
                0x0000000008000eb8                USART6_IRQHandler
                0x0000000008000eb8                CAN3_RX0_IRQHandler
                0x0000000008000eb8                USART3_IRQHandler
                0x0000000008000eb8                CAN1_RX1_IRQHandler
                0x0000000008000eb8                UART5_IRQHandler
                0x0000000008000eb8                DMA2_Stream0_IRQHandler
                0x0000000008000eb8                TIM4_IRQHandler
                0x0000000008000eb8                QUADSPI_IRQHandler
                0x0000000008000eb8                I2C1_EV_IRQHandler
                0x0000000008000eb8                DMA1_Stream6_IRQHandler
                0x0000000008000eb8                DMA1_Stream1_IRQHandler
                0x0000000008000eb8                UART4_IRQHandler
                0x0000000008000eb8                TIM3_IRQHandler
                0x0000000008000eb8                TIM8_BRK_TIM12_IRQHandler
                0x0000000008000eb8                Default_Handler
                0x0000000008000eb8                CEC_IRQHandler
                0x0000000008000eb8                EXTI15_10_IRQHandler
                0x0000000008000eb8                ADC_IRQHandler
                0x0000000008000eb8                DMA1_Stream7_IRQHandler
                0x0000000008000eb8                SPI5_IRQHandler
                0x0000000008000eb8                SDMMC1_IRQHandler
                0x0000000008000eb8                CAN2_TX_IRQHandler
                0x0000000008000eb8                TIM5_IRQHandler
                0x0000000008000eb8                I2C3_EV_IRQHandler
                0x0000000008000eb8                EXTI9_5_IRQHandler
                0x0000000008000eb8                RTC_WKUP_IRQHandler
                0x0000000008000eb8                LTDC_IRQHandler
                0x0000000008000eb8                ETH_WKUP_IRQHandler
                0x0000000008000eb8                SPDIF_RX_IRQHandler
                0x0000000008000eb8                SPI2_IRQHandler
                0x0000000008000eb8                OTG_HS_EP1_IN_IRQHandler
                0x0000000008000eb8                DMA1_Stream0_IRQHandler
                0x0000000008000eb8                CAN1_TX_IRQHandler
                0x0000000008000eb8                EXTI4_IRQHandler
                0x0000000008000eb8                RNG_IRQHandler
                0x0000000008000eb8                ETH_IRQHandler
                0x0000000008000eb8                OTG_HS_EP1_OUT_IRQHandler
                0x0000000008000eb8                WWDG_IRQHandler
                0x0000000008000eb8                SPI6_IRQHandler
                0x0000000008000eb8                MDIOS_IRQHandler
                0x0000000008000eb8                I2C4_EV_IRQHandler
                0x0000000008000eb8                CAN3_TX_IRQHandler
                0x0000000008000eb8                TIM2_IRQHandler
                0x0000000008000eb8                OTG_FS_WKUP_IRQHandler
                0x0000000008000eb8                TIM1_TRG_COM_TIM11_IRQHandler
                0x0000000008000eb8                OTG_HS_IRQHandler
                0x0000000008000eb8                DMA2D_IRQHandler
                0x0000000008000eb8                EXTI1_IRQHandler
                0x0000000008000eb8                SDMMC2_IRQHandler
                0x0000000008000eb8                UART7_IRQHandler
                0x0000000008000eb8                USART2_IRQHandler
                0x0000000008000eb8                DFSDM1_FLT0_IRQHandler
                0x0000000008000eb8                I2C2_ER_IRQHandler
                0x0000000008000eb8                DMA2_Stream1_IRQHandler
                0x0000000008000eb8                CAN1_SCE_IRQHandler
                0x0000000008000eb8                DMA2_Stream4_IRQHandler
                0x0000000008000eb8                OTG_FS_IRQHandler
                0x0000000008000eb8                SPI3_IRQHandler
                0x0000000008000eb8                DMA1_Stream4_IRQHandler
                0x0000000008000eb8                I2C1_ER_IRQHandler
                0x0000000008000eb8                FMC_IRQHandler
                0x0000000008000eb8                LPTIM1_IRQHandler
                0x0000000008000eb8                I2C4_ER_IRQHandler
                0x0000000008000eb8                DMA2_Stream6_IRQHandler
                0x0000000008000eb8                SAI1_IRQHandler
                0x0000000008000eb8                DMA1_Stream3_IRQHandler
 .text.HAL_Init
                0x0000000008000eba       0x16 Drivers/STM32F7xx_HAL_Driver/Src/stm32f7xx_hal.o
                0x0000000008000eba                HAL_Init
 .text.HAL_IncTick
                0x0000000008000ed0       0x18 Drivers/STM32F7xx_HAL_Driver/Src/stm32f7xx_hal.o
                0x0000000008000ed0                HAL_IncTick
 .text.HAL_GetTick
                0x0000000008000ee8        0xc Drivers/STM32F7xx_HAL_Driver/Src/stm32f7xx_hal.o
                0x0000000008000ee8                HAL_GetTick
 .text.HAL_Delay
                0x0000000008000ef4       0x24 Drivers/STM32F7xx_HAL_Driver/Src/stm32f7xx_hal.o
                0x0000000008000ef4                HAL_Delay
 .text.HAL_NVIC_SetPriorityGrouping
                0x0000000008000f18       0x24 Drivers/STM32F7xx_HAL_Driver/Src/stm32f7xx_hal_cortex.o
                0x0000000008000f18                HAL_NVIC_SetPriorityGrouping
 .text.HAL_NVIC_SetPriority
                0x0000000008000f3c       0x64 Drivers/STM32F7xx_HAL_Driver/Src/stm32f7xx_hal_cortex.o
                0x0000000008000f3c                HAL_NVIC_SetPriority
 .text.HAL_NVIC_EnableIRQ
                0x0000000008000fa0       0x1c Drivers/STM32F7xx_HAL_Driver/Src/stm32f7xx_hal_cortex.o
                0x0000000008000fa0                HAL_NVIC_EnableIRQ
 .text.FLASH_SetErrorCode
                0x0000000008000fbc       0x64 Drivers/STM32F7xx_HAL_Driver/Src/stm32f7xx_hal_flash.o
 .text.HAL_FLASH_EndOfOperationCallback
                0x0000000008001020        0x2 Drivers/STM32F7xx_HAL_Driver/Src/stm32f7xx_hal_flash.o
                0x0000000008001020                HAL_FLASH_EndOfOperationCallback
 .text.HAL_FLASH_OperationErrorCallback
                0x0000000008001022        0x2 Drivers/STM32F7xx_HAL_Driver/Src/stm32f7xx_hal_flash.o
                0x0000000008001022                HAL_FLASH_OperationErrorCallback
 .text.HAL_FLASH_IRQHandler
                0x0000000008001024       0xe8 Drivers/STM32F7xx_HAL_Driver/Src/stm32f7xx_hal_flash.o
                0x0000000008001024                HAL_FLASH_IRQHandler
 .text.FLASH_Erase_Sector
                0x000000000800110c       0x54 Drivers/STM32F7xx_HAL_Driver/Src/stm32f7xx_hal_flash_ex.o
                0x000000000800110c                FLASH_Erase_Sector
 .text.HAL_PWR_PVDCallback
                0x0000000008001160        0x2 Drivers/STM32F7xx_HAL_Driver/Src/stm32f7xx_hal_pwr.o
                0x0000000008001160                HAL_PWR_PVDCallback
 *fill*         0x0000000008001162        0x2 
 .text.HAL_PWR_PVD_IRQHandler
                0x0000000008001164       0x1c Drivers/STM32F7xx_HAL_Driver/Src/stm32f7xx_hal_pwr.o
                0x0000000008001164                HAL_PWR_PVD_IRQHandler
 .text.HAL_RCC_GetPCLK1Freq
                0x0000000008001180       0x20 Drivers/STM32F7xx_HAL_Driver/Src/stm32f7xx_hal_rcc.o
                0x0000000008001180                HAL_RCC_GetPCLK1Freq
 .text.HAL_RCC_GetClockConfig
                0x00000000080011a0       0x3c Drivers/STM32F7xx_HAL_Driver/Src/stm32f7xx_hal_rcc.o
                0x00000000080011a0                HAL_RCC_GetClockConfig
 .text.HAL_TIM_Base_MspInit
                0x00000000080011dc        0x2 Drivers/STM32F7xx_HAL_Driver/Src/stm32f7xx_hal_tim.o
                0x00000000080011dc                HAL_TIM_Base_MspInit
 *fill*         0x00000000080011de        0x2 
 .text.HAL_TIM_Base_Start_IT
                0x00000000080011e0       0x7c Drivers/STM32F7xx_HAL_Driver/Src/stm32f7xx_hal_tim.o
                0x00000000080011e0                HAL_TIM_Base_Start_IT
 .text.HAL_TIM_OC_DelayElapsedCallback
                0x000000000800125c        0x2 Drivers/STM32F7xx_HAL_Driver/Src/stm32f7xx_hal_tim.o
                0x000000000800125c                HAL_TIM_OC_DelayElapsedCallback
 .text.HAL_TIM_IC_CaptureCallback
                0x000000000800125e        0x2 Drivers/STM32F7xx_HAL_Driver/Src/stm32f7xx_hal_tim.o
                0x000000000800125e                HAL_TIM_IC_CaptureCallback
 .text.HAL_TIM_PWM_PulseFinishedCallback
                0x0000000008001260        0x2 Drivers/STM32F7xx_HAL_Driver/Src/stm32f7xx_hal_tim.o
                0x0000000008001260                HAL_TIM_PWM_PulseFinishedCallback
 .text.HAL_TIM_TriggerCallback
                0x0000000008001262        0x2 Drivers/STM32F7xx_HAL_Driver/Src/stm32f7xx_hal_tim.o
                0x0000000008001262                HAL_TIM_TriggerCallback
 .text.HAL_TIM_IRQHandler
                0x0000000008001264      0x160 Drivers/STM32F7xx_HAL_Driver/Src/stm32f7xx_hal_tim.o
                0x0000000008001264                HAL_TIM_IRQHandler
 .text.TIM_Base_SetConfig
                0x00000000080013c4       0xcc Drivers/STM32F7xx_HAL_Driver/Src/stm32f7xx_hal_tim.o
                0x00000000080013c4                TIM_Base_SetConfig
 .text.HAL_TIM_Base_Init
                0x0000000008001490       0x60 Drivers/STM32F7xx_HAL_Driver/Src/stm32f7xx_hal_tim.o
                0x0000000008001490                HAL_TIM_Base_Init
 .text.HAL_TIMEx_CommutCallback
                0x00000000080014f0        0x2 Drivers/STM32F7xx_HAL_Driver/Src/stm32f7xx_hal_tim_ex.o
                0x00000000080014f0                HAL_TIMEx_CommutCallback
 .text.HAL_TIMEx_BreakCallback
                0x00000000080014f2        0x2 Drivers/STM32F7xx_HAL_Driver/Src/stm32f7xx_hal_tim_ex.o
                0x00000000080014f2                HAL_TIMEx_BreakCallback
 .text.HAL_TIMEx_Break2Callback
                0x00000000080014f4        0x2 Drivers/STM32F7xx_HAL_Driver/Src/stm32f7xx_hal_tim_ex.o
                0x00000000080014f4                HAL_TIMEx_Break2Callback
 .text.LL_GPIO_Init
                0x00000000080014f6      0x140 Drivers/STM32F7xx_HAL_Driver/Src/stm32f7xx_ll_gpio.o
                0x00000000080014f6                LL_GPIO_Init
 *fill*         0x0000000008001636        0x2 
 .text.LL_RCC_HSI_IsReady
                0x0000000008001638       0x10 Drivers/STM32F7xx_HAL_Driver/Src/stm32f7xx_ll_rcc.o
 .text.LL_RCC_LSE_IsReady
                0x0000000008001648       0x10 Drivers/STM32F7xx_HAL_Driver/Src/stm32f7xx_ll_rcc.o
 .text.RCC_GetHCLKClockFreq
                0x0000000008001658       0x18 Drivers/STM32F7xx_HAL_Driver/Src/stm32f7xx_ll_rcc.o
                0x0000000008001658                RCC_GetHCLKClockFreq
 .text.RCC_GetPCLK1ClockFreq
                0x0000000008001670       0x18 Drivers/STM32F7xx_HAL_Driver/Src/stm32f7xx_ll_rcc.o
                0x0000000008001670                RCC_GetPCLK1ClockFreq
 .text.RCC_GetPCLK2ClockFreq
                0x0000000008001688       0x18 Drivers/STM32F7xx_HAL_Driver/Src/stm32f7xx_ll_rcc.o
                0x0000000008001688                RCC_GetPCLK2ClockFreq
 .text.RCC_PLL_GetFreqDomain_SYS
                0x00000000080016a0       0x40 Drivers/STM32F7xx_HAL_Driver/Src/stm32f7xx_ll_rcc.o
                0x00000000080016a0                RCC_PLL_GetFreqDomain_SYS
 .text.RCC_GetSystemClockFreq
                0x00000000080016e0       0x28 Drivers/STM32F7xx_HAL_Driver/Src/stm32f7xx_ll_rcc.o
                0x00000000080016e0                RCC_GetSystemClockFreq
 .text.LL_RCC_GetUSARTClockFreq
                0x0000000008001708       0xf0 Drivers/STM32F7xx_HAL_Driver/Src/stm32f7xx_ll_rcc.o
                0x0000000008001708                LL_RCC_GetUSARTClockFreq
 .text.LL_RCC_GetUARTClockFreq
                0x00000000080017f8       0xe8 Drivers/STM32F7xx_HAL_Driver/Src/stm32f7xx_ll_rcc.o
                0x00000000080017f8                LL_RCC_GetUARTClockFreq
 .text.LL_USART_Init
                0x00000000080018e0       0xfc Drivers/STM32F7xx_HAL_Driver/Src/stm32f7xx_ll_usart.o
                0x00000000080018e0                LL_USART_Init
 .text.LL_SetSystemCoreClock
                0x00000000080019dc        0xc Drivers/STM32F7xx_HAL_Driver/Src/stm32f7xx_ll_utils.o
                0x00000000080019dc                LL_SetSystemCoreClock
 .text.__libc_init_array
                0x00000000080019e8       0x48 e:/stm32cubemxide/stm32cubeide_1.5.0/stm32cubeide/plugins/com.st.stm32cube.ide.mcu.externaltools.gnu-tools-for-stm32.7-2018-q2-update.win32_1.5.0.202011040924/tools/bin/../lib/gcc/arm-none-eabi/7.3.1/../../../../arm-none-eabi/lib/thumb/v7e-m/fpv5/hard\libc_nano.a(lib_a-init.o)
                0x00000000080019e8                __libc_init_array
 .text.memset   0x0000000008001a30       0x10 e:/stm32cubemxide/stm32cubeide_1.5.0/stm32cubeide/plugins/com.st.stm32cube.ide.mcu.externaltools.gnu-tools-for-stm32.7-2018-q2-update.win32_1.5.0.202011040924/tools/bin/../lib/gcc/arm-none-eabi/7.3.1/../../../../arm-none-eabi/lib/thumb/v7e-m/fpv5/hard\libc_nano.a(lib_a-memset.o)
                0x0000000008001a30                memset
 *(.glue_7)
 .glue_7        0x0000000008001a40        0x0 linker stubs
 *(.glue_7t)
 .glue_7t       0x0000000008001a40        0x0 linker stubs
 *(.eh_frame)
 .eh_frame      0x0000000008001a40        0x0 e:/stm32cubemxide/stm32cubeide_1.5.0/stm32cubeide/plugins/com.st.stm32cube.ide.mcu.externaltools.gnu-tools-for-stm32.7-2018-q2-update.win32_1.5.0.202011040924/tools/bin/../lib/gcc/arm-none-eabi/7.3.1/thumb/v7e-m/fpv5/hard/crtbegin.o
 *(.init)
 .init          0x0000000008001a40        0x4 e:/stm32cubemxide/stm32cubeide_1.5.0/stm32cubeide/plugins/com.st.stm32cube.ide.mcu.externaltools.gnu-tools-for-stm32.7-2018-q2-update.win32_1.5.0.202011040924/tools/bin/../lib/gcc/arm-none-eabi/7.3.1/thumb/v7e-m/fpv5/hard/crti.o
                0x0000000008001a40                _init
 .init          0x0000000008001a44        0x8 e:/stm32cubemxide/stm32cubeide_1.5.0/stm32cubeide/plugins/com.st.stm32cube.ide.mcu.externaltools.gnu-tools-for-stm32.7-2018-q2-update.win32_1.5.0.202011040924/tools/bin/../lib/gcc/arm-none-eabi/7.3.1/thumb/v7e-m/fpv5/hard/crtn.o
 *(.fini)
 .fini          0x0000000008001a4c        0x4 e:/stm32cubemxide/stm32cubeide_1.5.0/stm32cubeide/plugins/com.st.stm32cube.ide.mcu.externaltools.gnu-tools-for-stm32.7-2018-q2-update.win32_1.5.0.202011040924/tools/bin/../lib/gcc/arm-none-eabi/7.3.1/thumb/v7e-m/fpv5/hard/crti.o
                0x0000000008001a4c                _fini
 .fini          0x0000000008001a50        0x8 e:/stm32cubemxide/stm32cubeide_1.5.0/stm32cubeide/plugins/com.st.stm32cube.ide.mcu.externaltools.gnu-tools-for-stm32.7-2018-q2-update.win32_1.5.0.202011040924/tools/bin/../lib/gcc/arm-none-eabi/7.3.1/thumb/v7e-m/fpv5/hard/crtn.o
                0x0000000008001a58                . = ALIGN (0x4)
                0x0000000008001a58                _etext = .

.vfp11_veneer   0x0000000008001a58        0x0
 .vfp11_veneer  0x0000000008001a58        0x0 linker stubs

.v4_bx          0x0000000008001a58        0x0
 .v4_bx         0x0000000008001a58        0x0 linker stubs

.iplt           0x0000000008001a58        0x0
 .iplt          0x0000000008001a58        0x0 e:/stm32cubemxide/stm32cubeide_1.5.0/stm32cubeide/plugins/com.st.stm32cube.ide.mcu.externaltools.gnu-tools-for-stm32.7-2018-q2-update.win32_1.5.0.202011040924/tools/bin/../lib/gcc/arm-none-eabi/7.3.1/thumb/v7e-m/fpv5/hard/crtbegin.o

.rodata         0x0000000008001a58       0x18
                0x0000000008001a58                . = ALIGN (0x4)
 *(.rodata)
 *(.rodata*)
 .rodata.AHBPrescTable
                0x0000000008001a58       0x10 Core/Src/system_stm32f7xx.o
                0x0000000008001a58                AHBPrescTable
 .rodata.APBPrescTable
                0x0000000008001a68        0x8 Core/Src/system_stm32f7xx.o
                0x0000000008001a68                APBPrescTable
                0x0000000008001a70                . = ALIGN (0x4)

.rel.dyn        0x0000000008001a70        0x0
 .rel.iplt      0x0000000008001a70        0x0 e:/stm32cubemxide/stm32cubeide_1.5.0/stm32cubeide/plugins/com.st.stm32cube.ide.mcu.externaltools.gnu-tools-for-stm32.7-2018-q2-update.win32_1.5.0.202011040924/tools/bin/../lib/gcc/arm-none-eabi/7.3.1/thumb/v7e-m/fpv5/hard/crtbegin.o

.ARM.extab      0x0000000008001a70        0x0
                0x0000000008001a70                . = ALIGN (0x4)
 *(.ARM.extab* .gnu.linkonce.armextab.*)
                0x0000000008001a70                . = ALIGN (0x4)

.ARM            0x0000000008001a70        0x0
                0x0000000008001a70                . = ALIGN (0x4)
                0x0000000008001a70                __exidx_start = .
 *(.ARM.exidx*)
                0x0000000008001a70                __exidx_end = .
                0x0000000008001a70                . = ALIGN (0x4)

.preinit_array  0x0000000008001a70        0x0
                0x0000000008001a70                . = ALIGN (0x4)
                0x0000000008001a70                PROVIDE (__preinit_array_start = .)
 *(.preinit_array*)
                0x0000000008001a70                PROVIDE (__preinit_array_end = .)
                0x0000000008001a70                . = ALIGN (0x4)

.init_array     0x0000000008001a70        0x4
                0x0000000008001a70                . = ALIGN (0x4)
                0x0000000008001a70                PROVIDE (__init_array_start = .)
 *(SORT_BY_NAME(.init_array.*))
 *(.init_array*)
 .init_array    0x0000000008001a70        0x4 e:/stm32cubemxide/stm32cubeide_1.5.0/stm32cubeide/plugins/com.st.stm32cube.ide.mcu.externaltools.gnu-tools-for-stm32.7-2018-q2-update.win32_1.5.0.202011040924/tools/bin/../lib/gcc/arm-none-eabi/7.3.1/thumb/v7e-m/fpv5/hard/crtbegin.o
                0x0000000008001a74                PROVIDE (__init_array_end = .)
                0x0000000008001a74                . = ALIGN (0x4)

.fini_array     0x0000000008001a74        0x4
                0x0000000008001a74                . = ALIGN (0x4)
                [!provide]                        PROVIDE (__fini_array_start = .)
 *(SORT_BY_NAME(.fini_array.*))
 *(.fini_array*)
 .fini_array    0x0000000008001a74        0x4 e:/stm32cubemxide/stm32cubeide_1.5.0/stm32cubeide/plugins/com.st.stm32cube.ide.mcu.externaltools.gnu-tools-for-stm32.7-2018-q2-update.win32_1.5.0.202011040924/tools/bin/../lib/gcc/arm-none-eabi/7.3.1/thumb/v7e-m/fpv5/hard/crtbegin.o
                [!provide]                        PROVIDE (__fini_array_end = .)
                0x0000000008001a78                . = ALIGN (0x4)
                0x0000000008001a78                _sidata = LOADADDR (.data)

.data           0x0000000020000000       0x10 load address 0x0000000008001a78
                0x0000000020000000                . = ALIGN (0x4)
                0x0000000020000000                _sdata = .
 *(.data)
 *(.data*)
 .data.testSend1
                0x0000000020000000        0x2 Core/Src/main.o
                0x0000000020000000                testSend1
 .data.testSend2
                0x0000000020000002        0x2 Core/Src/main.o
                0x0000000020000002                testSend2
 .data.testSend3
                0x0000000020000004        0x2 Core/Src/main.o
                0x0000000020000004                testSend3
 .data.testSend4
                0x0000000020000006        0x1 Core/Src/main.o
                0x0000000020000006                testSend4
 .data.Start_Flag.11339
                0x0000000020000007        0x1 Core/Src/mbotLinuxUsart.o
 .data.SystemCoreClock
                0x0000000020000008        0x4 Core/Src/system_stm32f7xx.o
                0x0000000020000008                SystemCoreClock
 .data.uwTickFreq
                0x000000002000000c        0x1 Drivers/STM32F7xx_HAL_Driver/Src/stm32f7xx_hal.o
                0x000000002000000c                uwTickFreq
 *(.RamFunc)
 *(.RamFunc*)
                0x0000000020000010                . = ALIGN (0x4)
 *fill*         0x000000002000000d        0x3 
                0x0000000020000010                _edata = .

.igot.plt       0x0000000020000010        0x0 load address 0x0000000008001a88
 .igot.plt      0x0000000020000010        0x0 e:/stm32cubemxide/stm32cubeide_1.5.0/stm32cubeide/plugins/com.st.stm32cube.ide.mcu.externaltools.gnu-tools-for-stm32.7-2018-q2-update.win32_1.5.0.202011040924/tools/bin/../lib/gcc/arm-none-eabi/7.3.1/thumb/v7e-m/fpv5/hard/crtbegin.o
                0x0000000020000010                . = ALIGN (0x4)

.bss            0x0000000020000010       0xc8 load address 0x0000000008001a88
                0x0000000020000010                _sbss = .
                0x0000000020000010                __bss_start__ = _sbss
 *(.bss)
 .bss           0x0000000020000010       0x1c e:/stm32cubemxide/stm32cubeide_1.5.0/stm32cubeide/plugins/com.st.stm32cube.ide.mcu.externaltools.gnu-tools-for-stm32.7-2018-q2-update.win32_1.5.0.202011040924/tools/bin/../lib/gcc/arm-none-eabi/7.3.1/thumb/v7e-m/fpv5/hard/crtbegin.o
 *(.bss*)
 .bss.testRece1
                0x000000002000002c        0x4 Core/Src/main.o
                0x000000002000002c                testRece1
 .bss.testRece2
                0x0000000020000030        0x4 Core/Src/main.o
                0x0000000020000030                testRece2
 .bss.testRece3
                0x0000000020000034        0x1 Core/Src/main.o
                0x0000000020000034                testRece3
 .bss.USARTBufferIndex.11335
                0x0000000020000035        0x1 Core/Src/mbotLinuxUsart.o
 .bss.USARTReceiverFront.11338
                0x0000000020000036        0x1 Core/Src/mbotLinuxUsart.o
 .bss.buf       0x0000000020000037        0xd Core/Src/mbotLinuxUsart.o
                0x0000000020000037                buf
 .bss.dataLength.11340
                0x0000000020000044        0x2 Core/Src/mbotLinuxUsart.o
 .bss.j.11336   0x0000000020000046        0x2 Core/Src/mbotLinuxUsart.o
 .bss.k.11337   0x0000000020000048        0x2 Core/Src/mbotLinuxUsart.o
 *fill*         0x000000002000004a        0x2 
 .bss.length.11368
                0x000000002000004c        0x4 Core/Src/mbotLinuxUsart.o
 .bss.receiveBuff
                0x0000000020000050       0x10 Core/Src/mbotLinuxUsart.o
                0x0000000020000050                receiveBuff
 *(COMMON)
 COMMON         0x0000000020000060        0xa Core/Src/mbotLinuxUsart.o
                0x0000000020000060                angleNow
                0x0000000020000062                rightVelNow
                0x0000000020000064                rightVelSet
                0x0000000020000066                leftVelSet
                0x0000000020000068                leftVelNow
 *fill*         0x000000002000006a        0x2 
 COMMON         0x000000002000006c       0x4c Core/Src/stm32f7xx_hal_timebase_tim.o
                0x000000002000006c                htim7
 COMMON         0x00000000200000b8        0x4 Drivers/STM32F7xx_HAL_Driver/Src/stm32f7xx_hal.o
                0x00000000200000b8                uwTick
 COMMON         0x00000000200000bc       0x1c Drivers/STM32F7xx_HAL_Driver/Src/stm32f7xx_hal_flash.o
                0x00000000200000bc                pFlash
                0x00000000200000d8                . = ALIGN (0x4)
                0x00000000200000d8                _ebss = .
                0x00000000200000d8                __bss_end__ = _ebss

._user_heap_stack
                0x00000000200000d8      0x600 load address 0x0000000008001a88
                0x00000000200000d8                . = ALIGN (0x8)
                [!provide]                        PROVIDE (end = .)
                0x00000000200000d8                PROVIDE (_end = .)
                0x00000000200002d8                . = (. + _Min_Heap_Size)
 *fill*         0x00000000200000d8      0x200 
                0x00000000200006d8                . = (. + _Min_Stack_Size)
 *fill*         0x00000000200002d8      0x400 
                0x00000000200006d8                . = ALIGN (0x8)

/DISCARD/
 libc.a(*)
 libm.a(*)
 libgcc.a(*)

.ARM.attributes
                0x0000000000000000       0x2e
 *(.ARM.attributes)
 .ARM.attributes
                0x0000000000000000       0x20 e:/stm32cubemxide/stm32cubeide_1.5.0/stm32cubeide/plugins/com.st.stm32cube.ide.mcu.externaltools.gnu-tools-for-stm32.7-2018-q2-update.win32_1.5.0.202011040924/tools/bin/../lib/gcc/arm-none-eabi/7.3.1/thumb/v7e-m/fpv5/hard/crti.o
 .ARM.attributes
                0x0000000000000020       0x32 e:/stm32cubemxide/stm32cubeide_1.5.0/stm32cubeide/plugins/com.st.stm32cube.ide.mcu.externaltools.gnu-tools-for-stm32.7-2018-q2-update.win32_1.5.0.202011040924/tools/bin/../lib/gcc/arm-none-eabi/7.3.1/thumb/v7e-m/fpv5/hard/crtbegin.o
 .ARM.attributes
                0x0000000000000052       0x37 Core/Src/dma.o
 .ARM.attributes
                0x0000000000000089       0x37 Core/Src/gpio.o
 .ARM.attributes
                0x00000000000000c0       0x37 Core/Src/main.o
 .ARM.attributes
                0x00000000000000f7       0x37 Core/Src/mbotLinuxUsart.o
 .ARM.attributes
                0x000000000000012e       0x37 Core/Src/stm32f7xx_hal_msp.o
 .ARM.attributes
                0x0000000000000165       0x37 Core/Src/stm32f7xx_hal_timebase_tim.o
 .ARM.attributes
                0x000000000000019c       0x37 Core/Src/stm32f7xx_it.o
 .ARM.attributes
                0x00000000000001d3       0x37 Core/Src/system_stm32f7xx.o
 .ARM.attributes
                0x000000000000020a       0x37 Core/Src/usart.o
 .ARM.attributes
                0x0000000000000241       0x21 Core/Startup/startup_stm32f767vitx.o
 .ARM.attributes
                0x0000000000000262       0x37 Drivers/STM32F7xx_HAL_Driver/Src/stm32f7xx_hal.o
 .ARM.attributes
                0x0000000000000299       0x37 Drivers/STM32F7xx_HAL_Driver/Src/stm32f7xx_hal_cortex.o
 .ARM.attributes
                0x00000000000002d0       0x37 Drivers/STM32F7xx_HAL_Driver/Src/stm32f7xx_hal_flash.o
 .ARM.attributes
                0x0000000000000307       0x37 Drivers/STM32F7xx_HAL_Driver/Src/stm32f7xx_hal_flash_ex.o
 .ARM.attributes
                0x000000000000033e       0x37 Drivers/STM32F7xx_HAL_Driver/Src/stm32f7xx_hal_pwr.o
 .ARM.attributes
                0x0000000000000375       0x37 Drivers/STM32F7xx_HAL_Driver/Src/stm32f7xx_hal_rcc.o
 .ARM.attributes
                0x00000000000003ac       0x37 Drivers/STM32F7xx_HAL_Driver/Src/stm32f7xx_hal_tim.o
 .ARM.attributes
                0x00000000000003e3       0x37 Drivers/STM32F7xx_HAL_Driver/Src/stm32f7xx_hal_tim_ex.o
 .ARM.attributes
                0x000000000000041a       0x37 Drivers/STM32F7xx_HAL_Driver/Src/stm32f7xx_ll_gpio.o
 .ARM.attributes
                0x0000000000000451       0x37 Drivers/STM32F7xx_HAL_Driver/Src/stm32f7xx_ll_rcc.o
 .ARM.attributes
                0x0000000000000488       0x37 Drivers/STM32F7xx_HAL_Driver/Src/stm32f7xx_ll_usart.o
 .ARM.attributes
                0x00000000000004bf       0x37 Drivers/STM32F7xx_HAL_Driver/Src/stm32f7xx_ll_utils.o
 .ARM.attributes
                0x00000000000004f6       0x32 e:/stm32cubemxide/stm32cubeide_1.5.0/stm32cubeide/plugins/com.st.stm32cube.ide.mcu.externaltools.gnu-tools-for-stm32.7-2018-q2-update.win32_1.5.0.202011040924/tools/bin/../lib/gcc/arm-none-eabi/7.3.1/../../../../arm-none-eabi/lib/thumb/v7e-m/fpv5/hard\libc_nano.a(lib_a-init.o)
 .ARM.attributes
                0x0000000000000528       0x32 e:/stm32cubemxide/stm32cubeide_1.5.0/stm32cubeide/plugins/com.st.stm32cube.ide.mcu.externaltools.gnu-tools-for-stm32.7-2018-q2-update.win32_1.5.0.202011040924/tools/bin/../lib/gcc/arm-none-eabi/7.3.1/../../../../arm-none-eabi/lib/thumb/v7e-m/fpv5/hard\libc_nano.a(lib_a-memset.o)
 .ARM.attributes
                0x000000000000055a       0x20 e:/stm32cubemxide/stm32cubeide_1.5.0/stm32cubeide/plugins/com.st.stm32cube.ide.mcu.externaltools.gnu-tools-for-stm32.7-2018-q2-update.win32_1.5.0.202011040924/tools/bin/../lib/gcc/arm-none-eabi/7.3.1/thumb/v7e-m/fpv5/hard/crtn.o
OUTPUT(SerialCommunication.elf elf32-littlearm)

.debug_info     0x0000000000000000    0x13b12
 .debug_info    0x0000000000000000      0xcfa Core/Src/dma.o
 .debug_info    0x0000000000000cfa      0xd2e Core/Src/gpio.o
 .debug_info    0x0000000000001a28      0xfeb Core/Src/main.o
 .debug_info    0x0000000000002a13      0x5e4 Core/Src/mbotLinuxUsart.o
 .debug_info    0x0000000000002ff7      0x778 Core/Src/stm32f7xx_hal_msp.o
 .debug_info    0x000000000000376f      0xdbe Core/Src/stm32f7xx_hal_timebase_tim.o
 .debug_info    0x000000000000452d      0x89a Core/Src/stm32f7xx_it.o
 .debug_info    0x0000000000004dc7      0x73e Core/Src/system_stm32f7xx.o
 .debug_info    0x0000000000005505     0x1609 Core/Src/usart.o
 .debug_info    0x0000000000006b0e      0xb16 Drivers/STM32F7xx_HAL_Driver/Src/stm32f7xx_hal.o
 .debug_info    0x0000000000007624     0x11e8 Drivers/STM32F7xx_HAL_Driver/Src/stm32f7xx_hal_cortex.o
 .debug_info    0x000000000000880c      0x808 Drivers/STM32F7xx_HAL_Driver/Src/stm32f7xx_hal_flash.o
 .debug_info    0x0000000000009014      0xa7a Drivers/STM32F7xx_HAL_Driver/Src/stm32f7xx_hal_flash_ex.o
 .debug_info    0x0000000000009a8e      0x9c0 Drivers/STM32F7xx_HAL_Driver/Src/stm32f7xx_hal_pwr.o
 .debug_info    0x000000000000a44e      0xba8 Drivers/STM32F7xx_HAL_Driver/Src/stm32f7xx_hal_rcc.o
 .debug_info    0x000000000000aff6     0x3bf2 Drivers/STM32F7xx_HAL_Driver/Src/stm32f7xx_hal_tim.o
 .debug_info    0x000000000000ebe8     0x1903 Drivers/STM32F7xx_HAL_Driver/Src/stm32f7xx_hal_tim_ex.o
 .debug_info    0x00000000000104eb      0xaad Drivers/STM32F7xx_HAL_Driver/Src/stm32f7xx_ll_gpio.o
 .debug_info    0x0000000000010f98     0x14a5 Drivers/STM32F7xx_HAL_Driver/Src/stm32f7xx_ll_rcc.o
 .debug_info    0x000000000001243d      0xa4f Drivers/STM32F7xx_HAL_Driver/Src/stm32f7xx_ll_usart.o
 .debug_info    0x0000000000012e8c      0xc86 Drivers/STM32F7xx_HAL_Driver/Src/stm32f7xx_ll_utils.o

.debug_abbrev   0x0000000000000000     0x31ce
 .debug_abbrev  0x0000000000000000      0x20f Core/Src/dma.o
 .debug_abbrev  0x000000000000020f      0x1ac Core/Src/gpio.o
 .debug_abbrev  0x00000000000003bb      0x2bd Core/Src/main.o
 .debug_abbrev  0x0000000000000678      0x246 Core/Src/mbotLinuxUsart.o
 .debug_abbrev  0x00000000000008be      0x14d Core/Src/stm32f7xx_hal_msp.o
 .debug_abbrev  0x0000000000000a0b      0x1eb Core/Src/stm32f7xx_hal_timebase_tim.o
 .debug_abbrev  0x0000000000000bf6      0x1e0 Core/Src/stm32f7xx_it.o
 .debug_abbrev  0x0000000000000dd6      0x144 Core/Src/system_stm32f7xx.o
 .debug_abbrev  0x0000000000000f1a      0x272 Core/Src/usart.o
 .debug_abbrev  0x000000000000118c      0x23d Drivers/STM32F7xx_HAL_Driver/Src/stm32f7xx_hal.o
 .debug_abbrev  0x00000000000013c9      0x325 Drivers/STM32F7xx_HAL_Driver/Src/stm32f7xx_hal_cortex.o
 .debug_abbrev  0x00000000000016ee      0x300 Drivers/STM32F7xx_HAL_Driver/Src/stm32f7xx_hal_flash.o
 .debug_abbrev  0x00000000000019ee      0x2c6 Drivers/STM32F7xx_HAL_Driver/Src/stm32f7xx_hal_flash_ex.o
 .debug_abbrev  0x0000000000001cb4      0x1b5 Drivers/STM32F7xx_HAL_Driver/Src/stm32f7xx_hal_pwr.o
 .debug_abbrev  0x0000000000001e69      0x2d8 Drivers/STM32F7xx_HAL_Driver/Src/stm32f7xx_hal_rcc.o
 .debug_abbrev  0x0000000000002141      0x33e Drivers/STM32F7xx_HAL_Driver/Src/stm32f7xx_hal_tim.o
 .debug_abbrev  0x000000000000247f      0x2be Drivers/STM32F7xx_HAL_Driver/Src/stm32f7xx_hal_tim_ex.o
 .debug_abbrev  0x000000000000273d      0x27b Drivers/STM32F7xx_HAL_Driver/Src/stm32f7xx_ll_gpio.o
 .debug_abbrev  0x00000000000029b8      0x2b3 Drivers/STM32F7xx_HAL_Driver/Src/stm32f7xx_ll_rcc.o
 .debug_abbrev  0x0000000000002c6b      0x260 Drivers/STM32F7xx_HAL_Driver/Src/stm32f7xx_ll_usart.o
 .debug_abbrev  0x0000000000002ecb      0x303 Drivers/STM32F7xx_HAL_Driver/Src/stm32f7xx_ll_utils.o

.debug_loc      0x0000000000000000     0x8873
 .debug_loc     0x0000000000000000       0xe7 Core/Src/dma.o
 .debug_loc     0x00000000000000e7       0x21 Core/Src/gpio.o
 .debug_loc     0x0000000000000108      0x12c Core/Src/main.o
 .debug_loc     0x0000000000000234      0x3b9 Core/Src/mbotLinuxUsart.o
 .debug_loc     0x00000000000005ed       0xa5 Core/Src/stm32f7xx_hal_timebase_tim.o
 .debug_loc     0x0000000000000692      0x11c Core/Src/system_stm32f7xx.o
 .debug_loc     0x00000000000007ae      0x578 Core/Src/usart.o
 .debug_loc     0x0000000000000d26      0x115 Drivers/STM32F7xx_HAL_Driver/Src/stm32f7xx_hal.o
 .debug_loc     0x0000000000000e3b      0x55a Drivers/STM32F7xx_HAL_Driver/Src/stm32f7xx_hal_cortex.o
 .debug_loc     0x0000000000001395      0x28f Drivers/STM32F7xx_HAL_Driver/Src/stm32f7xx_hal_flash.o
 .debug_loc     0x0000000000001624      0x5ad Drivers/STM32F7xx_HAL_Driver/Src/stm32f7xx_hal_flash_ex.o
 .debug_loc     0x0000000000001bd1       0xae Drivers/STM32F7xx_HAL_Driver/Src/stm32f7xx_hal_pwr.o
 .debug_loc     0x0000000000001c7f      0x40a Drivers/STM32F7xx_HAL_Driver/Src/stm32f7xx_hal_rcc.o
 .debug_loc     0x0000000000002089     0x3c4f Drivers/STM32F7xx_HAL_Driver/Src/stm32f7xx_hal_tim.o
 .debug_loc     0x0000000000005cd8     0x1270 Drivers/STM32F7xx_HAL_Driver/Src/stm32f7xx_hal_tim_ex.o
 .debug_loc     0x0000000000006f48      0x44e Drivers/STM32F7xx_HAL_Driver/Src/stm32f7xx_ll_gpio.o
 .debug_loc     0x0000000000007396      0x974 Drivers/STM32F7xx_HAL_Driver/Src/stm32f7xx_ll_rcc.o
 .debug_loc     0x0000000000007d0a      0x572 Drivers/STM32F7xx_HAL_Driver/Src/stm32f7xx_ll_usart.o
 .debug_loc     0x000000000000827c      0x5f7 Drivers/STM32F7xx_HAL_Driver/Src/stm32f7xx_ll_utils.o

.debug_aranges  0x0000000000000000      0xb28
 .debug_aranges
                0x0000000000000000       0x28 Core/Src/dma.o
 .debug_aranges
                0x0000000000000028       0x28 Core/Src/gpio.o
 .debug_aranges
                0x0000000000000050       0x40 Core/Src/main.o
 .debug_aranges
                0x0000000000000090       0x38 Core/Src/mbotLinuxUsart.o
 .debug_aranges
                0x00000000000000c8       0x20 Core/Src/stm32f7xx_hal_msp.o
 .debug_aranges
                0x00000000000000e8       0x30 Core/Src/stm32f7xx_hal_timebase_tim.o
 .debug_aranges
                0x0000000000000118       0x60 Core/Src/stm32f7xx_it.o
 .debug_aranges
                0x0000000000000178       0x28 Core/Src/system_stm32f7xx.o
 .debug_aranges
                0x00000000000001a0       0x20 Core/Src/usart.o
 .debug_aranges
                0x00000000000001c0      0x108 Drivers/STM32F7xx_HAL_Driver/Src/stm32f7xx_hal.o
 .debug_aranges
                0x00000000000002c8       0xa8 Drivers/STM32F7xx_HAL_Driver/Src/stm32f7xx_hal_cortex.o
 .debug_aranges
                0x0000000000000370       0x98 Drivers/STM32F7xx_HAL_Driver/Src/stm32f7xx_hal_flash.o
 .debug_aranges
                0x0000000000000408       0x48 Drivers/STM32F7xx_HAL_Driver/Src/stm32f7xx_hal_flash_ex.o
 .debug_aranges
                0x0000000000000450       0xa0 Drivers/STM32F7xx_HAL_Driver/Src/stm32f7xx_hal_pwr.o
 .debug_aranges
                0x00000000000004f0       0x88 Drivers/STM32F7xx_HAL_Driver/Src/stm32f7xx_hal_rcc.o
 .debug_aranges
                0x0000000000000578      0x2a8 Drivers/STM32F7xx_HAL_Driver/Src/stm32f7xx_hal_tim.o
 .debug_aranges
                0x0000000000000820      0x128 Drivers/STM32F7xx_HAL_Driver/Src/stm32f7xx_hal_tim_ex.o
 .debug_aranges
                0x0000000000000948       0x40 Drivers/STM32F7xx_HAL_Driver/Src/stm32f7xx_ll_gpio.o
 .debug_aranges
                0x0000000000000988      0x108 Drivers/STM32F7xx_HAL_Driver/Src/stm32f7xx_ll_rcc.o
 .debug_aranges
                0x0000000000000a90       0x40 Drivers/STM32F7xx_HAL_Driver/Src/stm32f7xx_ll_usart.o
 .debug_aranges
                0x0000000000000ad0       0x58 Drivers/STM32F7xx_HAL_Driver/Src/stm32f7xx_ll_utils.o

.debug_ranges   0x0000000000000000     0x1490
 .debug_ranges  0x0000000000000000       0x98 Core/Src/dma.o
 .debug_ranges  0x0000000000000098       0x18 Core/Src/gpio.o
 .debug_ranges  0x00000000000000b0       0x90 Core/Src/main.o
 .debug_ranges  0x0000000000000140       0x40 Core/Src/mbotLinuxUsart.o
 .debug_ranges  0x0000000000000180       0x48 Core/Src/stm32f7xx_hal_msp.o
 .debug_ranges  0x00000000000001c8       0x40 Core/Src/stm32f7xx_hal_timebase_tim.o
 .debug_ranges  0x0000000000000208       0x50 Core/Src/stm32f7xx_it.o
 .debug_ranges  0x0000000000000258       0x18 Core/Src/system_stm32f7xx.o
 .debug_ranges  0x0000000000000270       0xb8 Core/Src/usart.o
 .debug_ranges  0x0000000000000328       0xf8 Drivers/STM32F7xx_HAL_Driver/Src/stm32f7xx_hal.o
 .debug_ranges  0x0000000000000420      0x150 Drivers/STM32F7xx_HAL_Driver/Src/stm32f7xx_hal_cortex.o
 .debug_ranges  0x0000000000000570       0x88 Drivers/STM32F7xx_HAL_Driver/Src/stm32f7xx_hal_flash.o
 .debug_ranges  0x00000000000005f8       0xe8 Drivers/STM32F7xx_HAL_Driver/Src/stm32f7xx_hal_flash_ex.o
 .debug_ranges  0x00000000000006e0       0x90 Drivers/STM32F7xx_HAL_Driver/Src/stm32f7xx_hal_pwr.o
 .debug_ranges  0x0000000000000770       0xe8 Drivers/STM32F7xx_HAL_Driver/Src/stm32f7xx_hal_rcc.o
 .debug_ranges  0x0000000000000858      0x3c0 Drivers/STM32F7xx_HAL_Driver/Src/stm32f7xx_hal_tim.o
 .debug_ranges  0x0000000000000c18      0x118 Drivers/STM32F7xx_HAL_Driver/Src/stm32f7xx_hal_tim_ex.o
 .debug_ranges  0x0000000000000d30       0x80 Drivers/STM32F7xx_HAL_Driver/Src/stm32f7xx_ll_gpio.o
 .debug_ranges  0x0000000000000db0      0x540 Drivers/STM32F7xx_HAL_Driver/Src/stm32f7xx_ll_rcc.o
 .debug_ranges  0x00000000000012f0       0xc8 Drivers/STM32F7xx_HAL_Driver/Src/stm32f7xx_ll_usart.o
 .debug_ranges  0x00000000000013b8       0xd8 Drivers/STM32F7xx_HAL_Driver/Src/stm32f7xx_ll_utils.o

.debug_line     0x0000000000000000     0x8641
 .debug_line    0x0000000000000000      0x34e Core/Src/dma.o
 .debug_line    0x000000000000034e      0x4b8 Core/Src/gpio.o
 .debug_line    0x0000000000000806      0x4b6 Core/Src/main.o
 .debug_line    0x0000000000000cbc      0x3ae Core/Src/mbotLinuxUsart.o
 .debug_line    0x000000000000106a      0x2fe Core/Src/stm32f7xx_hal_msp.o
 .debug_line    0x0000000000001368      0x36a Core/Src/stm32f7xx_hal_timebase_tim.o
 .debug_line    0x00000000000016d2      0x3c5 Core/Src/stm32f7xx_it.o
 .debug_line    0x0000000000001a97      0x2d0 Core/Src/system_stm32f7xx.o
 .debug_line    0x0000000000001d67      0x407 Core/Src/usart.o
 .debug_line    0x000000000000216e      0x51c Drivers/STM32F7xx_HAL_Driver/Src/stm32f7xx_hal.o
 .debug_line    0x000000000000268a      0x579 Drivers/STM32F7xx_HAL_Driver/Src/stm32f7xx_hal_cortex.o
 .debug_line    0x0000000000002c03      0x55f Drivers/STM32F7xx_HAL_Driver/Src/stm32f7xx_hal_flash.o
 .debug_line    0x0000000000003162      0x515 Drivers/STM32F7xx_HAL_Driver/Src/stm32f7xx_hal_flash_ex.o
 .debug_line    0x0000000000003677      0x457 Drivers/STM32F7xx_HAL_Driver/Src/stm32f7xx_hal_pwr.o
 .debug_line    0x0000000000003ace      0x6a5 Drivers/STM32F7xx_HAL_Driver/Src/stm32f7xx_hal_rcc.o
 .debug_line    0x0000000000004173     0x1e44 Drivers/STM32F7xx_HAL_Driver/Src/stm32f7xx_hal_tim.o
 .debug_line    0x0000000000005fb7      0xd11 Drivers/STM32F7xx_HAL_Driver/Src/stm32f7xx_hal_tim_ex.o
 .debug_line    0x0000000000006cc8      0x470 Drivers/STM32F7xx_HAL_Driver/Src/stm32f7xx_ll_gpio.o
 .debug_line    0x0000000000007138      0xb3e Drivers/STM32F7xx_HAL_Driver/Src/stm32f7xx_ll_rcc.o
 .debug_line    0x0000000000007c76      0x485 Drivers/STM32F7xx_HAL_Driver/Src/stm32f7xx_ll_usart.o
 .debug_line    0x00000000000080fb      0x546 Drivers/STM32F7xx_HAL_Driver/Src/stm32f7xx_ll_utils.o

.debug_str      0x0000000000000000     0x4ed5
 .debug_str     0x0000000000000000      0xbf3 Core/Src/dma.o
                                        0xc76 (size before relaxing)
 .debug_str     0x0000000000000bf3       0x9e Core/Src/gpio.o
                                        0x4c6 (size before relaxing)
 .debug_str     0x0000000000000c91      0x834 Core/Src/main.o
                                        0xccd (size before relaxing)
 .debug_str     0x00000000000014c5      0x16e Core/Src/mbotLinuxUsart.o
                                        0x47d (size before relaxing)
 .debug_str     0x0000000000001633       0x54 Core/Src/stm32f7xx_hal_msp.o
                                        0xa78 (size before relaxing)
 .debug_str     0x0000000000001687      0x147 Core/Src/stm32f7xx_hal_timebase_tim.o
                                       0x10fd (size before relaxing)
 .debug_str     0x00000000000017ce      0x148 Core/Src/stm32f7xx_it.o
                                        0x996 (size before relaxing)
 .debug_str     0x0000000000001916       0x5b Core/Src/system_stm32f7xx.o
                                        0x52a (size before relaxing)
 .debug_str     0x0000000000001971      0x218 Core/Src/usart.o
                                        0xfa0 (size before relaxing)
 .debug_str     0x0000000000001b89      0x2f9 Drivers/STM32F7xx_HAL_Driver/Src/stm32f7xx_hal.o
                                        0xdad (size before relaxing)
 .debug_str     0x0000000000001e82      0x367 Drivers/STM32F7xx_HAL_Driver/Src/stm32f7xx_hal_cortex.o
                                        0xf34 (size before relaxing)
 .debug_str     0x00000000000021e9      0x284 Drivers/STM32F7xx_HAL_Driver/Src/stm32f7xx_hal_flash.o
                                        0x62e (size before relaxing)
 .debug_str     0x000000000000246d      0x2c0 Drivers/STM32F7xx_HAL_Driver/Src/stm32f7xx_hal_flash_ex.o
                                        0x6f7 (size before relaxing)
 .debug_str     0x000000000000272d      0x21e Drivers/STM32F7xx_HAL_Driver/Src/stm32f7xx_hal_pwr.o
                                        0x738 (size before relaxing)
 .debug_str     0x000000000000294b      0x242 Drivers/STM32F7xx_HAL_Driver/Src/stm32f7xx_hal_rcc.o
                                        0x7ea (size before relaxing)
 .debug_str     0x0000000000002b8d      0xf0d Drivers/STM32F7xx_HAL_Driver/Src/stm32f7xx_hal_tim.o
                                       0x1845 (size before relaxing)
 .debug_str     0x0000000000003a9a      0x690 Drivers/STM32F7xx_HAL_Driver/Src/stm32f7xx_hal_tim_ex.o
                                       0x1140 (size before relaxing)
 .debug_str     0x000000000000412a      0x13e Drivers/STM32F7xx_HAL_Driver/Src/stm32f7xx_ll_gpio.o
                                        0x5a1 (size before relaxing)
 .debug_str     0x0000000000004268      0x869 Drivers/STM32F7xx_HAL_Driver/Src/stm32f7xx_ll_rcc.o
                                        0xcba (size before relaxing)
 .debug_str     0x0000000000004ad1      0x1e0 Drivers/STM32F7xx_HAL_Driver/Src/stm32f7xx_ll_usart.o
                                        0x6d1 (size before relaxing)
 .debug_str     0x0000000000004cb1      0x224 Drivers/STM32F7xx_HAL_Driver/Src/stm32f7xx_ll_utils.o
                                        0x858 (size before relaxing)

.comment        0x0000000000000000       0x7b
 .comment       0x0000000000000000       0x7b Core/Src/dma.o
                                         0x7c (size before relaxing)
 .comment       0x000000000000007b       0x7c Core/Src/gpio.o
 .comment       0x000000000000007b       0x7c Core/Src/main.o
 .comment       0x000000000000007b       0x7c Core/Src/mbotLinuxUsart.o
 .comment       0x000000000000007b       0x7c Core/Src/stm32f7xx_hal_msp.o
 .comment       0x000000000000007b       0x7c Core/Src/stm32f7xx_hal_timebase_tim.o
 .comment       0x000000000000007b       0x7c Core/Src/stm32f7xx_it.o
 .comment       0x000000000000007b       0x7c Core/Src/system_stm32f7xx.o
 .comment       0x000000000000007b       0x7c Core/Src/usart.o
 .comment       0x000000000000007b       0x7c Drivers/STM32F7xx_HAL_Driver/Src/stm32f7xx_hal.o
 .comment       0x000000000000007b       0x7c Drivers/STM32F7xx_HAL_Driver/Src/stm32f7xx_hal_cortex.o
 .comment       0x000000000000007b       0x7c Drivers/STM32F7xx_HAL_Driver/Src/stm32f7xx_hal_flash.o
 .comment       0x000000000000007b       0x7c Drivers/STM32F7xx_HAL_Driver/Src/stm32f7xx_hal_flash_ex.o
 .comment       0x000000000000007b       0x7c Drivers/STM32F7xx_HAL_Driver/Src/stm32f7xx_hal_pwr.o
 .comment       0x000000000000007b       0x7c Drivers/STM32F7xx_HAL_Driver/Src/stm32f7xx_hal_rcc.o
 .comment       0x000000000000007b       0x7c Drivers/STM32F7xx_HAL_Driver/Src/stm32f7xx_hal_tim.o
 .comment       0x000000000000007b       0x7c Drivers/STM32F7xx_HAL_Driver/Src/stm32f7xx_hal_tim_ex.o
 .comment       0x000000000000007b       0x7c Drivers/STM32F7xx_HAL_Driver/Src/stm32f7xx_ll_gpio.o
 .comment       0x000000000000007b       0x7c Drivers/STM32F7xx_HAL_Driver/Src/stm32f7xx_ll_rcc.o
 .comment       0x000000000000007b       0x7c Drivers/STM32F7xx_HAL_Driver/Src/stm32f7xx_ll_usart.o
 .comment       0x000000000000007b       0x7c Drivers/STM32F7xx_HAL_Driver/Src/stm32f7xx_ll_utils.o

.debug_frame    0x0000000000000000     0x1ed0
 .debug_frame   0x0000000000000000       0x3c Core/Src/dma.o
 .debug_frame   0x000000000000003c       0x58 Core/Src/gpio.o
 .debug_frame   0x0000000000000094       0x70 Core/Src/main.o
 .debug_frame   0x0000000000000104       0x88 Core/Src/mbotLinuxUsart.o
 .debug_frame   0x000000000000018c       0x2c Core/Src/stm32f7xx_hal_msp.o
 .debug_frame   0x00000000000001b8       0x50 Core/Src/stm32f7xx_hal_timebase_tim.o
 .debug_frame   0x0000000000000208      0x110 Core/Src/stm32f7xx_it.o
 .debug_frame   0x0000000000000318       0x38 Core/Src/system_stm32f7xx.o
 .debug_frame   0x0000000000000350       0x34 Core/Src/usart.o
 .debug_frame   0x0000000000000384      0x234 Drivers/STM32F7xx_HAL_Driver/Src/stm32f7xx_hal.o
 .debug_frame   0x00000000000005b8      0x158 Drivers/STM32F7xx_HAL_Driver/Src/stm32f7xx_hal_cortex.o
 .debug_frame   0x0000000000000710      0x15c Drivers/STM32F7xx_HAL_Driver/Src/stm32f7xx_hal_flash.o
 .debug_frame   0x000000000000086c       0x98 Drivers/STM32F7xx_HAL_Driver/Src/stm32f7xx_hal_flash_ex.o
 .debug_frame   0x0000000000000904      0x130 Drivers/STM32F7xx_HAL_Driver/Src/stm32f7xx_hal_pwr.o
 .debug_frame   0x0000000000000a34      0x148 Drivers/STM32F7xx_HAL_Driver/Src/stm32f7xx_hal_rcc.o
 .debug_frame   0x0000000000000b7c      0xa14 Drivers/STM32F7xx_HAL_Driver/Src/stm32f7xx_hal_tim.o
 .debug_frame   0x0000000000001590      0x418 Drivers/STM32F7xx_HAL_Driver/Src/stm32f7xx_hal_tim_ex.o
 .debug_frame   0x00000000000019a8       0x80 Drivers/STM32F7xx_HAL_Driver/Src/stm32f7xx_ll_gpio.o
 .debug_frame   0x0000000000001a28      0x304 Drivers/STM32F7xx_HAL_Driver/Src/stm32f7xx_ll_rcc.o
 .debug_frame   0x0000000000001d2c       0x78 Drivers/STM32F7xx_HAL_Driver/Src/stm32f7xx_ll_usart.o
 .debug_frame   0x0000000000001da4       0xe0 Drivers/STM32F7xx_HAL_Driver/Src/stm32f7xx_ll_utils.o
 .debug_frame   0x0000000000001e84       0x2c e:/stm32cubemxide/stm32cubeide_1.5.0/stm32cubeide/plugins/com.st.stm32cube.ide.mcu.externaltools.gnu-tools-for-stm32.7-2018-q2-update.win32_1.5.0.202011040924/tools/bin/../lib/gcc/arm-none-eabi/7.3.1/../../../../arm-none-eabi/lib/thumb/v7e-m/fpv5/hard\libc_nano.a(lib_a-init.o)
 .debug_frame   0x0000000000001eb0       0x20 e:/stm32cubemxide/stm32cubeide_1.5.0/stm32cubeide/plugins/com.st.stm32cube.ide.mcu.externaltools.gnu-tools-for-stm32.7-2018-q2-update.win32_1.5.0.202011040924/tools/bin/../lib/gcc/arm-none-eabi/7.3.1/../../../../arm-none-eabi/lib/thumb/v7e-m/fpv5/hard\libc_nano.a(lib_a-memset.o)
