Archive member included to satisfy reference by file (symbol)

d:/my_software/stm32_cubeide_/stm32/stm32cubeide_1.5.0/stm32cubeide/plugins/com.st.stm32cube.ide.mcu.externaltools.gnu-tools-for-stm32.7-2018-q2-update.win32_1.5.0.202011040924/tools/bin/../lib/gcc/arm-none-eabi/7.3.1/../../../../arm-none-eabi/lib/thumb/v7e-m/fpv5/hard\libc_nano.a(lib_a-errno.o)
                              Core/Src/syscalls.o (__errno)
d:/my_software/stm32_cubeide_/stm32/stm32cubeide_1.5.0/stm32cubeide/plugins/com.st.stm32cube.ide.mcu.externaltools.gnu-tools-for-stm32.7-2018-q2-update.win32_1.5.0.202011040924/tools/bin/../lib/gcc/arm-none-eabi/7.3.1/../../../../arm-none-eabi/lib/thumb/v7e-m/fpv5/hard\libc_nano.a(lib_a-exit.o)
                              d:/my_software/stm32_cubeide_/stm32/stm32cubeide_1.5.0/stm32cubeide/plugins/com.st.stm32cube.ide.mcu.externaltools.gnu-tools-for-stm32.7-2018-q2-update.win32_1.5.0.202011040924/tools/bin/../lib/gcc/arm-none-eabi/7.3.1/../../../../arm-none-eabi/lib/thumb/v7e-m/fpv5/hard/crt0.o (exit)
d:/my_software/stm32_cubeide_/stm32/stm32cubeide_1.5.0/stm32cubeide/plugins/com.st.stm32cube.ide.mcu.externaltools.gnu-tools-for-stm32.7-2018-q2-update.win32_1.5.0.202011040924/tools/bin/../lib/gcc/arm-none-eabi/7.3.1/../../../../arm-none-eabi/lib/thumb/v7e-m/fpv5/hard\libc_nano.a(lib_a-impure.o)
                              d:/my_software/stm32_cubeide_/stm32/stm32cubeide_1.5.0/stm32cubeide/plugins/com.st.stm32cube.ide.mcu.externaltools.gnu-tools-for-stm32.7-2018-q2-update.win32_1.5.0.202011040924/tools/bin/../lib/gcc/arm-none-eabi/7.3.1/../../../../arm-none-eabi/lib/thumb/v7e-m/fpv5/hard\libc_nano.a(lib_a-exit.o) (_global_impure_ptr)
d:/my_software/stm32_cubeide_/stm32/stm32cubeide_1.5.0/stm32cubeide/plugins/com.st.stm32cube.ide.mcu.externaltools.gnu-tools-for-stm32.7-2018-q2-update.win32_1.5.0.202011040924/tools/bin/../lib/gcc/arm-none-eabi/7.3.1/../../../../arm-none-eabi/lib/thumb/v7e-m/fpv5/hard\libc_nano.a(lib_a-init.o)
                              d:/my_software/stm32_cubeide_/stm32/stm32cubeide_1.5.0/stm32cubeide/plugins/com.st.stm32cube.ide.mcu.externaltools.gnu-tools-for-stm32.7-2018-q2-update.win32_1.5.0.202011040924/tools/bin/../lib/gcc/arm-none-eabi/7.3.1/../../../../arm-none-eabi/lib/thumb/v7e-m/fpv5/hard/crt0.o (__libc_init_array)
d:/my_software/stm32_cubeide_/stm32/stm32cubeide_1.5.0/stm32cubeide/plugins/com.st.stm32cube.ide.mcu.externaltools.gnu-tools-for-stm32.7-2018-q2-update.win32_1.5.0.202011040924/tools/bin/../lib/gcc/arm-none-eabi/7.3.1/../../../../arm-none-eabi/lib/thumb/v7e-m/fpv5/hard\libc_nano.a(lib_a-memset.o)
                              d:/my_software/stm32_cubeide_/stm32/stm32cubeide_1.5.0/stm32cubeide/plugins/com.st.stm32cube.ide.mcu.externaltools.gnu-tools-for-stm32.7-2018-q2-update.win32_1.5.0.202011040924/tools/bin/../lib/gcc/arm-none-eabi/7.3.1/../../../../arm-none-eabi/lib/thumb/v7e-m/fpv5/hard/crt0.o (memset)
d:/my_software/stm32_cubeide_/stm32/stm32cubeide_1.5.0/stm32cubeide/plugins/com.st.stm32cube.ide.mcu.externaltools.gnu-tools-for-stm32.7-2018-q2-update.win32_1.5.0.202011040924/tools/bin/../lib/gcc/arm-none-eabi/7.3.1/thumb/v7e-m/fpv5/hard\libgcc.a(_aeabi_ldivmod.o)
                              Drivers/STM32F7xx_HAL_Driver/Src/stm32f7xx_hal_rcc.o (__aeabi_ldivmod)
d:/my_software/stm32_cubeide_/stm32/stm32cubeide_1.5.0/stm32cubeide/plugins/com.st.stm32cube.ide.mcu.externaltools.gnu-tools-for-stm32.7-2018-q2-update.win32_1.5.0.202011040924/tools/bin/../lib/gcc/arm-none-eabi/7.3.1/thumb/v7e-m/fpv5/hard\libgcc.a(_aeabi_uldivmod.o)
                              Drivers/STM32F7xx_HAL_Driver/Src/stm32f7xx_hal_rcc.o (__aeabi_uldivmod)
d:/my_software/stm32_cubeide_/stm32/stm32cubeide_1.5.0/stm32cubeide/plugins/com.st.stm32cube.ide.mcu.externaltools.gnu-tools-for-stm32.7-2018-q2-update.win32_1.5.0.202011040924/tools/bin/../lib/gcc/arm-none-eabi/7.3.1/thumb/v7e-m/fpv5/hard\libgcc.a(_udivmoddi4.o)
                              d:/my_software/stm32_cubeide_/stm32/stm32cubeide_1.5.0/stm32cubeide/plugins/com.st.stm32cube.ide.mcu.externaltools.gnu-tools-for-stm32.7-2018-q2-update.win32_1.5.0.202011040924/tools/bin/../lib/gcc/arm-none-eabi/7.3.1/thumb/v7e-m/fpv5/hard\libgcc.a(_aeabi_ldivmod.o) (__udivmoddi4)
d:/my_software/stm32_cubeide_/stm32/stm32cubeide_1.5.0/stm32cubeide/plugins/com.st.stm32cube.ide.mcu.externaltools.gnu-tools-for-stm32.7-2018-q2-update.win32_1.5.0.202011040924/tools/bin/../lib/gcc/arm-none-eabi/7.3.1/thumb/v7e-m/fpv5/hard\libgcc.a(_dvmd_tls.o)
                              d:/my_software/stm32_cubeide_/stm32/stm32cubeide_1.5.0/stm32cubeide/plugins/com.st.stm32cube.ide.mcu.externaltools.gnu-tools-for-stm32.7-2018-q2-update.win32_1.5.0.202011040924/tools/bin/../lib/gcc/arm-none-eabi/7.3.1/thumb/v7e-m/fpv5/hard\libgcc.a(_aeabi_ldivmod.o) (__aeabi_ldiv0)

Allocating common symbols
Common symbol       size              file

orientationY_rec_mocap
                    0x8               Core/Src/mbotLinuxUsart.o
[...]
Memory Configuration

Name             Origin             Length             Attributes
RAM              0x0000000020000000 0x0000000000080000 xrw
FLASH            0x0000000008000000 0x0000000000200000 xr
*default*        0x0000000000000000 0xffffffffffffffff

Linker script and memory map

LOAD d:/my_software/stm32_cubeide_/stm32/stm32cubeide_1.5.0/stm32cubeide/plugins/com.st.stm32cube.ide.mcu.externaltools.gnu-tools-for-stm32.7-2018-q2-update.win32_1.5.0.202011040924/tools/bin/../lib/gcc/arm-none-eabi/7.3.1/thumb/v7e-m/fpv5/hard/crti.o
LOAD d:/my_software/stm32_cubeide_/stm32/stm32cubeide_1.5.0/stm32cubeide/plugins/com.st.stm32cube.ide.mcu.externaltools.gnu-tools-for-stm32.7-2018-q2-update.win32_1.5.0.202011040924/tools/bin/../lib/gcc/arm-none-eabi/7.3.1/thumb/v7e-m/fpv5/hard/crtbegin.o
LOAD d:/my_software/stm32_cubeide_/stm32/stm32cubeide_1.5.0/stm32cubeide/plugins/com.st.stm32cube.ide.mcu.externaltools.gnu-tools-for-stm32.7-2018-q2-update.win32_1.5.0.202011040924/tools/bin/../lib/gcc/arm-none-eabi/7.3.1/../../../../arm-none-eabi/lib/thumb/v7e-m/fpv5/hard/crt0.o
LOAD Core/Src/dma.o
LOAD Core/Src/gpio.o
LOAD Core/Src/main.o
LOAD Core/Src/mbotLinuxUsart.o
LOAD Core/Src/stm32f7xx_hal_msp.o
LOAD Core/Src/stm32f7xx_hal_timebase_tim.o
LOAD Core/Src/stm32f7xx_it.o
LOAD Core/Src/syscalls.o
LOAD Core/Src/sysmem.o
LOAD Core/Src/system_stm32f7xx.o
LOAD Core/Src/usart.o
LOAD Core/Startup/startup_stm32f767vitx.o
LOAD Drivers/STM32F7xx_HAL_Driver/Src/stm32f7xx_hal.o
LOAD Drivers/STM32F7xx_HAL_Driver/Src/stm32f7xx_hal_cortex.o
LOAD Drivers/STM32F7xx_HAL_Driver/Src/stm32f7xx_hal_dma.o
LOAD Drivers/STM32F7xx_HAL_Driver/Src/stm32f7xx_hal_dma_ex.o
LOAD Drivers/STM32F7xx_HAL_Driver/Src/stm32f7xx_hal_exti.o
LOAD Drivers/STM32F7xx_HAL_Driver/Src/stm32f7xx_hal_flash.o
LOAD Drivers/STM32F7xx_HAL_Driver/Src/stm32f7xx_hal_flash_ex.o
LOAD Drivers/STM32F7xx_HAL_Driver/Src/stm32f7xx_hal_gpio.o
LOAD Drivers/STM32F7xx_HAL_Driver/Src/stm32f7xx_hal_i2c.o
LOAD Drivers/STM32F7xx_HAL_Driver/Src/stm32f7xx_hal_i2c_ex.o
LOAD Drivers/STM32F7xx_HAL_Driver/Src/stm32f7xx_hal_pwr.o
LOAD Drivers/STM32F7xx_HAL_Driver/Src/stm32f7xx_hal_pwr_ex.o
LOAD Drivers/STM32F7xx_HAL_Driver/Src/stm32f7xx_hal_rcc.o
LOAD Drivers/STM32F7xx_HAL_Driver/Src/stm32f7xx_hal_rcc_ex.o
LOAD Drivers/STM32F7xx_HAL_Driver/Src/stm32f7xx_hal_tim.o
LOAD Drivers/STM32F7xx_HAL_Driver/Src/stm32f7xx_hal_tim_ex.o
LOAD Drivers/STM32F7xx_HAL_Driver/Src/stm32f7xx_ll_dma.o
LOAD Drivers/STM32F7xx_HAL_Driver/Src/stm32f7xx_ll_exti.o
LOAD Drivers/STM32F7xx_HAL_Driver/Src/stm32f7xx_ll_gpio.o
LOAD Drivers/STM32F7xx_HAL_Driver/Src/stm32f7xx_ll_rcc.o
LOAD Drivers/STM32F7xx_HAL_Driver/Src/stm32f7xx_ll_usart.o
LOAD Drivers/STM32F7xx_HAL_Driver/Src/stm32f7xx_ll_utils.o
START GROUP
LOAD d:/my_software/stm32_cubeide_/stm32/stm32cubeide_1.5.0/stm32cubeide/plugins/com.st.stm32cube.ide.mcu.externaltools.gnu-tools-for-stm32.7-2018-q2-update.win32_1.5.0.202011040924/tools/bin/../lib/gcc/arm-none-eabi/7.3.1/../../../../arm-none-eabi/lib/thumb/v7e-m/fpv5/hard\libc_nano.a
LOAD d:/my_software/stm32_cubeide_/stm32/stm32cubeide_1.5.0/stm32cubeide/plugins/com.st.stm32cube.ide.mcu.externaltools.gnu-tools-for-stm32.7-2018-q2-update.win32_1.5.0.202011040924/tools/bin/../lib/gcc/arm-none-eabi/7.3.1/../../../../arm-none-eabi/lib/thumb/v7e-m/fpv5/hard\libm.a
END GROUP
START GROUP
LOAD d:/my_software/stm32_cubeide_/stm32/stm32cubeide_1.5.0/stm32cubeide/plugins/com.st.stm32cube.ide.mcu.externaltools.gnu-tools-for-stm32.7-2018-q2-update.win32_1.5.0.202011040924/tools/bin/../lib/gcc/arm-none-eabi/7.3.1/thumb/v7e-m/fpv5/hard\libgcc.a
LOAD d:/my_software/stm32_cubeide_/stm32/stm32cubeide_1.5.0/stm32cubeide/plugins/com.st.stm32cube.ide.mcu.externaltools.gnu-tools-for-stm32.7-2018-q2-update.win32_1.5.0.202011040924/tools/bin/../lib/gcc/arm-none-eabi/7.3.1/../../../../arm-none-eabi/lib/thumb/v7e-m/fpv5/hard\libc_nano.a
END GROUP
START GROUP
LOAD d:/my_software/stm32_cubeide_/stm32/stm32cubeide_1.5.0/stm32cubeide/plugins/com.st.stm32cube.ide.mcu.externaltools.gnu-tools-for-stm32.7-2018-q2-update.win32_1.5.0.202011040924/tools/bin/../lib/gcc/arm-none-eabi/7.3.1/thumb/v7e-m/fpv5/hard\libgcc.a
LOAD d:/my_software/stm32_cubeide_/stm32/stm32cubeide_1.5.0/stm32cubeide/plugins/com.st.stm32cube.ide.mcu.externaltools.gnu-tools-for-stm32.7-2018-q2-update.win32_1.5.0.202011040924/tools/bin/../lib/gcc/arm-none-eabi/7.3.1/../../../../arm-none-eabi/lib/thumb/v7e-m/fpv5/hard\libc_nano.a
LOAD d:/my_software/stm32_cubeide_/stm32/stm32cubeide_1.5.0/stm32cubeide/plugins/com.st.stm32cube.ide.mcu.externaltools.gnu-tools-for-stm32.7-2018-q2-update.win32_1.5.0.202011040924/tools/bin/../lib/gcc/arm-none-eabi/7.3.1/../../../../arm-none-eabi/lib/thumb/v7e-m/fpv5/hard\libnosys.a
END GROUP
START GROUP
LOAD d:/my_software/stm32_cubeide_/stm32/stm32cubeide_1.5.0/stm32cubeide/plugins/com.st.stm32cube.ide.mcu.externaltools.gnu-tools-for-stm32.7-2018-q2-update.win32_1.5.0.202011040924/tools/bin/../lib/gcc/arm-none-eabi/7.3.1/thumb/v7e-m/fpv5/hard\libgcc.a
LOAD d:/my_software/stm32_cubeide_/stm32/stm32cubeide_1.5.0/stm32cubeide/plugins/com.st.stm32cube.ide.mcu.externaltools.gnu-tools-for-stm32.7-2018-q2-update.win32_1.5.0.202011040924/tools/bin/../lib/gcc/arm-none-eabi/7.3.1/../../../../arm-none-eabi/lib/thumb/v7e-m/fpv5/hard\libc_nano.a
LOAD d:/my_software/stm32_cubeide_/stm32/stm32cubeide_1.5.0/stm32cubeide/plugins/com.st.stm32cube.ide.mcu.externaltools.gnu-tools-for-stm32.7-2018-q2-update.win32_1.5.0.202011040924/tools/bin/../lib/gcc/arm-none-eabi/7.3.1/../../../../arm-none-eabi/lib/thumb/v7e-m/fpv5/hard\libnosys.a
END GROUP
LOAD d:/my_software/stm32_cubeide_/stm32/stm32cubeide_1.5.0/stm32cubeide/plugins/com.st.stm32cube.ide.mcu.externaltools.gnu-tools-for-stm32.7-2018-q2-update.win32_1.5.0.202011040924/tools/bin/../lib/gcc/arm-none-eabi/7.3.1/thumb/v7e-m/fpv5/hard/crtend.o
LOAD d:/my_software/stm32_cubeide_/stm32/stm32cubeide_1.5.0/stm32cubeide/plugins/com.st.stm32cube.ide.mcu.externaltools.gnu-tools-for-stm32.7-2018-q2-update.win32_1.5.0.202011040924/tools/bin/../lib/gcc/arm-none-eabi/7.3.1/thumb/v7e-m/fpv5/hard/crtn.o
                0x0000000020080000                _estack = (ORIGIN (RAM) + LENGTH (RAM))
                0x0000000000000200                _Min_Heap_Size = 0x200
                0x0000000000000400                _Min_Stack_Size = 0x400

.isr_vector     0x0000000008000000      0x1f8
                0x0000000008000000                . = ALIGN (0x4)
 *(.isr_vector)
 .isr_vector    0x0000000008000000      0x1f8 Core/Startup/startup_stm32f767vitx.o
                0x0000000008000000                g_pfnVectors
                0x00000000080001f8                . = ALIGN (0x4)

.text           0x00000000080001f8     0x19c4
                0x00000000080001f8                . = ALIGN (0x4)
 *(.text)
 .text          0x00000000080001f8       0x40 d:/my_software/stm32_cubeide_/stm32/stm32cubeide_1.5.0/stm32cubeide/plugins/com.st.stm32cube.ide.mcu.externaltools.gnu-tools-for-stm32.7-2018-q2-update.win32_1.5.0.202011040924/tools/bin/../lib/gcc/arm-none-eabi/7.3.1/thumb/v7e-m/fpv5/hard/crtbegin.o
 *(.text*)
 .text.NVIC_EncodePriority.constprop.2
                0x0000000008000238       0x2a Core/Src/dma.o
 *fill*         0x0000000008000262        0x2 
 .text.MX_DMA_Init
                0x0000000008000264       0x58 Core/Src/dma.o
                0x0000000008000264                MX_DMA_Init
 .text.LL_AHB1_GRP1_EnableClock
                0x00000000080002bc       0x1c Core/Src/gpio.o
 .text.MX_GPIO_Init
                0x00000000080002d8      0x560 Core/Src/gpio.o
                0x00000000080002d8                MX_GPIO_Init
 .text.SystemClock_Config
                0x0000000008000838       0xc4 Core/Src/main.o
                0x0000000008000838                SystemClock_Config
 .text.startup.main
                0x00000000080008fc       0x68 Core/Src/main.o
                0x00000000080008fc                main
 .text.HAL_TIM_PeriodElapsedCallback
                0x0000000008000964       0x14 Core/Src/main.o
                0x0000000008000964                HAL_TIM_PeriodElapsedCallback
 .text.USART1_IRQHandler
                0x0000000008000978       0x4c Core/Src/main.o
                0x0000000008000978                USART1_IRQHandler
 .text.USART_Send_String
                0x00000000080009c4       0x2c Core/Src/mbotLinuxUsart.o
                0x00000000080009c4                USART_Send_String
 .text.getCrc8  0x00000000080009f0       0x2e Core/Src/mbotLinuxUsart.o
                0x00000000080009f0                getCrc8
 *fill*         0x0000000008000a1e        0x2 
 .text.usartReceiveOneData
                0x0000000008000a20      0x1d0 Core/Src/mbotLinuxUsart.o
                0x0000000008000a20                usartReceiveOneData
 .text.usartSendData
                0x0000000008000bf0       0xcc Core/Src/mbotLinuxUsart.o
                0x0000000008000bf0                usartSendData
 .text.HAL_MspInit
                0x0000000008000cbc       0x80 Core/Src/stm32f7xx_hal_msp.o
                0x0000000008000cbc                HAL_MspInit
 .text.HAL_InitTick
                0x0000000008000d3c       0x78 Core/Src/stm32f7xx_hal_timebase_tim.o
                0x0000000008000d3c                HAL_InitTick
 .text.NMI_Handler
                0x0000000008000db4        0x2 Core/Src/stm32f7xx_it.o
                0x0000000008000db4                NMI_Handler
 .text.HardFault_Handler
                0x0000000008000db6        0x2 Core/Src/stm32f7xx_it.o
                0x0000000008000db6                HardFault_Handler
 .text.MemManage_Handler
                0x0000000008000db8        0x2 Core/Src/stm32f7xx_it.o
                0x0000000008000db8                MemManage_Handler
 .text.BusFault_Handler
                0x0000000008000dba        0x2 Core/Src/stm32f7xx_it.o
                0x0000000008000dba                BusFault_Handler
 .text.UsageFault_Handler
                0x0000000008000dbc        0x2 Core/Src/stm32f7xx_it.o
                0x0000000008000dbc                UsageFault_Handler
 .text.SVC_Handler
                0x0000000008000dbe        0x2 Core/Src/stm32f7xx_it.o
                0x0000000008000dbe                SVC_Handler
 .text.DebugMon_Handler
                0x0000000008000dc0        0x2 Core/Src/stm32f7xx_it.o
                0x0000000008000dc0                DebugMon_Handler
 .text.PendSV_Handler
                0x0000000008000dc2        0x2 Core/Src/stm32f7xx_it.o
                0x0000000008000dc2                PendSV_Handler
 .text.SysTick_Handler
                0x0000000008000dc4        0x2 Core/Src/stm32f7xx_it.o
                0x0000000008000dc4                SysTick_Handler
 .text.PVD_IRQHandler
                0x0000000008000dc6        0x4 Core/Src/stm32f7xx_it.o
                0x0000000008000dc6                PVD_IRQHandler
 .text.FLASH_IRQHandler
                0x0000000008000dca        0x4 Core/Src/stm32f7xx_it.o
                0x0000000008000dca                FLASH_IRQHandler
 .text.RCC_IRQHandler
                0x0000000008000dce        0x2 Core/Src/stm32f7xx_it.o
                0x0000000008000dce                RCC_IRQHandler
 .text.TIM7_IRQHandler
                0x0000000008000dd0        0xc Core/Src/stm32f7xx_it.o
                0x0000000008000dd0                TIM7_IRQHandler
 .text.DMA2_Stream5_IRQHandler
                0x0000000008000ddc        0x2 Core/Src/stm32f7xx_it.o
                0x0000000008000ddc                DMA2_Stream5_IRQHandler
 .text.DMA2_Stream7_IRQHandler
                0x0000000008000dde        0x2 Core/Src/stm32f7xx_it.o
                0x0000000008000dde                DMA2_Stream7_IRQHandler
 .text.FPU_IRQHandler
                0x0000000008000de0        0x2 Core/Src/stm32f7xx_it.o
                0x0000000008000de0                FPU_IRQHandler
 *fill*         0x0000000008000de2        0x2 
 .text.SystemInit
                0x0000000008000de4       0x1c Core/Src/system_stm32f7xx.o
                0x0000000008000de4                SystemInit
 .text.MX_USART1_UART_Init
                0x0000000008000e00      0x1cc Core/Src/usart.o
                0x0000000008000e00                MX_USART1_UART_Init
 .text.Reset_Handler
                0x0000000008000fcc       0x50 Core/Startup/startup_stm32f767vitx.o
                0x0000000008000fcc                Reset_Handler
 .text.Default_Handler
                0x000000000800101c        0x2 Core/Startup/startup_stm32f767vitx.o
                0x000000000800101c                RTC_Alarm_IRQHandler
                0x000000000800101c                EXTI2_IRQHandler
                0x000000000800101c                TIM8_CC_IRQHandler
                0x000000000800101c                UART8_IRQHandler
                0x000000000800101c                SPI4_IRQHandler
                0x000000000800101c                TIM1_CC_IRQHandler
                0x000000000800101c                JPEG_IRQHandler
                0x000000000800101c                DMA1_Stream5_IRQHandler
                0x000000000800101c                CAN3_RX1_IRQHandler
                0x000000000800101c                TAMP_STAMP_IRQHandler
                0x000000000800101c                CAN2_RX1_IRQHandler
                0x000000000800101c                EXTI3_IRQHandler
                0x000000000800101c                TIM8_TRG_COM_TIM14_IRQHandler
                0x000000000800101c                DFSDM1_FLT1_IRQHandler
                0x000000000800101c                TIM1_UP_TIM10_IRQHandler
                0x000000000800101c                TIM8_UP_TIM13_IRQHandler
                0x000000000800101c                I2C3_ER_IRQHandler
                0x000000000800101c                DFSDM1_FLT2_IRQHandler
                0x000000000800101c                EXTI0_IRQHandler
                0x000000000800101c                I2C2_EV_IRQHandler
                0x000000000800101c                DMA1_Stream2_IRQHandler
                0x000000000800101c                CAN1_RX0_IRQHandler
                0x000000000800101c                OTG_HS_WKUP_IRQHandler
                0x000000000800101c                CAN3_SCE_IRQHandler
                0x000000000800101c                LTDC_ER_IRQHandler
                0x000000000800101c                CAN2_SCE_IRQHandler
                0x000000000800101c                DMA2_Stream2_IRQHandler
                0x000000000800101c                SPI1_IRQHandler
                0x000000000800101c                TIM6_DAC_IRQHandler
                0x000000000800101c                TIM1_BRK_TIM9_IRQHandler
                0x000000000800101c                DCMI_IRQHandler
                0x000000000800101c                CAN2_RX0_IRQHandler
                0x000000000800101c                DMA2_Stream3_IRQHandler
                0x000000000800101c                SAI2_IRQHandler
                0x000000000800101c                DFSDM1_FLT3_IRQHandler
                0x000000000800101c                USART6_IRQHandler
                0x000000000800101c                CAN3_RX0_IRQHandler
                0x000000000800101c                USART3_IRQHandler
                0x000000000800101c                CAN1_RX1_IRQHandler
                0x000000000800101c                UART5_IRQHandler
                0x000000000800101c                DMA2_Stream0_IRQHandler
                0x000000000800101c                TIM4_IRQHandler
                0x000000000800101c                QUADSPI_IRQHandler
                0x000000000800101c                I2C1_EV_IRQHandler
                0x000000000800101c                DMA1_Stream6_IRQHandler
                0x000000000800101c                DMA1_Stream1_IRQHandler
                0x000000000800101c                UART4_IRQHandler
                0x000000000800101c                TIM3_IRQHandler
                0x000000000800101c                TIM8_BRK_TIM12_IRQHandler
                0x000000000800101c                Default_Handler
                0x000000000800101c                CEC_IRQHandler
                0x000000000800101c                EXTI15_10_IRQHandler
                0x000000000800101c                ADC_IRQHandler
                0x000000000800101c                DMA1_Stream7_IRQHandler
                0x000000000800101c                SPI5_IRQHandler
                0x000000000800101c                SDMMC1_IRQHandler
                0x000000000800101c                CAN2_TX_IRQHandler
                0x000000000800101c                TIM5_IRQHandler
                0x000000000800101c                I2C3_EV_IRQHandler
                0x000000000800101c                EXTI9_5_IRQHandler
                0x000000000800101c                RTC_WKUP_IRQHandler
                0x000000000800101c                LTDC_IRQHandler
                0x000000000800101c                ETH_WKUP_IRQHandler
                0x000000000800101c                SPDIF_RX_IRQHandler
                0x000000000800101c                SPI2_IRQHandler
                0x000000000800101c                OTG_HS_EP1_IN_IRQHandler
                0x000000000800101c                DMA1_Stream0_IRQHandler
                0x000000000800101c                CAN1_TX_IRQHandler
                0x000000000800101c                EXTI4_IRQHandler
                0x000000000800101c                RNG_IRQHandler
                0x000000000800101c                ETH_IRQHandler
                0x000000000800101c                OTG_HS_EP1_OUT_IRQHandler
                0x000000000800101c                WWDG_IRQHandler
                0x000000000800101c                SPI6_IRQHandler
                0x000000000800101c                MDIOS_IRQHandler
                0x000000000800101c                I2C4_EV_IRQHandler
                0x000000000800101c                CAN3_TX_IRQHandler
                0x000000000800101c                TIM2_IRQHandler
                0x000000000800101c                OTG_FS_WKUP_IRQHandler
                0x000000000800101c                TIM1_TRG_COM_TIM11_IRQHandler
                0x000000000800101c                OTG_HS_IRQHandler
                0x000000000800101c                DMA2D_IRQHandler
                0x000000000800101c                EXTI1_IRQHandler
                0x000000000800101c                SDMMC2_IRQHandler
                0x000000000800101c                UART7_IRQHandler
                0x000000000800101c                USART2_IRQHandler
                0x000000000800101c                DFSDM1_FLT0_IRQHandler
                0x000000000800101c                I2C2_ER_IRQHandler
                0x000000000800101c                DMA2_Stream1_IRQHandler
                0x000000000800101c                CAN1_SCE_IRQHandler
                0x000000000800101c                DMA2_Stream4_IRQHandler
                0x000000000800101c                OTG_FS_IRQHandler
                0x000000000800101c                SPI3_IRQHandler
                0x000000000800101c                DMA1_Stream4_IRQHandler
                0x000000000800101c                I2C1_ER_IRQHandler
                0x000000000800101c                FMC_IRQHandler
                0x000000000800101c                LPTIM1_IRQHandler
                0x000000000800101c                I2C4_ER_IRQHandler
                0x000000000800101c                DMA2_Stream6_IRQHandler
                0x000000000800101c                SAI1_IRQHandler
                0x000000000800101c                DMA1_Stream3_IRQHandler
 .text.HAL_Init
                0x000000000800101e       0x16 Drivers/STM32F7xx_HAL_Driver/Src/stm32f7xx_hal.o
                0x000000000800101e                HAL_Init
 .text.HAL_IncTick
                0x0000000008001034       0x18 Drivers/STM32F7xx_HAL_Driver/Src/stm32f7xx_hal.o
                0x0000000008001034                HAL_IncTick
 .text.HAL_GetTick
                0x000000000800104c        0xc Drivers/STM32F7xx_HAL_Driver/Src/stm32f7xx_hal.o
                0x000000000800104c                HAL_GetTick
 .text.HAL_Delay
                0x0000000008001058       0x24 Drivers/STM32F7xx_HAL_Driver/Src/stm32f7xx_hal.o
                0x0000000008001058                HAL_Delay
 .text.HAL_NVIC_SetPriorityGrouping
                0x000000000800107c       0x24 Drivers/STM32F7xx_HAL_Driver/Src/stm32f7xx_hal_cortex.o
                0x000000000800107c                HAL_NVIC_SetPriorityGrouping
 .text.HAL_NVIC_SetPriority
                0x00000000080010a0       0x64 Drivers/STM32F7xx_HAL_Driver/Src/stm32f7xx_hal_cortex.o
                0x00000000080010a0                HAL_NVIC_SetPriority
 .text.HAL_NVIC_EnableIRQ
                0x0000000008001104       0x1c Drivers/STM32F7xx_HAL_Driver/Src/stm32f7xx_hal_cortex.o
                0x0000000008001104                HAL_NVIC_EnableIRQ
 .text.FLASH_SetErrorCode
                0x0000000008001120       0x64 Drivers/STM32F7xx_HAL_Driver/Src/stm32f7xx_hal_flash.o
 .text.HAL_FLASH_EndOfOperationCallback
                0x0000000008001184        0x2 Drivers/STM32F7xx_HAL_Driver/Src/stm32f7xx_hal_flash.o
                0x0000000008001184                HAL_FLASH_EndOfOperationCallback
 .text.HAL_FLASH_OperationErrorCallback
                0x0000000008001186        0x2 Drivers/STM32F7xx_HAL_Driver/Src/stm32f7xx_hal_flash.o
                0x0000000008001186                HAL_FLASH_OperationErrorCallback
 .text.HAL_FLASH_IRQHandler
                0x0000000008001188       0xe8 Drivers/STM32F7xx_HAL_Driver/Src/stm32f7xx_hal_flash.o
                0x0000000008001188                HAL_FLASH_IRQHandler
 .text.FLASH_Erase_Sector
                0x0000000008001270       0x54 Drivers/STM32F7xx_HAL_Driver/Src/stm32f7xx_hal_flash_ex.o
                0x0000000008001270                FLASH_Erase_Sector
 .text.HAL_PWR_PVDCallback
                0x00000000080012c4        0x2 Drivers/STM32F7xx_HAL_Driver/Src/stm32f7xx_hal_pwr.o
                0x00000000080012c4                HAL_PWR_PVDCallback
 *fill*         0x00000000080012c6        0x2 
 .text.HAL_PWR_PVD_IRQHandler
                0x00000000080012c8       0x1c Drivers/STM32F7xx_HAL_Driver/Src/stm32f7xx_hal_pwr.o
                0x00000000080012c8                HAL_PWR_PVD_IRQHandler
 .text.HAL_RCC_GetPCLK1Freq
                0x00000000080012e4       0x20 Drivers/STM32F7xx_HAL_Driver/Src/stm32f7xx_hal_rcc.o
                0x00000000080012e4                HAL_RCC_GetPCLK1Freq
 .text.HAL_RCC_GetClockConfig
                0x0000000008001304       0x3c Drivers/STM32F7xx_HAL_Driver/Src/stm32f7xx_hal_rcc.o
                0x0000000008001304                HAL_RCC_GetClockConfig
 .text.HAL_TIM_Base_MspInit
                0x0000000008001340        0x2 Drivers/STM32F7xx_HAL_Driver/Src/stm32f7xx_hal_tim.o
                0x0000000008001340                HAL_TIM_Base_MspInit
 *fill*         0x0000000008001342        0x2 
 .text.HAL_TIM_Base_Start_IT
                0x0000000008001344       0x7c Drivers/STM32F7xx_HAL_Driver/Src/stm32f7xx_hal_tim.o
                0x0000000008001344                HAL_TIM_Base_Start_IT
 .text.HAL_TIM_OC_DelayElapsedCallback
                0x00000000080013c0        0x2 Drivers/STM32F7xx_HAL_Driver/Src/stm32f7xx_hal_tim.o
                0x00000000080013c0                HAL_TIM_OC_DelayElapsedCallback
 .text.HAL_TIM_IC_CaptureCallback
                0x00000000080013c2        0x2 Drivers/STM32F7xx_HAL_Driver/Src/stm32f7xx_hal_tim.o
                0x00000000080013c2                HAL_TIM_IC_CaptureCallback
 .text.HAL_TIM_PWM_PulseFinishedCallback
                0x00000000080013c4        0x2 Drivers/STM32F7xx_HAL_Driver/Src/stm32f7xx_hal_tim.o
                0x00000000080013c4                HAL_TIM_PWM_PulseFinishedCallback
 .text.HAL_TIM_TriggerCallback
                0x00000000080013c6        0x2 Drivers/STM32F7xx_HAL_Driver/Src/stm32f7xx_hal_tim.o
                0x00000000080013c6                HAL_TIM_TriggerCallback
 .text.HAL_TIM_IRQHandler
                0x00000000080013c8      0x160 Drivers/STM32F7xx_HAL_Driver/Src/stm32f7xx_hal_tim.o
                0x00000000080013c8                HAL_TIM_IRQHandler
 .text.TIM_Base_SetConfig
                0x0000000008001528       0xcc Drivers/STM32F7xx_HAL_Driver/Src/stm32f7xx_hal_tim.o
                0x0000000008001528                TIM_Base_SetConfig
 .text.HAL_TIM_Base_Init
                0x00000000080015f4       0x60 Drivers/STM32F7xx_HAL_Driver/Src/stm32f7xx_hal_tim.o
                0x00000000080015f4                HAL_TIM_Base_Init
 .text.HAL_TIMEx_CommutCallback
                0x0000000008001654        0x2 Drivers/STM32F7xx_HAL_Driver/Src/stm32f7xx_hal_tim_ex.o
                0x0000000008001654                HAL_TIMEx_CommutCallback
 .text.HAL_TIMEx_BreakCallback
                0x0000000008001656        0x2 Drivers/STM32F7xx_HAL_Driver/Src/stm32f7xx_hal_tim_ex.o
                0x0000000008001656                HAL_TIMEx_BreakCallback
 .text.HAL_TIMEx_Break2Callback
                0x0000000008001658        0x2 Drivers/STM32F7xx_HAL_Driver/Src/stm32f7xx_hal_tim_ex.o
                0x0000000008001658                HAL_TIMEx_Break2Callback
 .text.LL_GPIO_Init
                0x000000000800165a      0x140 Drivers/STM32F7xx_HAL_Driver/Src/stm32f7xx_ll_gpio.o
                0x000000000800165a                LL_GPIO_Init
 *fill*         0x000000000800179a        0x2 
 .text.LL_RCC_HSI_IsReady
                0x000000000800179c       0x10 Drivers/STM32F7xx_HAL_Driver/Src/stm32f7xx_ll_rcc.o
 .text.LL_RCC_LSE_IsReady
                0x00000000080017ac       0x10 Drivers/STM32F7xx_HAL_Driver/Src/stm32f7xx_ll_rcc.o
 .text.RCC_GetHCLKClockFreq
                0x00000000080017bc       0x18 Drivers/STM32F7xx_HAL_Driver/Src/stm32f7xx_ll_rcc.o
                0x00000000080017bc                RCC_GetHCLKClockFreq
 .text.RCC_GetPCLK1ClockFreq
                0x00000000080017d4       0x18 Drivers/STM32F7xx_HAL_Driver/Src/stm32f7xx_ll_rcc.o
                0x00000000080017d4                RCC_GetPCLK1ClockFreq
 .text.RCC_GetPCLK2ClockFreq
                0x00000000080017ec       0x18 Drivers/STM32F7xx_HAL_Driver/Src/stm32f7xx_ll_rcc.o
                0x00000000080017ec                RCC_GetPCLK2ClockFreq
 .text.RCC_PLL_GetFreqDomain_SYS
                0x0000000008001804       0x40 Drivers/STM32F7xx_HAL_Driver/Src/stm32f7xx_ll_rcc.o
                0x0000000008001804                RCC_PLL_GetFreqDomain_SYS
 .text.RCC_GetSystemClockFreq
                0x0000000008001844       0x28 Drivers/STM32F7xx_HAL_Driver/Src/stm32f7xx_ll_rcc.o
                0x0000000008001844                RCC_GetSystemClockFreq
 .text.LL_RCC_GetUSARTClockFreq
                0x000000000800186c       0xf0 Drivers/STM32F7xx_HAL_Driver/Src/stm32f7xx_ll_rcc.o
                0x000000000800186c                LL_RCC_GetUSARTClockFreq
 .text.LL_RCC_GetUARTClockFreq
                0x000000000800195c       0xe8 Drivers/STM32F7xx_HAL_Driver/Src/stm32f7xx_ll_rcc.o
                0x000000000800195c                LL_RCC_GetUARTClockFreq
 .text.LL_USART_Init
                0x0000000008001a44       0xfc Drivers/STM32F7xx_HAL_Driver/Src/stm32f7xx_ll_usart.o
                0x0000000008001a44                LL_USART_Init
 .text.LL_SetSystemCoreClock
                0x0000000008001b40        0xc Drivers/STM32F7xx_HAL_Driver/Src/stm32f7xx_ll_utils.o
                0x0000000008001b40                LL_SetSystemCoreClock
 .text.__libc_init_array
                0x0000000008001b4c       0x48 d:/my_software/stm32_cubeide_/stm32/stm32cubeide_1.5.0/stm32cubeide/plugins/com.st.stm32cube.ide.mcu.externaltools.gnu-tools-for-stm32.7-2018-q2-update.win32_1.5.0.202011040924/tools/bin/../lib/gcc/arm-none-eabi/7.3.1/../../../../arm-none-eabi/lib/thumb/v7e-m/fpv5/hard\libc_nano.a(lib_a-init.o)
                0x0000000008001b4c                __libc_init_array
 .text.memset   0x0000000008001b94       0x10 d:/my_software/stm32_cubeide_/stm32/stm32cubeide_1.5.0/stm32cubeide/plugins/com.st.stm32cube.ide.mcu.externaltools.gnu-tools-for-stm32.7-2018-q2-update.win32_1.5.0.202011040924/tools/bin/../lib/gcc/arm-none-eabi/7.3.1/../../../../arm-none-eabi/lib/thumb/v7e-m/fpv5/hard\libc_nano.a(lib_a-memset.o)
                0x0000000008001b94                memset
 *(.glue_7)
 .glue_7        0x0000000008001ba4        0x0 linker stubs
 *(.glue_7t)
 .glue_7t       0x0000000008001ba4        0x0 linker stubs
 *(.eh_frame)
 .eh_frame      0x0000000008001ba4        0x0 d:/my_software/stm32_cubeide_/stm32/stm32cubeide_1.5.0/stm32cubeide/plugins/com.st.stm32cube.ide.mcu.externaltools.gnu-tools-for-stm32.7-2018-q2-update.win32_1.5.0.202011040924/tools/bin/../lib/gcc/arm-none-eabi/7.3.1/thumb/v7e-m/fpv5/hard/crtbegin.o
 *(.init)
 .init          0x0000000008001ba4        0x4 d:/my_software/stm32_cubeide_/stm32/stm32cubeide_1.5.0/stm32cubeide/plugins/com.st.stm32cube.ide.mcu.externaltools.gnu-tools-for-stm32.7-2018-q2-update.win32_1.5.0.202011040924/tools/bin/../lib/gcc/arm-none-eabi/7.3.1/thumb/v7e-m/fpv5/hard/crti.o
                0x0000000008001ba4                _init
 .init          0x0000000008001ba8        0x8 d:/my_software/stm32_cubeide_/stm32/stm32cubeide_1.5.0/stm32cubeide/plugins/com.st.stm32cube.ide.mcu.externaltools.gnu-tools-for-stm32.7-2018-q2-update.win32_1.5.0.202011040924/tools/bin/../lib/gcc/arm-none-eabi/7.3.1/thumb/v7e-m/fpv5/hard/crtn.o
 *(.fini)
 .fini          0x0000000008001bb0        0x4 d:/my_software/stm32_cubeide_/stm32/stm32cubeide_1.5.0/stm32cubeide/plugins/com.st.stm32cube.ide.mcu.externaltools.gnu-tools-for-stm32.7-2018-q2-update.win32_1.5.0.202011040924/tools/bin/../lib/gcc/arm-none-eabi/7.3.1/thumb/v7e-m/fpv5/hard/crti.o
                0x0000000008001bb0                _fini
 .fini          0x0000000008001bb4        0x8 d:/my_software/stm32_cubeide_/stm32/stm32cubeide_1.5.0/stm32cubeide/plugins/com.st.stm32cube.ide.mcu.externaltools.gnu-tools-for-stm32.7-2018-q2-update.win32_1.5.0.202011040924/tools/bin/../lib/gcc/arm-none-eabi/7.3.1/thumb/v7e-m/fpv5/hard/crtn.o
                0x0000000008001bbc                . = ALIGN (0x4)
                0x0000000008001bbc                _etext = .

.vfp11_veneer   0x0000000008001bbc        0x0
 .vfp11_veneer  0x0000000008001bbc        0x0 linker stubs

.v4_bx          0x0000000008001bbc        0x0
 .v4_bx         0x0000000008001bbc        0x0 linker stubs

.iplt           0x0000000008001bbc        0x0
 .iplt          0x0000000008001bbc        0x0 d:/my_software/stm32_cubeide_/stm32/stm32cubeide_1.5.0/stm32cubeide/plugins/com.st.stm32cube.ide.mcu.externaltools.gnu-tools-for-stm32.7-2018-q2-update.win32_1.5.0.202011040924/tools/bin/../lib/gcc/arm-none-eabi/7.3.1/thumb/v7e-m/fpv5/hard/crtbegin.o

.rodata         0x0000000008001bbc       0x18
                0x0000000008001bbc                . = ALIGN (0x4)
 *(.rodata)
 *(.rodata*)
 .rodata.AHBPrescTable
                0x0000000008001bbc       0x10 Core/Src/system_stm32f7xx.o
                0x0000000008001bbc                AHBPrescTable
 .rodata.APBPrescTable
                0x0000000008001bcc        0x8 Core/Src/system_stm32f7xx.o
                0x0000000008001bcc                APBPrescTable
                0x0000000008001bd4                . = ALIGN (0x4)

.rel.dyn        0x0000000008001bd4        0x0
 .rel.iplt      0x0000000008001bd4        0x0 d:/my_software/stm32_cubeide_/stm32/stm32cubeide_1.5.0/stm32cubeide/plugins/com.st.stm32cube.ide.mcu.externaltools.gnu-tools-for-stm32.7-2018-q2-update.win32_1.5.0.202011040924/tools/bin/../lib/gcc/arm-none-eabi/7.3.1/thumb/v7e-m/fpv5/hard/crtbegin.o

.ARM.extab      0x0000000008001bd4        0x0
                0x0000000008001bd4                . = ALIGN (0x4)
 *(.ARM.extab* .gnu.linkonce.armextab.*)
                0x0000000008001bd4                . = ALIGN (0x4)

.ARM            0x0000000008001bd4        0x0
                0x0000000008001bd4                . = ALIGN (0x4)
                0x0000000008001bd4                __exidx_start = .
 *(.ARM.exidx*)
                0x0000000008001bd4                __exidx_end = .
                0x0000000008001bd4                . = ALIGN (0x4)

.preinit_array  0x0000000008001bd4        0x0
                0x0000000008001bd4                . = ALIGN (0x4)
                0x0000000008001bd4                PROVIDE (__preinit_array_start = .)
 *(.preinit_array*)
                0x0000000008001bd4                PROVIDE (__preinit_array_end = .)
                0x0000000008001bd4                . = ALIGN (0x4)

.init_array     0x0000000008001bd4        0x4
                0x0000000008001bd4                . = ALIGN (0x4)
                0x0000000008001bd4                PROVIDE (__init_array_start = .)
 *(SORT_BY_NAME(.init_array.*))
 *(.init_array*)
 .init_array    0x0000000008001bd4        0x4 d:/my_software/stm32_cubeide_/stm32/stm32cubeide_1.5.0/stm32cubeide/plugins/com.st.stm32cube.ide.mcu.externaltools.gnu-tools-for-stm32.7-2018-q2-update.win32_1.5.0.202011040924/tools/bin/../lib/gcc/arm-none-eabi/7.3.1/thumb/v7e-m/fpv5/hard/crtbegin.o
                0x0000000008001bd8                PROVIDE (__init_array_end = .)
                0x0000000008001bd8                . = ALIGN (0x4)

.fini_array     0x0000000008001bd8        0x4
                0x0000000008001bd8                . = ALIGN (0x4)
                [!provide]                        PROVIDE (__fini_array_start = .)
 *(SORT_BY_NAME(.fini_array.*))
 *(.fini_array*)
 .fini_array    0x0000000008001bd8        0x4 d:/my_software/stm32_cubeide_/stm32/stm32cubeide_1.5.0/stm32cubeide/plugins/com.st.stm32cube.ide.mcu.externaltools.gnu-tools-for-stm32.7-2018-q2-update.win32_1.5.0.202011040924/tools/bin/../lib/gcc/arm-none-eabi/7.3.1/thumb/v7e-m/fpv5/hard/crtbegin.o
                [!provide]                        PROVIDE (__fini_array_end = .)
                0x0000000008001bdc                . = ALIGN (0x4)
                0x0000000008001bdc                _sidata = LOADADDR (.data)

.data           0x0000000020000000       0x44 load address 0x0000000008001bdc
                0x0000000020000000                . = ALIGN (0x4)
                0x0000000020000000                _sdata = .
 *(.data)
 *(.data*)
 .data.orientationW_uav
                0x0000000020000000        0x8 Core/Src/main.o
                0x0000000020000000                orientationW_uav
 .data.orientationX_uav
                0x0000000020000008        0x8 Core/Src/main.o
                0x0000000020000008                orientationX_uav
 .data.orientationY_uav
                0x0000000020000010        0x8 Core/Src/main.o
                0x0000000020000010                orientationY_uav
 .data.orientationZ_uav
                0x0000000020000018        0x8 Core/Src/main.o
                0x0000000020000018                orientationZ_uav
 .data.positionX_uav
                0x0000000020000020        0x8 Core/Src/main.o
                0x0000000020000020                positionX_uav
 .data.positionY_uav
                0x0000000020000028        0x8 Core/Src/main.o
                0x0000000020000028                positionY_uav
 .data.positionZ_uav
                0x0000000020000030        0x8 Core/Src/main.o
                0x0000000020000030                positionZ_uav
 .data.Start_Flag.11747
                0x0000000020000038        0x1 Core/Src/mbotLinuxUsart.o
 *fill*         0x0000000020000039        0x3 
 .data.SystemCoreClock
                0x000000002000003c        0x4 Core/Src/system_stm32f7xx.o
                0x000000002000003c                SystemCoreClock
 .data.uwTickFreq
                0x0000000020000040        0x1 Drivers/STM32F7xx_HAL_Driver/Src/stm32f7xx_hal.o
                0x0000000020000040                uwTickFreq
 *(.RamFunc)
 *(.RamFunc*)
                0x0000000020000044                . = ALIGN (0x4)
 *fill*         0x0000000020000041        0x3 
                0x0000000020000044                _edata = .

.igot.plt       0x0000000020000044        0x0 load address 0x0000000008001c20
 .igot.plt      0x0000000020000044        0x0 d:/my_software/stm32_cubeide_/stm32/stm32cubeide_1.5.0/stm32cubeide/plugins/com.st.stm32cube.ide.mcu.externaltools.gnu-tools-for-stm32.7-2018-q2-update.win32_1.5.0.202011040924/tools/bin/../lib/gcc/arm-none-eabi/7.3.1/thumb/v7e-m/fpv5/hard/crtbegin.o
                0x0000000020000044                . = ALIGN (0x4)

.bss            0x0000000020000048      0x174 load address 0x0000000008001c20
                0x0000000020000048                _sbss = .
                0x0000000020000048                __bss_start__ = _sbss
 *(.bss)
 .bss           0x0000000020000048       0x1c d:/my_software/stm32_cubeide_/stm32/stm32cubeide_1.5.0/stm32cubeide/plugins/com.st.stm32cube.ide.mcu.externaltools.gnu-tools-for-stm32.7-2018-q2-update.win32_1.5.0.202011040924/tools/bin/../lib/gcc/arm-none-eabi/7.3.1/thumb/v7e-m/fpv5/hard/crtbegin.o
 *(.bss*)
 .bss.USARTBufferIndex.11743
                0x0000000020000064        0x1 Core/Src/mbotLinuxUsart.o
 .bss.USARTReceiverFront.11746
                0x0000000020000065        0x1 Core/Src/mbotLinuxUsart.o
 .bss.buf       0x0000000020000066       0x3e Core/Src/mbotLinuxUsart.o
                0x0000000020000066                buf
 .bss.dataLength.11748
                0x00000000200000a4        0x2 Core/Src/mbotLinuxUsart.o
 .bss.j.11744   0x00000000200000a6        0x2 Core/Src/mbotLinuxUsart.o
 .bss.k.11745   0x00000000200000a8        0x2 Core/Src/mbotLinuxUsart.o
 *fill*         0x00000000200000aa        0x2 
 .bss.length.11773
                0x00000000200000ac        0x4 Core/Src/mbotLinuxUsart.o
 .bss.receiveBuff
                0x00000000200000b0       0x10 Core/Src/mbotLinuxUsart.o
                0x00000000200000b0                receiveBuff
 *(COMMON)
 COMMON         0x00000000200000c0       0x1c Core/Src/main.o
                0x00000000200000c0                orientationZ_mocap
                0x00000000200000c4                orientationW_mocap
                0x00000000200000c8                positionX_mocap
                0x00000000200000cc                positionY_mocap
                0x00000000200000d0                positionZ_nocap
                0x00000000200000d4                orientationX_mocap
                0x00000000200000d8                orientationY_mocap
 *fill*         0x00000000200000dc        0x4 
 COMMON         0x00000000200000e0       0x70 Core/Src/mbotLinuxUsart.o
                0x00000000200000e0                orientationY_rec_mocap
                0x00000000200000e8                positionZ_stm32
                0x00000000200000f0                orientationZ_stm32
                0x00000000200000f8                orientationZ_rec_mocap
                0x0000000020000100                orientationY_stm32
                0x0000000020000108                positionZ_rec_mocap
                0x0000000020000110                orientationW_rec_mocap
                0x0000000020000118                positionX_rec_mocap
                0x0000000020000120                positionY_stm32
                0x0000000020000128                orientationX_rec_mocap
                0x0000000020000130                positionY_rec_mocap
                0x0000000020000138                orientationW_stm32
                0x0000000020000140                positionX_stm32
                0x0000000020000148                orientationX_stm32
 COMMON         0x0000000020000150       0x4c Core/Src/stm32f7xx_hal_timebase_tim.o
                0x0000000020000150                htim7
 COMMON         0x000000002000019c        0x4 Drivers/STM32F7xx_HAL_Driver/Src/stm32f7xx_hal.o
                0x000000002000019c                uwTick
 COMMON         0x00000000200001a0       0x1c Drivers/STM32F7xx_HAL_Driver/Src/stm32f7xx_hal_flash.o
                0x00000000200001a0                pFlash
                0x00000000200001bc                . = ALIGN (0x4)
                0x00000000200001bc                _ebss = .
                0x00000000200001bc                __bss_end__ = _ebss

._user_heap_stack
                0x00000000200001bc      0x604 load address 0x0000000008001c20
                0x00000000200001c0                . = ALIGN (0x8)
 *fill*         0x00000000200001bc        0x4 
                [!provide]                        PROVIDE (end = .)
                0x00000000200001c0                PROVIDE (_end = .)
                0x00000000200003c0                . = (. + _Min_Heap_Size)
 *fill*         0x00000000200001c0      0x200 
                0x00000000200007c0                . = (. + _Min_Stack_Size)
 *fill*         0x00000000200003c0      0x400 
                0x00000000200007c0                . = ALIGN (0x8)

/DISCARD/
 libc.a(*)
 libm.a(*)
 libgcc.a(*)

.ARM.attributes
                0x0000000000000000       0x2e
 *(.ARM.attributes)
 .ARM.attributes
                0x0000000000000000       0x20 d:/my_software/stm32_cubeide_/stm32/stm32cubeide_1.5.0/stm32cubeide/plugins/com.st.stm32cube.ide.mcu.externaltools.gnu-tools-for-stm32.7-2018-q2-update.win32_1.5.0.202011040924/tools/bin/../lib/gcc/arm-none-eabi/7.3.1/thumb/v7e-m/fpv5/hard/crti.o
 .ARM.attributes
                0x0000000000000020       0x32 d:/my_software/stm32_cubeide_/stm32/stm32cubeide_1.5.0/stm32cubeide/plugins/com.st.stm32cube.ide.mcu.externaltools.gnu-tools-for-stm32.7-2018-q2-update.win32_1.5.0.202011040924/tools/bin/../lib/gcc/arm-none-eabi/7.3.1/thumb/v7e-m/fpv5/hard/crtbegin.o
 .ARM.attributes
                0x0000000000000052       0x37 Core/Src/dma.o
 .ARM.attributes
                0x0000000000000089       0x37 Core/Src/gpio.o
 .ARM.attributes
                0x00000000000000c0       0x37 Core/Src/main.o
 .ARM.attributes
                0x00000000000000f7       0x37 Core/Src/mbotLinuxUsart.o
 .ARM.attributes
                0x000000000000012e       0x37 Core/Src/stm32f7xx_hal_msp.o
 .ARM.attributes
                0x0000000000000165       0x37 Core/Src/stm32f7xx_hal_timebase_tim.o
 .ARM.attributes
                0x000000000000019c       0x37 Core/Src/stm32f7xx_it.o
 .ARM.attributes
                0x00000000000001d3       0x37 Core/Src/system_stm32f7xx.o
 .ARM.attributes
                0x000000000000020a       0x37 Core/Src/usart.o
 .ARM.attributes
                0x0000000000000241       0x21 Core/Startup/startup_stm32f767vitx.o
 .ARM.attributes
                0x0000000000000262       0x37 Drivers/STM32F7xx_HAL_Driver/Src/stm32f7xx_hal.o
 .ARM.attributes
                0x0000000000000299       0x37 Drivers/STM32F7xx_HAL_Driver/Src/stm32f7xx_hal_cortex.o
 .ARM.attributes
                0x00000000000002d0       0x37 Drivers/STM32F7xx_HAL_Driver/Src/stm32f7xx_hal_flash.o
 .ARM.attributes
                0x0000000000000307       0x37 Drivers/STM32F7xx_HAL_Driver/Src/stm32f7xx_hal_flash_ex.o
 .ARM.attributes
                0x000000000000033e       0x37 Drivers/STM32F7xx_HAL_Driver/Src/stm32f7xx_hal_pwr.o
 .ARM.attributes
                0x0000000000000375       0x37 Drivers/STM32F7xx_HAL_Driver/Src/stm32f7xx_hal_rcc.o
 .ARM.attributes
                0x00000000000003ac       0x37 Drivers/STM32F7xx_HAL_Driver/Src/stm32f7xx_hal_tim.o
 .ARM.attributes
                0x00000000000003e3       0x37 Drivers/STM32F7xx_HAL_Driver/Src/stm32f7xx_hal_tim_ex.o
 .ARM.attributes
                0x000000000000041a       0x37 Drivers/STM32F7xx_HAL_Driver/Src/stm32f7xx_ll_gpio.o
 .ARM.attributes
                0x0000000000000451       0x37 Drivers/STM32F7xx_HAL_Driver/Src/stm32f7xx_ll_rcc.o
 .ARM.attributes
                0x0000000000000488       0x37 Drivers/STM32F7xx_HAL_Driver/Src/stm32f7xx_ll_usart.o
 .ARM.attributes
                0x00000000000004bf       0x37 Drivers/STM32F7xx_HAL_Driver/Src/stm32f7xx_ll_utils.o
 .ARM.attributes
                0x00000000000004f6       0x32 d:/my_software/stm32_cubeide_/stm32/stm32cubeide_1.5.0/stm32cubeide/plugins/com.st.stm32cube.ide.mcu.externaltools.gnu-tools-for-stm32.7-2018-q2-update.win32_1.5.0.202011040924/tools/bin/../lib/gcc/arm-none-eabi/7.3.1/../../../../arm-none-eabi/lib/thumb/v7e-m/fpv5/hard\libc_nano.a(lib_a-init.o)
 .ARM.attributes
                0x0000000000000528       0x32 d:/my_software/stm32_cubeide_/stm32/stm32cubeide_1.5.0/stm32cubeide/plugins/com.st.stm32cube.ide.mcu.externaltools.gnu-tools-for-stm32.7-2018-q2-update.win32_1.5.0.202011040924/tools/bin/../lib/gcc/arm-none-eabi/7.3.1/../../../../arm-none-eabi/lib/thumb/v7e-m/fpv5/hard\libc_nano.a(lib_a-memset.o)
 .ARM.attributes
                0x000000000000055a       0x20 d:/my_software/stm32_cubeide_/stm32/stm32cubeide_1.5.0/stm32cubeide/plugins/com.st.stm32cube.ide.mcu.externaltools.gnu-tools-for-stm32.7-2018-q2-update.win32_1.5.0.202011040924/tools/bin/../lib/gcc/arm-none-eabi/7.3.1/thumb/v7e-m/fpv5/hard/crtn.o
OUTPUT(SerialCommunication.elf elf32-littlearm)

.debug_info     0x0000000000000000    0x14cfd
 .debug_info    0x0000000000000000      0xcfa Core/Src/dma.o
 .debug_info    0x0000000000000cfa      0xd2e Core/Src/gpio.o
 .debug_info    0x0000000000001a28     0x18a0 Core/Src/main.o
 .debug_info    0x00000000000032c8      0xf1a Core/Src/mbotLinuxUsart.o
 .debug_info    0x00000000000041e2      0x778 Core/Src/stm32f7xx_hal_msp.o
 .debug_info    0x000000000000495a      0xdbe Core/Src/stm32f7xx_hal_timebase_tim.o
 .debug_info    0x0000000000005718      0x89a Core/Src/stm32f7xx_it.o
 .debug_info    0x0000000000005fb2      0x73e Core/Src/system_stm32f7xx.o
 .debug_info    0x00000000000066f0     0x1609 Core/Src/usart.o
 .debug_info    0x0000000000007cf9      0xb16 Drivers/STM32F7xx_HAL_Driver/Src/stm32f7xx_hal.o
 .debug_info    0x000000000000880f     0x11e8 Drivers/STM32F7xx_HAL_Driver/Src/stm32f7xx_hal_cortex.o
 .debug_info    0x00000000000099f7      0x808 Drivers/STM32F7xx_HAL_Driver/Src/stm32f7xx_hal_flash.o
 .debug_info    0x000000000000a1ff      0xa7a Drivers/STM32F7xx_HAL_Driver/Src/stm32f7xx_hal_flash_ex.o
 .debug_info    0x000000000000ac79      0x9c0 Drivers/STM32F7xx_HAL_Driver/Src/stm32f7xx_hal_pwr.o
 .debug_info    0x000000000000b639      0xba8 Drivers/STM32F7xx_HAL_Driver/Src/stm32f7xx_hal_rcc.o
 .debug_info    0x000000000000c1e1     0x3bf2 Drivers/STM32F7xx_HAL_Driver/Src/stm32f7xx_hal_tim.o
 .debug_info    0x000000000000fdd3     0x1903 Drivers/STM32F7xx_HAL_Driver/Src/stm32f7xx_hal_tim_ex.o
 .debug_info    0x00000000000116d6      0xaad Drivers/STM32F7xx_HAL_Driver/Src/stm32f7xx_ll_gpio.o
 .debug_info    0x0000000000012183     0x14a5 Drivers/STM32F7xx_HAL_Driver/Src/stm32f7xx_ll_rcc.o
 .debug_info    0x0000000000013628      0xa4f Drivers/STM32F7xx_HAL_Driver/Src/stm32f7xx_ll_usart.o
 .debug_info    0x0000000000014077      0xc86 Drivers/STM32F7xx_HAL_Driver/Src/stm32f7xx_ll_utils.o

.debug_abbrev   0x0000000000000000     0x32e6
 .debug_abbrev  0x0000000000000000      0x20f Core/Src/dma.o
 .debug_abbrev  0x000000000000020f      0x1ac Core/Src/gpio.o
 .debug_abbrev  0x00000000000003bb      0x320 Core/Src/main.o
 .debug_abbrev  0x00000000000006db      0x2fb Core/Src/mbotLinuxUsart.o
 .debug_abbrev  0x00000000000009d6      0x14d Core/Src/stm32f7xx_hal_msp.o
 .debug_abbrev  0x0000000000000b23      0x1eb Core/Src/stm32f7xx_hal_timebase_tim.o
 .debug_abbrev  0x0000000000000d0e      0x1e0 Core/Src/stm32f7xx_it.o
 .debug_abbrev  0x0000000000000eee      0x144 Core/Src/system_stm32f7xx.o
 .debug_abbrev  0x0000000000001032      0x272 Core/Src/usart.o
 .debug_abbrev  0x00000000000012a4      0x23d Drivers/STM32F7xx_HAL_Driver/Src/stm32f7xx_hal.o
 .debug_abbrev  0x00000000000014e1      0x325 Drivers/STM32F7xx_HAL_Driver/Src/stm32f7xx_hal_cortex.o
 .debug_abbrev  0x0000000000001806      0x300 Drivers/STM32F7xx_HAL_Driver/Src/stm32f7xx_hal_flash.o
 .debug_abbrev  0x0000000000001b06      0x2c6 Drivers/STM32F7xx_HAL_Driver/Src/stm32f7xx_hal_flash_ex.o
 .debug_abbrev  0x0000000000001dcc      0x1b5 Drivers/STM32F7xx_HAL_Driver/Src/stm32f7xx_hal_pwr.o
 .debug_abbrev  0x0000000000001f81      0x2d8 Drivers/STM32F7xx_HAL_Driver/Src/stm32f7xx_hal_rcc.o
 .debug_abbrev  0x0000000000002259      0x33e Drivers/STM32F7xx_HAL_Driver/Src/stm32f7xx_hal_tim.o
 .debug_abbrev  0x0000000000002597      0x2be Drivers/STM32F7xx_HAL_Driver/Src/stm32f7xx_hal_tim_ex.o
 .debug_abbrev  0x0000000000002855      0x27b Drivers/STM32F7xx_HAL_Driver/Src/stm32f7xx_ll_gpio.o
 .debug_abbrev  0x0000000000002ad0      0x2b3 Drivers/STM32F7xx_HAL_Driver/Src/stm32f7xx_ll_rcc.o
 .debug_abbrev  0x0000000000002d83      0x260 Drivers/STM32F7xx_HAL_Driver/Src/stm32f7xx_ll_usart.o
 .debug_abbrev  0x0000000000002fe3      0x303 Drivers/STM32F7xx_HAL_Driver/Src/stm32f7xx_ll_utils.o

.debug_loc      0x0000000000000000     0x878d
 .debug_loc     0x0000000000000000       0xe7 Core/Src/dma.o
 .debug_loc     0x00000000000000e7       0x21 Core/Src/gpio.o
 .debug_loc     0x0000000000000108      0x11c Core/Src/main.o
 .debug_loc     0x0000000000000224      0x2e3 Core/Src/mbotLinuxUsart.o
 .debug_loc     0x0000000000000507       0xa5 Core/Src/stm32f7xx_hal_timebase_tim.o
 .debug_loc     0x00000000000005ac      0x11c Core/Src/system_stm32f7xx.o
 .debug_loc     0x00000000000006c8      0x578 Core/Src/usart.o
 .debug_loc     0x0000000000000c40      0x115 Drivers/STM32F7xx_HAL_Driver/Src/stm32f7xx_hal.o
 .debug_loc     0x0000000000000d55      0x55a Drivers/STM32F7xx_HAL_Driver/Src/stm32f7xx_hal_cortex.o
 .debug_loc     0x00000000000012af      0x28f Drivers/STM32F7xx_HAL_Driver/Src/stm32f7xx_hal_flash.o
 .debug_loc     0x000000000000153e      0x5ad Drivers/STM32F7xx_HAL_Driver/Src/stm32f7xx_hal_flash_ex.o
 .debug_loc     0x0000000000001aeb       0xae Drivers/STM32F7xx_HAL_Driver/Src/stm32f7xx_hal_pwr.o
 .debug_loc     0x0000000000001b99      0x40a Drivers/STM32F7xx_HAL_Driver/Src/stm32f7xx_hal_rcc.o
 .debug_loc     0x0000000000001fa3     0x3c4f Drivers/STM32F7xx_HAL_Driver/Src/stm32f7xx_hal_tim.o
 .debug_loc     0x0000000000005bf2     0x1270 Drivers/STM32F7xx_HAL_Driver/Src/stm32f7xx_hal_tim_ex.o
 .debug_loc     0x0000000000006e62      0x44e Drivers/STM32F7xx_HAL_Driver/Src/stm32f7xx_ll_gpio.o
 .debug_loc     0x00000000000072b0      0x974 Drivers/STM32F7xx_HAL_Driver/Src/stm32f7xx_ll_rcc.o
 .debug_loc     0x0000000000007c24      0x572 Drivers/STM32F7xx_HAL_Driver/Src/stm32f7xx_ll_usart.o
 .debug_loc     0x0000000000008196      0x5f7 Drivers/STM32F7xx_HAL_Driver/Src/stm32f7xx_ll_utils.o

.debug_aranges  0x0000000000000000      0xb28
 .debug_aranges
                0x0000000000000000       0x28 Core/Src/dma.o
 .debug_aranges
                0x0000000000000028       0x28 Core/Src/gpio.o
 .debug_aranges
                0x0000000000000050       0x40 Core/Src/main.o
 .debug_aranges
                0x0000000000000090       0x38 Core/Src/mbotLinuxUsart.o
 .debug_aranges
                0x00000000000000c8       0x20 Core/Src/stm32f7xx_hal_msp.o
 .debug_aranges
                0x00000000000000e8       0x30 Core/Src/stm32f7xx_hal_timebase_tim.o
 .debug_aranges
                0x0000000000000118       0x60 Core/Src/stm32f7xx_it.o
 .debug_aranges
                0x0000000000000178       0x28 Core/Src/system_stm32f7xx.o
 .debug_aranges
                0x00000000000001a0       0x20 Core/Src/usart.o
 .debug_aranges
                0x00000000000001c0      0x108 Drivers/STM32F7xx_HAL_Driver/Src/stm32f7xx_hal.o
 .debug_aranges
                0x00000000000002c8       0xa8 Drivers/STM32F7xx_HAL_Driver/Src/stm32f7xx_hal_cortex.o
 .debug_aranges
                0x0000000000000370       0x98 Drivers/STM32F7xx_HAL_Driver/Src/stm32f7xx_hal_flash.o
 .debug_aranges
                0x0000000000000408       0x48 Drivers/STM32F7xx_HAL_Driver/Src/stm32f7xx_hal_flash_ex.o
 .debug_aranges
                0x0000000000000450       0xa0 Drivers/STM32F7xx_HAL_Driver/Src/stm32f7xx_hal_pwr.o
 .debug_aranges
                0x00000000000004f0       0x88 Drivers/STM32F7xx_HAL_Driver/Src/stm32f7xx_hal_rcc.o
 .debug_aranges
                0x0000000000000578      0x2a8 Drivers/STM32F7xx_HAL_Driver/Src/stm32f7xx_hal_tim.o
 .debug_aranges
                0x0000000000000820      0x128 Drivers/STM32F7xx_HAL_Driver/Src/stm32f7xx_hal_tim_ex.o
 .debug_aranges
                0x0000000000000948       0x40 Drivers/STM32F7xx_HAL_Driver/Src/stm32f7xx_ll_gpio.o
 .debug_aranges
                0x0000000000000988      0x108 Drivers/STM32F7xx_HAL_Driver/Src/stm32f7xx_ll_rcc.o
 .debug_aranges
                0x0000000000000a90       0x40 Drivers/STM32F7xx_HAL_Driver/Src/stm32f7xx_ll_usart.o
 .debug_aranges
                0x0000000000000ad0       0x58 Drivers/STM32F7xx_HAL_Driver/Src/stm32f7xx_ll_utils.o

.debug_ranges   0x0000000000000000     0x1498
 .debug_ranges  0x0000000000000000       0x98 Core/Src/dma.o
 .debug_ranges  0x0000000000000098       0x18 Core/Src/gpio.o
 .debug_ranges  0x00000000000000b0       0x90 Core/Src/main.o
 .debug_ranges  0x0000000000000140       0x48 Core/Src/mbotLinuxUsart.o
 .debug_ranges  0x0000000000000188       0x48 Core/Src/stm32f7xx_hal_msp.o
 .debug_ranges  0x00000000000001d0       0x40 Core/Src/stm32f7xx_hal_timebase_tim.o
 .debug_ranges  0x0000000000000210       0x50 Core/Src/stm32f7xx_it.o
 .debug_ranges  0x0000000000000260       0x18 Core/Src/system_stm32f7xx.o
 .debug_ranges  0x0000000000000278       0xb8 Core/Src/usart.o
 .debug_ranges  0x0000000000000330       0xf8 Drivers/STM32F7xx_HAL_Driver/Src/stm32f7xx_hal.o
 .debug_ranges  0x0000000000000428      0x150 Drivers/STM32F7xx_HAL_Driver/Src/stm32f7xx_hal_cortex.o
 .debug_ranges  0x0000000000000578       0x88 Drivers/STM32F7xx_HAL_Driver/Src/stm32f7xx_hal_flash.o
 .debug_ranges  0x0000000000000600       0xe8 Drivers/STM32F7xx_HAL_Driver/Src/stm32f7xx_hal_flash_ex.o
 .debug_ranges  0x00000000000006e8       0x90 Drivers/STM32F7xx_HAL_Driver/Src/stm32f7xx_hal_pwr.o
 .debug_ranges  0x0000000000000778       0xe8 Drivers/STM32F7xx_HAL_Driver/Src/stm32f7xx_hal_rcc.o
 .debug_ranges  0x0000000000000860      0x3c0 Drivers/STM32F7xx_HAL_Driver/Src/stm32f7xx_hal_tim.o
 .debug_ranges  0x0000000000000c20      0x118 Drivers/STM32F7xx_HAL_Driver/Src/stm32f7xx_hal_tim_ex.o
 .debug_ranges  0x0000000000000d38       0x80 Drivers/STM32F7xx_HAL_Driver/Src/stm32f7xx_ll_gpio.o
 .debug_ranges  0x0000000000000db8      0x540 Drivers/STM32F7xx_HAL_Driver/Src/stm32f7xx_ll_rcc.o
 .debug_ranges  0x00000000000012f8       0xc8 Drivers/STM32F7xx_HAL_Driver/Src/stm32f7xx_ll_usart.o
 .debug_ranges  0x00000000000013c0       0xd8 Drivers/STM32F7xx_HAL_Driver/Src/stm32f7xx_ll_utils.o

.debug_line     0x0000000000000000     0x9364
 .debug_line    0x0000000000000000      0x3d0 Core/Src/dma.o
 .debug_line    0x00000000000003d0      0x53a Core/Src/gpio.o
 .debug_line    0x000000000000090a      0x641 Core/Src/main.o
 .debug_line    0x0000000000000f4b      0x5a0 Core/Src/mbotLinuxUsart.o
 .debug_line    0x00000000000014eb      0x380 Core/Src/stm32f7xx_hal_msp.o
 .debug_line    0x000000000000186b      0x3ec Core/Src/stm32f7xx_hal_timebase_tim.o
 .debug_line    0x0000000000001c57      0x447 Core/Src/stm32f7xx_it.o
 .debug_line    0x000000000000209e      0x352 Core/Src/system_stm32f7xx.o
 .debug_line    0x00000000000023f0      0x489 Core/Src/usart.o
 .debug_line    0x0000000000002879      0x59e Drivers/STM32F7xx_HAL_Driver/Src/stm32f7xx_hal.o
 .debug_line    0x0000000000002e17      0x5fb Drivers/STM32F7xx_HAL_Driver/Src/stm32f7xx_hal_cortex.o
 .debug_line    0x0000000000003412      0x5e1 Drivers/STM32F7xx_HAL_Driver/Src/stm32f7xx_hal_flash.o
 .debug_line    0x00000000000039f3      0x597 Drivers/STM32F7xx_HAL_Driver/Src/stm32f7xx_hal_flash_ex.o
 .debug_line    0x0000000000003f8a      0x4d9 Drivers/STM32F7xx_HAL_Driver/Src/stm32f7xx_hal_pwr.o
 .debug_line    0x0000000000004463      0x727 Drivers/STM32F7xx_HAL_Driver/Src/stm32f7xx_hal_rcc.o
 .debug_line    0x0000000000004b8a     0x1ec6 Drivers/STM32F7xx_HAL_Driver/Src/stm32f7xx_hal_tim.o
 .debug_line    0x0000000000006a50      0xd93 Drivers/STM32F7xx_HAL_Driver/Src/stm32f7xx_hal_tim_ex.o
 .debug_line    0x00000000000077e3      0x4f2 Drivers/STM32F7xx_HAL_Driver/Src/stm32f7xx_ll_gpio.o
 .debug_line    0x0000000000007cd5      0xbc0 Drivers/STM32F7xx_HAL_Driver/Src/stm32f7xx_ll_rcc.o
 .debug_line    0x0000000000008895      0x507 Drivers/STM32F7xx_HAL_Driver/Src/stm32f7xx_ll_usart.o
 .debug_line    0x0000000000008d9c      0x5c8 Drivers/STM32F7xx_HAL_Driver/Src/stm32f7xx_ll_utils.o

.debug_str      0x0000000000000000     0x5444
 .debug_str     0x0000000000000000      0xbf3 Core/Src/dma.o
                                        0xc76 (size before relaxing)
 .debug_str     0x0000000000000bf3       0x9e Core/Src/gpio.o
                                        0x4c6 (size before relaxing)
 .debug_str     0x0000000000000c91      0xcbc Core/Src/main.o
                                       0x1199 (size before relaxing)
 .debug_str     0x000000000000194d      0x25c Core/Src/mbotLinuxUsart.o
                                        0xa30 (size before relaxing)
 .debug_str     0x0000000000001ba9       0x54 Core/Src/stm32f7xx_hal_msp.o
                                        0xa78 (size before relaxing)
 .debug_str     0x0000000000001bfd      0x147 Core/Src/stm32f7xx_hal_timebase_tim.o
                                       0x10fd (size before relaxing)
 .debug_str     0x0000000000001d44      0x148 Core/Src/stm32f7xx_it.o
                                        0x996 (size before relaxing)
 .debug_str     0x0000000000001e8c       0x5b Core/Src/system_stm32f7xx.o
                                        0x52a (size before relaxing)
 .debug_str     0x0000000000001ee7      0x218 Core/Src/usart.o
                                        0xfa0 (size before relaxing)
 .debug_str     0x00000000000020ff      0x2f9 Drivers/STM32F7xx_HAL_Driver/Src/stm32f7xx_hal.o
                                        0xdad (size before relaxing)
 .debug_str     0x00000000000023f8      0x367 Drivers/STM32F7xx_HAL_Driver/Src/stm32f7xx_hal_cortex.o
                                        0xf34 (size before relaxing)
 .debug_str     0x000000000000275f      0x284 Drivers/STM32F7xx_HAL_Driver/Src/stm32f7xx_hal_flash.o
                                        0x62e (size before relaxing)
 .debug_str     0x00000000000029e3      0x2c0 Drivers/STM32F7xx_HAL_Driver/Src/stm32f7xx_hal_flash_ex.o
                                        0x6f7 (size before relaxing)
 .debug_str     0x0000000000002ca3      0x21e Drivers/STM32F7xx_HAL_Driver/Src/stm32f7xx_hal_pwr.o
                                        0x738 (size before relaxing)
 .debug_str     0x0000000000002ec1      0x23b Drivers/STM32F7xx_HAL_Driver/Src/stm32f7xx_hal_rcc.o
                                        0x7ea (size before relaxing)
 .debug_str     0x00000000000030fc      0xf0d Drivers/STM32F7xx_HAL_Driver/Src/stm32f7xx_hal_tim.o
                                       0x1845 (size before relaxing)
 .debug_str     0x0000000000004009      0x690 Drivers/STM32F7xx_HAL_Driver/Src/stm32f7xx_hal_tim_ex.o
                                       0x1140 (size before relaxing)
 .debug_str     0x0000000000004699      0x13e Drivers/STM32F7xx_HAL_Driver/Src/stm32f7xx_ll_gpio.o
                                        0x5a1 (size before relaxing)
 .debug_str     0x00000000000047d7      0x869 Drivers/STM32F7xx_HAL_Driver/Src/stm32f7xx_ll_rcc.o
                                        0xcba (size before relaxing)
 .debug_str     0x0000000000005040      0x1e0 Drivers/STM32F7xx_HAL_Driver/Src/stm32f7xx_ll_usart.o
                                        0x6d1 (size before relaxing)
 .debug_str     0x0000000000005220      0x224 Drivers/STM32F7xx_HAL_Driver/Src/stm32f7xx_ll_utils.o
                                        0x858 (size before relaxing)

.comment        0x0000000000000000       0x7b
 .comment       0x0000000000000000       0x7b Core/Src/dma.o
                                         0x7c (size before relaxing)
 .comment       0x000000000000007b       0x7c Core/Src/gpio.o
 .comment       0x000000000000007b       0x7c Core/Src/main.o
 .comment       0x000000000000007b       0x7c Core/Src/mbotLinuxUsart.o
 .comment       0x000000000000007b       0x7c Core/Src/stm32f7xx_hal_msp.o
 .comment       0x000000000000007b       0x7c Core/Src/stm32f7xx_hal_timebase_tim.o
 .comment       0x000000000000007b       0x7c Core/Src/stm32f7xx_it.o
 .comment       0x000000000000007b       0x7c Core/Src/system_stm32f7xx.o
 .comment       0x000000000000007b       0x7c Core/Src/usart.o
 .comment       0x000000000000007b       0x7c Drivers/STM32F7xx_HAL_Driver/Src/stm32f7xx_hal.o
 .comment       0x000000000000007b       0x7c Drivers/STM32F7xx_HAL_Driver/Src/stm32f7xx_hal_cortex.o
 .comment       0x000000000000007b       0x7c Drivers/STM32F7xx_HAL_Driver/Src/stm32f7xx_hal_flash.o
 .comment       0x000000000000007b       0x7c Drivers/STM32F7xx_HAL_Driver/Src/stm32f7xx_hal_flash_ex.o
 .comment       0x000000000000007b       0x7c Drivers/STM32F7xx_HAL_Driver/Src/stm32f7xx_hal_pwr.o
 .comment       0x000000000000007b       0x7c Drivers/STM32F7xx_HAL_Driver/Src/stm32f7xx_hal_rcc.o
 .comment       0x000000000000007b       0x7c Drivers/STM32F7xx_HAL_Driver/Src/stm32f7xx_hal_tim.o
 .comment       0x000000000000007b       0x7c Drivers/STM32F7xx_HAL_Driver/Src/stm32f7xx_hal_tim_ex.o
 .comment       0x000000000000007b       0x7c Drivers/STM32F7xx_HAL_Driver/Src/stm32f7xx_ll_gpio.o
 .comment       0x000000000000007b       0x7c Drivers/STM32F7xx_HAL_Driver/Src/stm32f7xx_ll_rcc.o
 .comment       0x000000000000007b       0x7c Drivers/STM32F7xx_HAL_Driver/Src/stm32f7xx_ll_usart.o
 .comment       0x000000000000007b       0x7c Drivers/STM32F7xx_HAL_Driver/Src/stm32f7xx_ll_utils.o

.debug_frame    0x0000000000000000     0x1eec
 .debug_frame   0x0000000000000000       0x3c Core/Src/dma.o
 .debug_frame   0x000000000000003c       0x58 Core/Src/gpio.o
 .debug_frame   0x0000000000000094       0x78 Core/Src/main.o
 .debug_frame   0x000000000000010c       0x9c Core/Src/mbotLinuxUsart.o
 .debug_frame   0x00000000000001a8       0x2c Core/Src/stm32f7xx_hal_msp.o
 .debug_frame   0x00000000000001d4       0x50 Core/Src/stm32f7xx_hal_timebase_tim.o
 .debug_frame   0x0000000000000224      0x110 Core/Src/stm32f7xx_it.o
 .debug_frame   0x0000000000000334       0x38 Core/Src/system_stm32f7xx.o
 .debug_frame   0x000000000000036c       0x34 Core/Src/usart.o
 .debug_frame   0x00000000000003a0      0x234 Drivers/STM32F7xx_HAL_Driver/Src/stm32f7xx_hal.o
 .debug_frame   0x00000000000005d4      0x158 Drivers/STM32F7xx_HAL_Driver/Src/stm32f7xx_hal_cortex.o
 .debug_frame   0x000000000000072c      0x15c Drivers/STM32F7xx_HAL_Driver/Src/stm32f7xx_hal_flash.o
 .debug_frame   0x0000000000000888       0x98 Drivers/STM32F7xx_HAL_Driver/Src/stm32f7xx_hal_flash_ex.o
 .debug_frame   0x0000000000000920      0x130 Drivers/STM32F7xx_HAL_Driver/Src/stm32f7xx_hal_pwr.o
 .debug_frame   0x0000000000000a50      0x148 Drivers/STM32F7xx_HAL_Driver/Src/stm32f7xx_hal_rcc.o
 .debug_frame   0x0000000000000b98      0xa14 Drivers/STM32F7xx_HAL_Driver/Src/stm32f7xx_hal_tim.o
 .debug_frame   0x00000000000015ac      0x418 Drivers/STM32F7xx_HAL_Driver/Src/stm32f7xx_hal_tim_ex.o
 .debug_frame   0x00000000000019c4       0x80 Drivers/STM32F7xx_HAL_Driver/Src/stm32f7xx_ll_gpio.o
 .debug_frame   0x0000000000001a44      0x304 Drivers/STM32F7xx_HAL_Driver/Src/stm32f7xx_ll_rcc.o
 .debug_frame   0x0000000000001d48       0x78 Drivers/STM32F7xx_HAL_Driver/Src/stm32f7xx_ll_usart.o
 .debug_frame   0x0000000000001dc0       0xe0 Drivers/STM32F7xx_HAL_Driver/Src/stm32f7xx_ll_utils.o
 .debug_frame   0x0000000000001ea0       0x2c d:/my_software/stm32_cubeide_/stm32/stm32cubeide_1.5.0/stm32cubeide/plugins/com.st.stm32cube.ide.mcu.externaltools.gnu-tools-for-stm32.7-2018-q2-update.win32_1.5.0.202011040924/tools/bin/../lib/gcc/arm-none-eabi/7.3.1/../../../../arm-none-eabi/lib/thumb/v7e-m/fpv5/hard\libc_nano.a(lib_a-init.o)
 .debug_frame   0x0000000000001ecc       0x20 d:/my_software/stm32_cubeide_/stm32/stm32cubeide_1.5.0/stm32cubeide/plugins/com.st.stm32cube.ide.mcu.externaltools.gnu-tools-for-stm32.7-2018-q2-update.win32_1.5.0.202011040924/tools/bin/../lib/gcc/arm-none-eabi/7.3.1/../../../../arm-none-eabi/lib/thumb/v7e-m/fpv5/hard\libc_nano.a(lib_a-memset.o)
