Archive member included to satisfy reference by file (symbol)

e:/stm32cubemxide/stm32cubeide_1.5.0/stm32cubeide/plugins/com.st.stm32cube.ide.mcu.externaltools.gnu-tools-for-stm32.7-2018-q2-update.win32_1.5.0.202011040924/tools/bin/../lib/gcc/arm-none-eabi/7.3.1/../../../../arm-none-eabi/lib/thumb/v7e-m/fpv5/hard\libc_nano.a(lib_a-errno.o)
                              Core/Src/syscalls.o (__errno)
e:/stm32cubemxide/stm32cubeide_1.5.0/stm32cubeide/plugins/com.st.stm32cube.ide.mcu.externaltools.gnu-tools-for-stm32.7-2018-q2-update.win32_1.5.0.202011040924/tools/bin/../lib/gcc/arm-none-eabi/7.3.1/../../../../arm-none-eabi/lib/thumb/v7e-m/fpv5/hard\libc_nano.a(lib_a-exit.o)
                              e:/stm32cubemxide/stm32cubeide_1.5.0/stm32cubeide/plugins/com.st.stm32cube.ide.mcu.externaltools.gnu-tools-for-stm32.7-2018-q2-update.win32_1.5.0.202011040924/tools/bin/../lib/gcc/arm-none-eabi/7.3.1/../../../../arm-none-eabi/lib/thumb/v7e-m/fpv5/hard/crt0.o (exit)
e:/stm32cubemxide/stm32cubeide_1.5.0/stm32cubeide/plugins/com.st.stm32cube.ide.mcu.externaltools.gnu-tools-for-stm32.7-2018-q2-update.win32_1.5.0.202011040924/tools/bin/../lib/gcc/arm-none-eabi/7.3.1/../../../../arm-none-eabi/lib/thumb/v7e-m/fpv5/hard\libc_nano.a(lib_a-impure.o)
                              e:/stm32cubemxide/stm32cubeide_1.5.0/stm32cubeide/plugins/com.st.stm32cube.ide.mcu.externaltools.gnu-tools-for-stm32.7-2018-q2-update.win32_1.5.0.202011040924/tools/bin/../lib/gcc/arm-none-eabi/7.3.1/../../../../arm-none-eabi/lib/thumb/v7e-m/fpv5/hard\libc_nano.a(lib_a-exit.o) (_global_impure_ptr)
e:/stm32cubemxide/stm32cubeide_1.5.0/stm32cubeide/plugins/com.st.stm32cube.ide.mcu.externaltools.gnu-tools-for-stm32.7-2018-q2-update.win32_1.5.0.202011040924/tools/bin/../lib/gcc/arm-none-eabi/7.3.1/../../../../arm-none-eabi/lib/thumb/v7e-m/fpv5/hard\libc_nano.a(lib_a-init.o)
                              e:/stm32cubemxide/stm32cubeide_1.5.0/stm32cubeide/plugins/com.st.stm32cube.ide.mcu.externaltools.gnu-tools-for-stm32.7-2018-q2-update.win32_1.5.0.202011040924/tools/bin/../lib/gcc/arm-none-eabi/7.3.1/../../../../arm-none-eabi/lib/thumb/v7e-m/fpv5/hard/crt0.o (__libc_init_array)
e:/stm32cubemxide/stm32cubeide_1.5.0/stm32cubeide/plugins/com.st.stm32cube.ide.mcu.externaltools.gnu-tools-for-stm32.7-2018-q2-update.win32_1.5.0.202011040924/tools/bin/../lib/gcc/arm-none-eabi/7.3.1/../../../../arm-none-eabi/lib/thumb/v7e-m/fpv5/hard\libc_nano.a(lib_a-memset.o)
                              e:/stm32cubemxide/stm32cubeide_1.5.0/stm32cubeide/plugins/com.st.stm32cube.ide.mcu.externaltools.gnu-tools-for-stm32.7-2018-q2-update.win32_1.5.0.202011040924/tools/bin/../lib/gcc/arm-none-eabi/7.3.1/../../../../arm-none-eabi/lib/thumb/v7e-m/fpv5/hard/crt0.o (memset)
e:/stm32cubemxide/stm32cubeide_1.5.0/stm32cubeide/plugins/com.st.stm32cube.ide.mcu.externaltools.gnu-tools-for-stm32.7-2018-q2-update.win32_1.5.0.202011040924/tools/bin/../lib/gcc/arm-none-eabi/7.3.1/thumb/v7e-m/fpv5/hard\libgcc.a(_aeabi_uldivmod.o)
                              Drivers/STM32F7xx_HAL_Driver/Src/stm32f7xx_hal_rcc.o (__aeabi_uldivmod)
e:/stm32cubemxide/stm32cubeide_1.5.0/stm32cubeide/plugins/com.st.stm32cube.ide.mcu.externaltools.gnu-tools-for-stm32.7-2018-q2-update.win32_1.5.0.202011040924/tools/bin/../lib/gcc/arm-none-eabi/7.3.1/thumb/v7e-m/fpv5/hard\libgcc.a(_udivmoddi4.o)
                              e:/stm32cubemxide/stm32cubeide_1.5.0/stm32cubeide/plugins/com.st.stm32cube.ide.mcu.externaltools.gnu-tools-for-stm32.7-2018-q2-update.win32_1.5.0.202011040924/tools/bin/../lib/gcc/arm-none-eabi/7.3.1/thumb/v7e-m/fpv5/hard\libgcc.a(_aeabi_uldivmod.o) (__udivmoddi4)
e:/stm32cubemxide/stm32cubeide_1.5.0/stm32cubeide/plugins/com.st.stm32cube.ide.mcu.externaltools.gnu-tools-for-stm32.7-2018-q2-update.win32_1.5.0.202011040924/tools/bin/../lib/gcc/arm-none-eabi/7.3.1/thumb/v7e-m/fpv5/hard\libgcc.a(_dvmd_tls.o)
                              e:/stm32cubemxide/stm32cubeide_1.5.0/stm32cubeide/plugins/com.st.stm32cube.ide.mcu.externaltools.gnu-tools-for-stm32.7-2018-q2-update.win32_1.5.0.202011040924/tools/bin/../lib/gcc/arm-none-eabi/7.3.1/thumb/v7e-m/fpv5/hard\libgcc.a(_aeabi_uldivmod.o) (__aeabi_ldiv0)

Allocating common symbols
Common symbol       size              file

angleNow            0x2               Core/Src/mbotLinuxUsart.o
uwTick              0x4               Drivers/STM32F7xx_HAL_Driver/Src/stm32f7xx_hal.o
pFlash              0x1c              Drivers/STM32F7xx_HAL_Driver/Src/stm32f7xx_hal_flash.o
rightVelNow         0x2               Core/Src/mbotLinuxUsart.o
rightVelSet         0x2               Core/Src/mbotLinuxUsart.o
leftVelSet          0x2               Core/Src/mbotLinuxUsart.o
leftVelNow          0x2               Core/Src/mbotLinuxUsart.o
htim7               0x40              Core/Src/stm32f7xx_hal_timebase_tim.o

Discarded input sections

[...]
Memory Configuration

Name             Origin             Length             Attributes
RAM              0x0000000020000000 0x0000000000080000 xrw
FLASH            0x0000000008000000 0x0000000000200000 xr
*default*        0x0000000000000000 0xffffffffffffffff

Linker script and memory map

LOAD e:/stm32cubemxide/stm32cubeide_1.5.0/stm32cubeide/plugins/com.st.stm32cube.ide.mcu.externaltools.gnu-tools-for-stm32.7-2018-q2-update.win32_1.5.0.202011040924/tools/bin/../lib/gcc/arm-none-eabi/7.3.1/thumb/v7e-m/fpv5/hard/crti.o
LOAD e:/stm32cubemxide/stm32cubeide_1.5.0/stm32cubeide/plugins/com.st.stm32cube.ide.mcu.externaltools.gnu-tools-for-stm32.7-2018-q2-update.win32_1.5.0.202011040924/tools/bin/../lib/gcc/arm-none-eabi/7.3.1/thumb/v7e-m/fpv5/hard/crtbegin.o
LOAD e:/stm32cubemxide/stm32cubeide_1.5.0/stm32cubeide/plugins/com.st.stm32cube.ide.mcu.externaltools.gnu-tools-for-stm32.7-2018-q2-update.win32_1.5.0.202011040924/tools/bin/../lib/gcc/arm-none-eabi/7.3.1/../../../../arm-none-eabi/lib/thumb/v7e-m/fpv5/hard/crt0.o
LOAD Core/Src/dma.o
LOAD Core/Src/gpio.o
LOAD Core/Src/main.o
LOAD Core/Src/mbotLinuxUsart.o
LOAD Core/Src/stm32f7xx_hal_msp.o
LOAD Core/Src/stm32f7xx_hal_timebase_tim.o
LOAD Core/Src/stm32f7xx_it.o
LOAD Core/Src/syscalls.o
LOAD Core/Src/sysmem.o
LOAD Core/Src/system_stm32f7xx.o
LOAD Core/Src/usart.o
LOAD Core/Startup/startup_stm32f767vitx.o
LOAD Drivers/STM32F7xx_HAL_Driver/Src/stm32f7xx_hal.o
LOAD Drivers/STM32F7xx_HAL_Driver/Src/stm32f7xx_hal_cortex.o
LOAD Drivers/STM32F7xx_HAL_Driver/Src/stm32f7xx_hal_dma.o
LOAD Drivers/STM32F7xx_HAL_Driver/Src/stm32f7xx_hal_dma_ex.o
LOAD Drivers/STM32F7xx_HAL_Driver/Src/stm32f7xx_hal_exti.o
LOAD Drivers/STM32F7xx_HAL_Driver/Src/stm32f7xx_hal_flash.o
LOAD Drivers/STM32F7xx_HAL_Driver/Src/stm32f7xx_hal_flash_ex.o
LOAD Drivers/STM32F7xx_HAL_Driver/Src/stm32f7xx_hal_gpio.o
LOAD Drivers/STM32F7xx_HAL_Driver/Src/stm32f7xx_hal_i2c.o
LOAD Drivers/STM32F7xx_HAL_Driver/Src/stm32f7xx_hal_i2c_ex.o
LOAD Drivers/STM32F7xx_HAL_Driver/Src/stm32f7xx_hal_pwr.o
LOAD Drivers/STM32F7xx_HAL_Driver/Src/stm32f7xx_hal_pwr_ex.o
LOAD Drivers/STM32F7xx_HAL_Driver/Src/stm32f7xx_hal_rcc.o
LOAD Drivers/STM32F7xx_HAL_Driver/Src/stm32f7xx_hal_rcc_ex.o
LOAD Drivers/STM32F7xx_HAL_Driver/Src/stm32f7xx_hal_tim.o
LOAD Drivers/STM32F7xx_HAL_Driver/Src/stm32f7xx_hal_tim_ex.o
LOAD Drivers/STM32F7xx_HAL_Driver/Src/stm32f7xx_ll_dma.o
LOAD Drivers/STM32F7xx_HAL_Driver/Src/stm32f7xx_ll_exti.o
LOAD Drivers/STM32F7xx_HAL_Driver/Src/stm32f7xx_ll_gpio.o
LOAD Drivers/STM32F7xx_HAL_Driver/Src/stm32f7xx_ll_rcc.o
LOAD Drivers/STM32F7xx_HAL_Driver/Src/stm32f7xx_ll_usart.o
LOAD Drivers/STM32F7xx_HAL_Driver/Src/stm32f7xx_ll_utils.o
START GROUP
LOAD e:/stm32cubemxide/stm32cubeide_1.5.0/stm32cubeide/plugins/com.st.stm32cube.ide.mcu.externaltools.gnu-tools-for-stm32.7-2018-q2-update.win32_1.5.0.202011040924/tools/bin/../lib/gcc/arm-none-eabi/7.3.1/../../../../arm-none-eabi/lib/thumb/v7e-m/fpv5/hard\libc_nano.a
LOAD e:/stm32cubemxide/stm32cubeide_1.5.0/stm32cubeide/plugins/com.st.stm32cube.ide.mcu.externaltools.gnu-tools-for-stm32.7-2018-q2-update.win32_1.5.0.202011040924/tools/bin/../lib/gcc/arm-none-eabi/7.3.1/../../../../arm-none-eabi/lib/thumb/v7e-m/fpv5/hard\libm.a
END GROUP
START GROUP
LOAD e:/stm32cubemxide/stm32cubeide_1.5.0/stm32cubeide/plugins/com.st.stm32cube.ide.mcu.externaltools.gnu-tools-for-stm32.7-2018-q2-update.win32_1.5.0.202011040924/tools/bin/../lib/gcc/arm-none-eabi/7.3.1/thumb/v7e-m/fpv5/hard\libgcc.a
LOAD e:/stm32cubemxide/stm32cubeide_1.5.0/stm32cubeide/plugins/com.st.stm32cube.ide.mcu.externaltools.gnu-tools-for-stm32.7-2018-q2-update.win32_1.5.0.202011040924/tools/bin/../lib/gcc/arm-none-eabi/7.3.1/../../../../arm-none-eabi/lib/thumb/v7e-m/fpv5/hard\libc_nano.a
END GROUP
START GROUP
LOAD e:/stm32cubemxide/stm32cubeide_1.5.0/stm32cubeide/plugins/com.st.stm32cube.ide.mcu.externaltools.gnu-tools-for-stm32.7-2018-q2-update.win32_1.5.0.202011040924/tools/bin/../lib/gcc/arm-none-eabi/7.3.1/thumb/v7e-m/fpv5/hard\libgcc.a
LOAD e:/stm32cubemxide/stm32cubeide_1.5.0/stm32cubeide/plugins/com.st.stm32cube.ide.mcu.externaltools.gnu-tools-for-stm32.7-2018-q2-update.win32_1.5.0.202011040924/tools/bin/../lib/gcc/arm-none-eabi/7.3.1/../../../../arm-none-eabi/lib/thumb/v7e-m/fpv5/hard\libc_nano.a
LOAD e:/stm32cubemxide/stm32cubeide_1.5.0/stm32cubeide/plugins/com.st.stm32cube.ide.mcu.externaltools.gnu-tools-for-stm32.7-2018-q2-update.win32_1.5.0.202011040924/tools/bin/../lib/gcc/arm-none-eabi/7.3.1/../../../../arm-none-eabi/lib/thumb/v7e-m/fpv5/hard\libnosys.a
END GROUP
START GROUP
LOAD e:/stm32cubemxide/stm32cubeide_1.5.0/stm32cubeide/plugins/com.st.stm32cube.ide.mcu.externaltools.gnu-tools-for-stm32.7-2018-q2-update.win32_1.5.0.202011040924/tools/bin/../lib/gcc/arm-none-eabi/7.3.1/thumb/v7e-m/fpv5/hard\libgcc.a
LOAD e:/stm32cubemxide/stm32cubeide_1.5.0/stm32cubeide/plugins/com.st.stm32cube.ide.mcu.externaltools.gnu-tools-for-stm32.7-2018-q2-update.win32_1.5.0.202011040924/tools/bin/../lib/gcc/arm-none-eabi/7.3.1/../../../../arm-none-eabi/lib/thumb/v7e-m/fpv5/hard\libc_nano.a
LOAD e:/stm32cubemxide/stm32cubeide_1.5.0/stm32cubeide/plugins/com.st.stm32cube.ide.mcu.externaltools.gnu-tools-for-stm32.7-2018-q2-update.win32_1.5.0.202011040924/tools/bin/../lib/gcc/arm-none-eabi/7.3.1/../../../../arm-none-eabi/lib/thumb/v7e-m/fpv5/hard\libnosys.a
END GROUP
LOAD e:/stm32cubemxide/stm32cubeide_1.5.0/stm32cubeide/plugins/com.st.stm32cube.ide.mcu.externaltools.gnu-tools-for-stm32.7-2018-q2-update.win32_1.5.0.202011040924/tools/bin/../lib/gcc/arm-none-eabi/7.3.1/thumb/v7e-m/fpv5/hard/crtend.o
LOAD e:/stm32cubemxide/stm32cubeide_1.5.0/stm32cubeide/plugins/com.st.stm32cube.ide.mcu.externaltools.gnu-tools-for-stm32.7-2018-q2-update.win32_1.5.0.202011040924/tools/bin/../lib/gcc/arm-none-eabi/7.3.1/thumb/v7e-m/fpv5/hard/crtn.o
                0x0000000020080000                _estack = (ORIGIN (RAM) + LENGTH (RAM))
                0x0000000000000200                _Min_Heap_Size = 0x200
                0x0000000000000400                _Min_Stack_Size = 0x400

.isr_vector     0x0000000008000000      0x1f8
                0x0000000008000000                . = ALIGN (0x4)
 *(.isr_vector)
 .isr_vector    0x0000000008000000      0x1f8 Core/Startup/startup_stm32f767vitx.o
                0x0000000008000000                g_pfnVectors
                0x00000000080001f8                . = ALIGN (0x4)

.text           0x00000000080001f8     0x3110
                0x00000000080001f8                . = ALIGN (0x4)
 *(.text)
 .text          0x00000000080001f8       0x40 e:/stm32cubemxide/stm32cubeide_1.5.0/stm32cubeide/plugins/com.st.stm32cube.ide.mcu.externaltools.gnu-tools-for-stm32.7-2018-q2-update.win32_1.5.0.202011040924/tools/bin/../lib/gcc/arm-none-eabi/7.3.1/thumb/v7e-m/fpv5/hard/crtbegin.o
 *(.text*)
 .text.__NVIC_GetPriorityGrouping
                0x0000000008000238       0x1c Core/Src/dma.o
 .text.__NVIC_EnableIRQ
                0x0000000008000254       0x3c Core/Src/dma.o
 .text.__NVIC_SetPriority
                0x0000000008000290       0x54 Core/Src/dma.o
 .text.NVIC_EncodePriority
                0x00000000080002e4       0x66 Core/Src/dma.o
 *fill*         0x000000000800034a        0x2 
 .text.LL_AHB1_GRP1_EnableClock
                0x000000000800034c       0x30 Core/Src/dma.o
 .text.MX_DMA_Init
                0x000000000800037c       0x50 Core/Src/dma.o
                0x000000000800037c                MX_DMA_Init
 .text.LL_AHB1_GRP1_EnableClock
                0x00000000080003cc       0x30 Core/Src/gpio.o
 .text.MX_GPIO_Init
                0x00000000080003fc      0x74c Core/Src/gpio.o
                0x00000000080003fc                MX_GPIO_Init
 .text.LL_RCC_HSE_Enable
                0x0000000008000b48       0x20 Core/Src/main.o
 .text.LL_RCC_HSE_IsReady
                0x0000000008000b68       0x28 Core/Src/main.o
 .text.LL_RCC_SetSysClkSource
                0x0000000008000b90       0x28 Core/Src/main.o
 .text.LL_RCC_GetSysClkSource
                0x0000000008000bb8       0x1c Core/Src/main.o
 .text.LL_RCC_SetAHBPrescaler
                0x0000000008000bd4       0x28 Core/Src/main.o
 .text.LL_RCC_SetAPB1Prescaler
                0x0000000008000bfc       0x28 Core/Src/main.o
 .text.LL_RCC_SetAPB2Prescaler
                0x0000000008000c24       0x28 Core/Src/main.o
 .text.LL_RCC_SetUSARTClockSource
                0x0000000008000c4c       0x34 Core/Src/main.o
 .text.LL_RCC_PLL_Enable
                0x0000000008000c80       0x20 Core/Src/main.o
 .text.LL_RCC_PLL_IsReady
                0x0000000008000ca0       0x28 Core/Src/main.o
 .text.LL_RCC_PLL_ConfigDomain_SYS
                0x0000000008000cc8       0x40 Core/Src/main.o
 .text.LL_FLASH_SetLatency
                0x0000000008000d08       0x28 Core/Src/main.o
 .text.LL_FLASH_GetLatency
                0x0000000008000d30       0x1c Core/Src/main.o
 .text.LL_PWR_EnableOverDriveMode
                0x0000000008000d4c       0x20 Core/Src/main.o
 .text.LL_PWR_SetRegulVoltageScaling
                0x0000000008000d6c       0x28 Core/Src/main.o
 .text.LL_USART_IsActiveFlag_IDLE
                0x0000000008000d94       0x26 Core/Src/main.o
 .text.LL_USART_ClearFlag_IDLE
                0x0000000008000dba       0x1a Core/Src/main.o
 .text.main     0x0000000008000dd4       0x4c Core/Src/main.o
                0x0000000008000dd4                main
 .text.SystemClock_Config
                0x0000000008000e20       0xa0 Core/Src/main.o
                0x0000000008000e20                SystemClock_Config
 .text.HAL_TIM_PeriodElapsedCallback
                0x0000000008000ec0       0x24 Core/Src/main.o
                0x0000000008000ec0                HAL_TIM_PeriodElapsedCallback
 .text.Error_Handler
                0x0000000008000ee4        0xe Core/Src/main.o
                0x0000000008000ee4                Error_Handler
 *fill*         0x0000000008000ef2        0x2 
 .text.USART1_IRQHandler
                0x0000000008000ef4       0x34 Core/Src/main.o
                0x0000000008000ef4                USART1_IRQHandler
 .text.LL_USART_ReceiveData8
                0x0000000008000f28       0x1a Core/Src/mbotLinuxUsart.o
 *fill*         0x0000000008000f42        0x2 
 .text.usartReceiveOneData
                0x0000000008000f44      0x238 Core/Src/mbotLinuxUsart.o
                0x0000000008000f44                usartReceiveOneData
 .text.usartSendData
                0x000000000800117c      0x140 Core/Src/mbotLinuxUsart.o
                0x000000000800117c                usartSendData
 .text.USART_Send_String
                0x00000000080012bc       0x58 Core/Src/mbotLinuxUsart.o
                0x00000000080012bc                USART_Send_String
 .text.getCrc8  0x0000000008001314       0x6a Core/Src/mbotLinuxUsart.o
                0x0000000008001314                getCrc8
 *fill*         0x000000000800137e        0x2 
 .text.HAL_MspInit
                0x0000000008001380       0x90 Core/Src/stm32f7xx_hal_msp.o
                0x0000000008001380                HAL_MspInit
 .text.HAL_InitTick
                0x0000000008001410       0xb0 Core/Src/stm32f7xx_hal_timebase_tim.o
                0x0000000008001410                HAL_InitTick
 .text.NMI_Handler
                0x00000000080014c0        0x6 Core/Src/stm32f7xx_it.o
                0x00000000080014c0                NMI_Handler
 .text.HardFault_Handler
                0x00000000080014c6        0x6 Core/Src/stm32f7xx_it.o
                0x00000000080014c6                HardFault_Handler
 .text.MemManage_Handler
                0x00000000080014cc        0x6 Core/Src/stm32f7xx_it.o
                0x00000000080014cc                MemManage_Handler
 .text.BusFault_Handler
                0x00000000080014d2        0x6 Core/Src/stm32f7xx_it.o
                0x00000000080014d2                BusFault_Handler
 .text.UsageFault_Handler
                0x00000000080014d8        0x6 Core/Src/stm32f7xx_it.o
                0x00000000080014d8                UsageFault_Handler
 .text.SVC_Handler
                0x00000000080014de        0xe Core/Src/stm32f7xx_it.o
                0x00000000080014de                SVC_Handler
 .text.DebugMon_Handler
                0x00000000080014ec        0xe Core/Src/stm32f7xx_it.o
                0x00000000080014ec                DebugMon_Handler
 .text.PendSV_Handler
                0x00000000080014fa        0xe Core/Src/stm32f7xx_it.o
                0x00000000080014fa                PendSV_Handler
 .text.SysTick_Handler
                0x0000000008001508        0xe Core/Src/stm32f7xx_it.o
                0x0000000008001508                SysTick_Handler
 .text.PVD_IRQHandler
                0x0000000008001516        0xc Core/Src/stm32f7xx_it.o
                0x0000000008001516                PVD_IRQHandler
 .text.FLASH_IRQHandler
                0x0000000008001522        0xc Core/Src/stm32f7xx_it.o
                0x0000000008001522                FLASH_IRQHandler
 .text.RCC_IRQHandler
                0x000000000800152e        0xe Core/Src/stm32f7xx_it.o
                0x000000000800152e                RCC_IRQHandler
 .text.TIM7_IRQHandler
                0x000000000800153c       0x14 Core/Src/stm32f7xx_it.o
                0x000000000800153c                TIM7_IRQHandler
 .text.DMA2_Stream5_IRQHandler
                0x0000000008001550        0xe Core/Src/stm32f7xx_it.o
                0x0000000008001550                DMA2_Stream5_IRQHandler
 .text.DMA2_Stream7_IRQHandler
                0x000000000800155e        0xe Core/Src/stm32f7xx_it.o
                0x000000000800155e                DMA2_Stream7_IRQHandler
 .text.FPU_IRQHandler
                0x000000000800156c        0xe Core/Src/stm32f7xx_it.o
                0x000000000800156c                FPU_IRQHandler
 *fill*         0x000000000800157a        0x2 
 .text.SystemInit
                0x000000000800157c       0x2c Core/Src/system_stm32f7xx.o
                0x000000000800157c                SystemInit
 .text.__NVIC_GetPriorityGrouping
                0x00000000080015a8       0x1c Core/Src/usart.o
 .text.__NVIC_EnableIRQ
                0x00000000080015c4       0x3c Core/Src/usart.o
 .text.__NVIC_SetPriority
                0x0000000008001600       0x54 Core/Src/usart.o
 .text.NVIC_EncodePriority
                0x0000000008001654       0x66 Core/Src/usart.o
 *fill*         0x00000000080016ba        0x2 
 .text.LL_DMA_SetDataTransferDirection
                0x00000000080016bc       0x48 Core/Src/usart.o
 .text.LL_DMA_SetMode
                0x0000000008001704       0x48 Core/Src/usart.o
 .text.LL_DMA_SetPeriphIncMode
                0x000000000800174c       0x48 Core/Src/usart.o
 .text.LL_DMA_SetMemoryIncMode
                0x0000000008001794       0x48 Core/Src/usart.o
 .text.LL_DMA_SetPeriphSize
                0x00000000080017dc       0x48 Core/Src/usart.o
 .text.LL_DMA_SetMemorySize
                0x0000000008001824       0x48 Core/Src/usart.o
 .text.LL_DMA_SetStreamPriorityLevel
                0x000000000800186c       0x48 Core/Src/usart.o
 .text.LL_DMA_SetChannelSelection
                0x00000000080018b4       0x48 Core/Src/usart.o
 .text.LL_DMA_DisableFifoMode
                0x00000000080018fc       0x40 Core/Src/usart.o
 .text.LL_AHB1_GRP1_EnableClock
                0x000000000800193c       0x30 Core/Src/usart.o
 .text.LL_APB2_GRP1_EnableClock
                0x000000000800196c       0x30 Core/Src/usart.o
 .text.LL_USART_Enable
                0x000000000800199c       0x20 Core/Src/usart.o
 .text.LL_USART_DisableOverrunDetect
                0x00000000080019bc       0x20 Core/Src/usart.o
 .text.LL_USART_ConfigAsyncMode
                0x00000000080019dc       0x2c Core/Src/usart.o
 .text.LL_USART_DisableDMADeactOnRxErr
                0x0000000008001a08       0x20 Core/Src/usart.o
 .text.MX_USART1_UART_Init
                0x0000000008001a28      0x1ac Core/Src/usart.o
                0x0000000008001a28                MX_USART1_UART_Init
 .text.Reset_Handler
                0x0000000008001bd4       0x50 Core/Startup/startup_stm32f767vitx.o
                0x0000000008001bd4                Reset_Handler
 .text.Default_Handler
                0x0000000008001c24        0x2 Core/Startup/startup_stm32f767vitx.o
                0x0000000008001c24                RTC_Alarm_IRQHandler
                0x0000000008001c24                EXTI2_IRQHandler
                0x0000000008001c24                TIM8_CC_IRQHandler
                0x0000000008001c24                UART8_IRQHandler
                0x0000000008001c24                SPI4_IRQHandler
                0x0000000008001c24                TIM1_CC_IRQHandler
                0x0000000008001c24                JPEG_IRQHandler
                0x0000000008001c24                DMA1_Stream5_IRQHandler
                0x0000000008001c24                CAN3_RX1_IRQHandler
                0x0000000008001c24                TAMP_STAMP_IRQHandler
                0x0000000008001c24                CAN2_RX1_IRQHandler
                0x0000000008001c24                EXTI3_IRQHandler
                0x0000000008001c24                TIM8_TRG_COM_TIM14_IRQHandler
                0x0000000008001c24                DFSDM1_FLT1_IRQHandler
                0x0000000008001c24                TIM1_UP_TIM10_IRQHandler
                0x0000000008001c24                TIM8_UP_TIM13_IRQHandler
                0x0000000008001c24                I2C3_ER_IRQHandler
                0x0000000008001c24                DFSDM1_FLT2_IRQHandler
                0x0000000008001c24                EXTI0_IRQHandler
                0x0000000008001c24                I2C2_EV_IRQHandler
                0x0000000008001c24                DMA1_Stream2_IRQHandler
                0x0000000008001c24                CAN1_RX0_IRQHandler
                0x0000000008001c24                OTG_HS_WKUP_IRQHandler
                0x0000000008001c24                CAN3_SCE_IRQHandler
                0x0000000008001c24                LTDC_ER_IRQHandler
                0x0000000008001c24                CAN2_SCE_IRQHandler
                0x0000000008001c24                DMA2_Stream2_IRQHandler
                0x0000000008001c24                SPI1_IRQHandler
                0x0000000008001c24                TIM6_DAC_IRQHandler
                0x0000000008001c24                TIM1_BRK_TIM9_IRQHandler
                0x0000000008001c24                DCMI_IRQHandler
                0x0000000008001c24                CAN2_RX0_IRQHandler
                0x0000000008001c24                DMA2_Stream3_IRQHandler
                0x0000000008001c24                SAI2_IRQHandler
                0x0000000008001c24                DFSDM1_FLT3_IRQHandler
                0x0000000008001c24                USART6_IRQHandler
                0x0000000008001c24                CAN3_RX0_IRQHandler
                0x0000000008001c24                USART3_IRQHandler
                0x0000000008001c24                CAN1_RX1_IRQHandler
                0x0000000008001c24                UART5_IRQHandler
                0x0000000008001c24                DMA2_Stream0_IRQHandler
                0x0000000008001c24                TIM4_IRQHandler
                0x0000000008001c24                QUADSPI_IRQHandler
                0x0000000008001c24                I2C1_EV_IRQHandler
                0x0000000008001c24                DMA1_Stream6_IRQHandler
                0x0000000008001c24                DMA1_Stream1_IRQHandler
                0x0000000008001c24                UART4_IRQHandler
                0x0000000008001c24                TIM3_IRQHandler
                0x0000000008001c24                TIM8_BRK_TIM12_IRQHandler
                0x0000000008001c24                Default_Handler
                0x0000000008001c24                CEC_IRQHandler
                0x0000000008001c24                EXTI15_10_IRQHandler
                0x0000000008001c24                ADC_IRQHandler
                0x0000000008001c24                DMA1_Stream7_IRQHandler
                0x0000000008001c24                SPI5_IRQHandler
                0x0000000008001c24                SDMMC1_IRQHandler
                0x0000000008001c24                CAN2_TX_IRQHandler
                0x0000000008001c24                TIM5_IRQHandler
                0x0000000008001c24                I2C3_EV_IRQHandler
                0x0000000008001c24                EXTI9_5_IRQHandler
                0x0000000008001c24                RTC_WKUP_IRQHandler
                0x0000000008001c24                LTDC_IRQHandler
                0x0000000008001c24                ETH_WKUP_IRQHandler
                0x0000000008001c24                SPDIF_RX_IRQHandler
                0x0000000008001c24                SPI2_IRQHandler
                0x0000000008001c24                OTG_HS_EP1_IN_IRQHandler
                0x0000000008001c24                DMA1_Stream0_IRQHandler
                0x0000000008001c24                CAN1_TX_IRQHandler
                0x0000000008001c24                EXTI4_IRQHandler
                0x0000000008001c24                RNG_IRQHandler
                0x0000000008001c24                ETH_IRQHandler
                0x0000000008001c24                OTG_HS_EP1_OUT_IRQHandler
                0x0000000008001c24                WWDG_IRQHandler
                0x0000000008001c24                SPI6_IRQHandler
                0x0000000008001c24                MDIOS_IRQHandler
                0x0000000008001c24                I2C4_EV_IRQHandler
                0x0000000008001c24                CAN3_TX_IRQHandler
                0x0000000008001c24                TIM2_IRQHandler
                0x0000000008001c24                OTG_FS_WKUP_IRQHandler
                0x0000000008001c24                TIM1_TRG_COM_TIM11_IRQHandler
                0x0000000008001c24                OTG_HS_IRQHandler
                0x0000000008001c24                DMA2D_IRQHandler
                0x0000000008001c24                EXTI1_IRQHandler
                0x0000000008001c24                SDMMC2_IRQHandler
                0x0000000008001c24                UART7_IRQHandler
                0x0000000008001c24                USART2_IRQHandler
                0x0000000008001c24                DFSDM1_FLT0_IRQHandler
                0x0000000008001c24                I2C2_ER_IRQHandler
                0x0000000008001c24                DMA2_Stream1_IRQHandler
                0x0000000008001c24                CAN1_SCE_IRQHandler
                0x0000000008001c24                DMA2_Stream4_IRQHandler
                0x0000000008001c24                OTG_FS_IRQHandler
                0x0000000008001c24                SPI3_IRQHandler
                0x0000000008001c24                DMA1_Stream4_IRQHandler
                0x0000000008001c24                I2C1_ER_IRQHandler
                0x0000000008001c24                FMC_IRQHandler
                0x0000000008001c24                LPTIM1_IRQHandler
                0x0000000008001c24                I2C4_ER_IRQHandler
                0x0000000008001c24                DMA2_Stream6_IRQHandler
                0x0000000008001c24                SAI1_IRQHandler
                0x0000000008001c24                DMA1_Stream3_IRQHandler
 .text.HAL_Init
                0x0000000008001c26       0x1a Drivers/STM32F7xx_HAL_Driver/Src/stm32f7xx_hal.o
                0x0000000008001c26                HAL_Init
 .text.HAL_IncTick
                0x0000000008001c40       0x28 Drivers/STM32F7xx_HAL_Driver/Src/stm32f7xx_hal.o
                0x0000000008001c40                HAL_IncTick
 .text.HAL_GetTick
                0x0000000008001c68       0x18 Drivers/STM32F7xx_HAL_Driver/Src/stm32f7xx_hal.o
                0x0000000008001c68                HAL_GetTick
 .text.HAL_Delay
                0x0000000008001c80       0x44 Drivers/STM32F7xx_HAL_Driver/Src/stm32f7xx_hal.o
                0x0000000008001c80                HAL_Delay
 .text.__NVIC_SetPriorityGrouping
                0x0000000008001cc4       0x48 Drivers/STM32F7xx_HAL_Driver/Src/stm32f7xx_hal_cortex.o
 .text.__NVIC_GetPriorityGrouping
                0x0000000008001d0c       0x1c Drivers/STM32F7xx_HAL_Driver/Src/stm32f7xx_hal_cortex.o
 .text.__NVIC_EnableIRQ
                0x0000000008001d28       0x3c Drivers/STM32F7xx_HAL_Driver/Src/stm32f7xx_hal_cortex.o
 .text.__NVIC_SetPriority
                0x0000000008001d64       0x54 Drivers/STM32F7xx_HAL_Driver/Src/stm32f7xx_hal_cortex.o
 .text.NVIC_EncodePriority
                0x0000000008001db8       0x66 Drivers/STM32F7xx_HAL_Driver/Src/stm32f7xx_hal_cortex.o
 .text.HAL_NVIC_SetPriorityGrouping
                0x0000000008001e1e       0x16 Drivers/STM32F7xx_HAL_Driver/Src/stm32f7xx_hal_cortex.o
                0x0000000008001e1e                HAL_NVIC_SetPriorityGrouping
 .text.HAL_NVIC_SetPriority
                0x0000000008001e34       0x38 Drivers/STM32F7xx_HAL_Driver/Src/stm32f7xx_hal_cortex.o
                0x0000000008001e34                HAL_NVIC_SetPriority
 .text.HAL_NVIC_EnableIRQ
                0x0000000008001e6c       0x1c Drivers/STM32F7xx_HAL_Driver/Src/stm32f7xx_hal_cortex.o
                0x0000000008001e6c                HAL_NVIC_EnableIRQ
 .text.HAL_FLASH_IRQHandler
                0x0000000008001e88      0x160 Drivers/STM32F7xx_HAL_Driver/Src/stm32f7xx_hal_flash.o
                0x0000000008001e88                HAL_FLASH_IRQHandler
 .text.HAL_FLASH_EndOfOperationCallback
                0x0000000008001fe8       0x14 Drivers/STM32F7xx_HAL_Driver/Src/stm32f7xx_hal_flash.o
                0x0000000008001fe8                HAL_FLASH_EndOfOperationCallback
 .text.HAL_FLASH_OperationErrorCallback
                0x0000000008001ffc       0x14 Drivers/STM32F7xx_HAL_Driver/Src/stm32f7xx_hal_flash.o
                0x0000000008001ffc                HAL_FLASH_OperationErrorCallback
 .text.FLASH_SetErrorCode
                0x0000000008002010       0x94 Drivers/STM32F7xx_HAL_Driver/Src/stm32f7xx_hal_flash.o
 .text.FLASH_Erase_Sector
                0x00000000080020a4       0xa0 Drivers/STM32F7xx_HAL_Driver/Src/stm32f7xx_hal_flash_ex.o
                0x00000000080020a4                FLASH_Erase_Sector
 .text.HAL_PWR_PVD_IRQHandler
                0x0000000008002144       0x24 Drivers/STM32F7xx_HAL_Driver/Src/stm32f7xx_hal_pwr.o
                0x0000000008002144                HAL_PWR_PVD_IRQHandler
 .text.HAL_PWR_PVDCallback
                0x0000000008002168        0xe Drivers/STM32F7xx_HAL_Driver/Src/stm32f7xx_hal_pwr.o
                0x0000000008002168                HAL_PWR_PVDCallback
 *fill*         0x0000000008002176        0x2 
 .text.HAL_RCC_GetHCLKFreq
                0x0000000008002178       0x18 Drivers/STM32F7xx_HAL_Driver/Src/stm32f7xx_hal_rcc.o
                0x0000000008002178                HAL_RCC_GetHCLKFreq
 .text.HAL_RCC_GetPCLK1Freq
                0x0000000008002190       0x28 Drivers/STM32F7xx_HAL_Driver/Src/stm32f7xx_hal_rcc.o
                0x0000000008002190                HAL_RCC_GetPCLK1Freq
 .text.HAL_RCC_GetClockConfig
                0x00000000080021b8       0x64 Drivers/STM32F7xx_HAL_Driver/Src/stm32f7xx_hal_rcc.o
                0x00000000080021b8                HAL_RCC_GetClockConfig
 .text.HAL_TIM_Base_Init
                0x000000000800221c       0x56 Drivers/STM32F7xx_HAL_Driver/Src/stm32f7xx_hal_tim.o
                0x000000000800221c                HAL_TIM_Base_Init
 .text.HAL_TIM_Base_MspInit
                0x0000000008002272       0x14 Drivers/STM32F7xx_HAL_Driver/Src/stm32f7xx_hal_tim.o
                0x0000000008002272                HAL_TIM_Base_MspInit
 *fill*         0x0000000008002286        0x2 
 .text.HAL_TIM_Base_Start_IT
                0x0000000008002288       0x54 Drivers/STM32F7xx_HAL_Driver/Src/stm32f7xx_hal_tim.o
                0x0000000008002288                HAL_TIM_Base_Start_IT
 .text.HAL_TIM_IRQHandler
                0x00000000080022dc      0x23e Drivers/STM32F7xx_HAL_Driver/Src/stm32f7xx_hal_tim.o
                0x00000000080022dc                HAL_TIM_IRQHandler
 .text.HAL_TIM_OC_DelayElapsedCallback
                0x000000000800251a       0x14 Drivers/STM32F7xx_HAL_Driver/Src/stm32f7xx_hal_tim.o
                0x000000000800251a                HAL_TIM_OC_DelayElapsedCallback
 .text.HAL_TIM_IC_CaptureCallback
                0x000000000800252e       0x14 Drivers/STM32F7xx_HAL_Driver/Src/stm32f7xx_hal_tim.o
                0x000000000800252e                HAL_TIM_IC_CaptureCallback
 .text.HAL_TIM_PWM_PulseFinishedCallback
                0x0000000008002542       0x14 Drivers/STM32F7xx_HAL_Driver/Src/stm32f7xx_hal_tim.o
                0x0000000008002542                HAL_TIM_PWM_PulseFinishedCallback
 .text.HAL_TIM_TriggerCallback
                0x0000000008002556       0x14 Drivers/STM32F7xx_HAL_Driver/Src/stm32f7xx_hal_tim.o
                0x0000000008002556                HAL_TIM_TriggerCallback
 *fill*         0x000000000800256a        0x2 
 .text.TIM_Base_SetConfig
                0x000000000800256c      0x140 Drivers/STM32F7xx_HAL_Driver/Src/stm32f7xx_hal_tim.o
                0x000000000800256c                TIM_Base_SetConfig
 .text.HAL_TIMEx_CommutCallback
                0x00000000080026ac       0x14 Drivers/STM32F7xx_HAL_Driver/Src/stm32f7xx_hal_tim_ex.o
                0x00000000080026ac                HAL_TIMEx_CommutCallback
 .text.HAL_TIMEx_BreakCallback
                0x00000000080026c0       0x14 Drivers/STM32F7xx_HAL_Driver/Src/stm32f7xx_hal_tim_ex.o
                0x00000000080026c0                HAL_TIMEx_BreakCallback
 .text.HAL_TIMEx_Break2Callback
                0x00000000080026d4       0x14 Drivers/STM32F7xx_HAL_Driver/Src/stm32f7xx_hal_tim_ex.o
                0x00000000080026d4                HAL_TIMEx_Break2Callback
 .text.LL_GPIO_SetPinMode
                0x00000000080026e8       0x5e Drivers/STM32F7xx_HAL_Driver/Src/stm32f7xx_ll_gpio.o
 .text.LL_GPIO_SetPinOutputType
                0x0000000008002746       0x30 Drivers/STM32F7xx_HAL_Driver/Src/stm32f7xx_ll_gpio.o
 .text.LL_GPIO_SetPinSpeed
                0x0000000008002776       0x5e Drivers/STM32F7xx_HAL_Driver/Src/stm32f7xx_ll_gpio.o
 .text.LL_GPIO_SetPinPull
                0x00000000080027d4       0x5e Drivers/STM32F7xx_HAL_Driver/Src/stm32f7xx_ll_gpio.o
 .text.LL_GPIO_SetAFPin_0_7
                0x0000000008002832       0x5e Drivers/STM32F7xx_HAL_Driver/Src/stm32f7xx_ll_gpio.o
 .text.LL_GPIO_SetAFPin_8_15
                0x0000000008002890       0x62 Drivers/STM32F7xx_HAL_Driver/Src/stm32f7xx_ll_gpio.o
 .text.LL_GPIO_Init
                0x00000000080028f2       0xe8 Drivers/STM32F7xx_HAL_Driver/Src/stm32f7xx_ll_gpio.o
                0x00000000080028f2                LL_GPIO_Init
 *fill*         0x00000000080029da        0x2 
 .text.LL_RCC_HSI_IsReady
                0x00000000080029dc       0x24 Drivers/STM32F7xx_HAL_Driver/Src/stm32f7xx_ll_rcc.o
 .text.LL_RCC_LSE_IsReady
                0x0000000008002a00       0x24 Drivers/STM32F7xx_HAL_Driver/Src/stm32f7xx_ll_rcc.o
 .text.LL_RCC_GetSysClkSource
                0x0000000008002a24       0x1c Drivers/STM32F7xx_HAL_Driver/Src/stm32f7xx_ll_rcc.o
 .text.LL_RCC_GetAHBPrescaler
                0x0000000008002a40       0x1c Drivers/STM32F7xx_HAL_Driver/Src/stm32f7xx_ll_rcc.o
 .text.LL_RCC_GetAPB1Prescaler
                0x0000000008002a5c       0x1c Drivers/STM32F7xx_HAL_Driver/Src/stm32f7xx_ll_rcc.o
 .text.LL_RCC_GetAPB2Prescaler
                0x0000000008002a78       0x1c Drivers/STM32F7xx_HAL_Driver/Src/stm32f7xx_ll_rcc.o
 .text.LL_RCC_GetUSARTClockSource
                0x0000000008002a94       0x28 Drivers/STM32F7xx_HAL_Driver/Src/stm32f7xx_ll_rcc.o
 .text.LL_RCC_GetUARTClockSource
                0x0000000008002abc       0x28 Drivers/STM32F7xx_HAL_Driver/Src/stm32f7xx_ll_rcc.o
 .text.LL_RCC_PLL_GetMainSource
                0x0000000008002ae4       0x1c Drivers/STM32F7xx_HAL_Driver/Src/stm32f7xx_ll_rcc.o
 .text.LL_RCC_PLL_GetN
                0x0000000008002b00       0x1c Drivers/STM32F7xx_HAL_Driver/Src/stm32f7xx_ll_rcc.o
 .text.LL_RCC_PLL_GetP
                0x0000000008002b1c       0x1c Drivers/STM32F7xx_HAL_Driver/Src/stm32f7xx_ll_rcc.o
 .text.LL_RCC_PLL_GetDivider
                0x0000000008002b38       0x1c Drivers/STM32F7xx_HAL_Driver/Src/stm32f7xx_ll_rcc.o
 .text.LL_RCC_GetUSARTClockFreq
                0x0000000008002b54      0x1f4 Drivers/STM32F7xx_HAL_Driver/Src/stm32f7xx_ll_rcc.o
                0x0000000008002b54                LL_RCC_GetUSARTClockFreq
 .text.LL_RCC_GetUARTClockFreq
                0x0000000008002d48      0x1f8 Drivers/STM32F7xx_HAL_Driver/Src/stm32f7xx_ll_rcc.o
                0x0000000008002d48                LL_RCC_GetUARTClockFreq
 .text.RCC_GetSystemClockFreq
                0x0000000008002f40       0x48 Drivers/STM32F7xx_HAL_Driver/Src/stm32f7xx_ll_rcc.o
                0x0000000008002f40                RCC_GetSystemClockFreq
 .text.RCC_GetHCLKClockFreq
                0x0000000008002f88       0x2c Drivers/STM32F7xx_HAL_Driver/Src/stm32f7xx_ll_rcc.o
                0x0000000008002f88                RCC_GetHCLKClockFreq
 .text.RCC_GetPCLK1ClockFreq
                0x0000000008002fb4       0x28 Drivers/STM32F7xx_HAL_Driver/Src/stm32f7xx_ll_rcc.o
                0x0000000008002fb4                RCC_GetPCLK1ClockFreq
 .text.RCC_GetPCLK2ClockFreq
                0x0000000008002fdc       0x28 Drivers/STM32F7xx_HAL_Driver/Src/stm32f7xx_ll_rcc.o
                0x0000000008002fdc                RCC_GetPCLK2ClockFreq
 .text.RCC_PLL_GetFreqDomain_SYS
                0x0000000008003004       0x6c Drivers/STM32F7xx_HAL_Driver/Src/stm32f7xx_ll_rcc.o
                0x0000000008003004                RCC_PLL_GetFreqDomain_SYS
 .text.LL_USART_IsEnabled
                0x0000000008003070       0x26 Drivers/STM32F7xx_HAL_Driver/Src/stm32f7xx_ll_usart.o
 .text.LL_USART_SetStopBitsLength
                0x0000000008003096       0x26 Drivers/STM32F7xx_HAL_Driver/Src/stm32f7xx_ll_usart.o
 .text.LL_USART_SetHWFlowCtrl
                0x00000000080030bc       0x26 Drivers/STM32F7xx_HAL_Driver/Src/stm32f7xx_ll_usart.o
 .text.LL_USART_SetBaudRate
                0x00000000080030e2       0x64 Drivers/STM32F7xx_HAL_Driver/Src/stm32f7xx_ll_usart.o
 *fill*         0x0000000008003146        0x2 
 .text.LL_USART_Init
                0x0000000008003148      0x140 Drivers/STM32F7xx_HAL_Driver/Src/stm32f7xx_ll_usart.o
                0x0000000008003148                LL_USART_Init
 .text.LL_SetSystemCoreClock
                0x0000000008003288       0x20 Drivers/STM32F7xx_HAL_Driver/Src/stm32f7xx_ll_utils.o
                0x0000000008003288                LL_SetSystemCoreClock
 .text.__libc_init_array
                0x00000000080032a8       0x48 e:/stm32cubemxide/stm32cubeide_1.5.0/stm32cubeide/plugins/com.st.stm32cube.ide.mcu.externaltools.gnu-tools-for-stm32.7-2018-q2-update.win32_1.5.0.202011040924/tools/bin/../lib/gcc/arm-none-eabi/7.3.1/../../../../arm-none-eabi/lib/thumb/v7e-m/fpv5/hard\libc_nano.a(lib_a-init.o)
                0x00000000080032a8                __libc_init_array
 *(.glue_7)
 .glue_7        0x00000000080032f0        0x0 linker stubs
 *(.glue_7t)
 .glue_7t       0x00000000080032f0        0x0 linker stubs
 *(.eh_frame)
 .eh_frame      0x00000000080032f0        0x0 e:/stm32cubemxide/stm32cubeide_1.5.0/stm32cubeide/plugins/com.st.stm32cube.ide.mcu.externaltools.gnu-tools-for-stm32.7-2018-q2-update.win32_1.5.0.202011040924/tools/bin/../lib/gcc/arm-none-eabi/7.3.1/thumb/v7e-m/fpv5/hard/crtbegin.o
 *(.init)
 .init          0x00000000080032f0        0x4 e:/stm32cubemxide/stm32cubeide_1.5.0/stm32cubeide/plugins/com.st.stm32cube.ide.mcu.externaltools.gnu-tools-for-stm32.7-2018-q2-update.win32_1.5.0.202011040924/tools/bin/../lib/gcc/arm-none-eabi/7.3.1/thumb/v7e-m/fpv5/hard/crti.o
                0x00000000080032f0                _init
 .init          0x00000000080032f4        0x8 e:/stm32cubemxide/stm32cubeide_1.5.0/stm32cubeide/plugins/com.st.stm32cube.ide.mcu.externaltools.gnu-tools-for-stm32.7-2018-q2-update.win32_1.5.0.202011040924/tools/bin/../lib/gcc/arm-none-eabi/7.3.1/thumb/v7e-m/fpv5/hard/crtn.o
 *(.fini)
 .fini          0x00000000080032fc        0x4 e:/stm32cubemxide/stm32cubeide_1.5.0/stm32cubeide/plugins/com.st.stm32cube.ide.mcu.externaltools.gnu-tools-for-stm32.7-2018-q2-update.win32_1.5.0.202011040924/tools/bin/../lib/gcc/arm-none-eabi/7.3.1/thumb/v7e-m/fpv5/hard/crti.o
                0x00000000080032fc                _fini
 .fini          0x0000000008003300        0x8 e:/stm32cubemxide/stm32cubeide_1.5.0/stm32cubeide/plugins/com.st.stm32cube.ide.mcu.externaltools.gnu-tools-for-stm32.7-2018-q2-update.win32_1.5.0.202011040924/tools/bin/../lib/gcc/arm-none-eabi/7.3.1/thumb/v7e-m/fpv5/hard/crtn.o
                0x0000000008003308                . = ALIGN (0x4)
                0x0000000008003308                _etext = .

.vfp11_veneer   0x0000000008003308        0x0
 .vfp11_veneer  0x0000000008003308        0x0 linker stubs

.v4_bx          0x0000000008003308        0x0
 .v4_bx         0x0000000008003308        0x0 linker stubs

.iplt           0x0000000008003308        0x0
 .iplt          0x0000000008003308        0x0 e:/stm32cubemxide/stm32cubeide_1.5.0/stm32cubeide/plugins/com.st.stm32cube.ide.mcu.externaltools.gnu-tools-for-stm32.7-2018-q2-update.win32_1.5.0.202011040924/tools/bin/../lib/gcc/arm-none-eabi/7.3.1/thumb/v7e-m/fpv5/hard/crtbegin.o

.rodata         0x0000000008003308       0x24
                0x0000000008003308                . = ALIGN (0x4)
 *(.rodata)
 *(.rodata*)
 .rodata.header
                0x0000000008003308        0x2 Core/Src/mbotLinuxUsart.o
                0x0000000008003308                header
 *fill*         0x000000000800330a        0x2 
 .rodata.AHBPrescTable
                0x000000000800330c       0x10 Core/Src/system_stm32f7xx.o
                0x000000000800330c                AHBPrescTable
 .rodata.APBPrescTable
                0x000000000800331c        0x8 Core/Src/system_stm32f7xx.o
                0x000000000800331c                APBPrescTable
 .rodata.STREAM_OFFSET_TAB
                0x0000000008003324        0x8 Core/Src/usart.o
                0x000000000800332c                . = ALIGN (0x4)

.rel.dyn        0x000000000800332c        0x0
 .rel.iplt      0x000000000800332c        0x0 e:/stm32cubemxide/stm32cubeide_1.5.0/stm32cubeide/plugins/com.st.stm32cube.ide.mcu.externaltools.gnu-tools-for-stm32.7-2018-q2-update.win32_1.5.0.202011040924/tools/bin/../lib/gcc/arm-none-eabi/7.3.1/thumb/v7e-m/fpv5/hard/crtbegin.o

.ARM.extab      0x000000000800332c        0x0
                0x000000000800332c                . = ALIGN (0x4)
 *(.ARM.extab* .gnu.linkonce.armextab.*)
                0x000000000800332c                . = ALIGN (0x4)

.ARM            0x000000000800332c        0x0
                0x000000000800332c                . = ALIGN (0x4)
                0x000000000800332c                __exidx_start = .
 *(.ARM.exidx*)
                0x000000000800332c                __exidx_end = .
                0x000000000800332c                . = ALIGN (0x4)

.preinit_array  0x000000000800332c        0x0
                0x000000000800332c                . = ALIGN (0x4)
                0x000000000800332c                PROVIDE (__preinit_array_start = .)
 *(.preinit_array*)
                0x000000000800332c                PROVIDE (__preinit_array_end = .)
                0x000000000800332c                . = ALIGN (0x4)

.init_array     0x000000000800332c        0x4
                0x000000000800332c                . = ALIGN (0x4)
                0x000000000800332c                PROVIDE (__init_array_start = .)
 *(SORT_BY_NAME(.init_array.*))
 *(.init_array*)
 .init_array    0x000000000800332c        0x4 e:/stm32cubemxide/stm32cubeide_1.5.0/stm32cubeide/plugins/com.st.stm32cube.ide.mcu.externaltools.gnu-tools-for-stm32.7-2018-q2-update.win32_1.5.0.202011040924/tools/bin/../lib/gcc/arm-none-eabi/7.3.1/thumb/v7e-m/fpv5/hard/crtbegin.o
                0x0000000008003330                PROVIDE (__init_array_end = .)
                0x0000000008003330                . = ALIGN (0x4)

.fini_array     0x0000000008003330        0x4
                0x0000000008003330                . = ALIGN (0x4)
                [!provide]                        PROVIDE (__fini_array_start = .)
 *(SORT_BY_NAME(.fini_array.*))
 *(.fini_array*)
 .fini_array    0x0000000008003330        0x4 e:/stm32cubemxide/stm32cubeide_1.5.0/stm32cubeide/plugins/com.st.stm32cube.ide.mcu.externaltools.gnu-tools-for-stm32.7-2018-q2-update.win32_1.5.0.202011040924/tools/bin/../lib/gcc/arm-none-eabi/7.3.1/thumb/v7e-m/fpv5/hard/crtbegin.o
                [!provide]                        PROVIDE (__fini_array_end = .)
                0x0000000008003334                . = ALIGN (0x4)
                0x0000000008003334                _sidata = LOADADDR (.data)

.data           0x0000000020000000       0x10 load address 0x0000000008003334
                0x0000000020000000                . = ALIGN (0x4)
                0x0000000020000000                _sdata = .
 *(.data)
 *(.data*)
 .data.testSend1
                0x0000000020000000        0x2 Core/Src/main.o
                0x0000000020000000                testSend1
 .data.testSend2
                0x0000000020000002        0x2 Core/Src/main.o
                0x0000000020000002                testSend2
 .data.testSend3
                0x0000000020000004        0x2 Core/Src/main.o
                0x0000000020000004                testSend3
 .data.testSend4
                0x0000000020000006        0x1 Core/Src/main.o
                0x0000000020000006                testSend4
 .data.Start_Flag.11188
                0x0000000020000007        0x1 Core/Src/mbotLinuxUsart.o
 .data.SystemCoreClock
                0x0000000020000008        0x4 Core/Src/system_stm32f7xx.o
                0x0000000020000008                SystemCoreClock
 .data.uwTickFreq
                0x000000002000000c        0x1 Drivers/STM32F7xx_HAL_Driver/Src/stm32f7xx_hal.o
                0x000000002000000c                uwTickFreq
 *(.RamFunc)
 *(.RamFunc*)
                0x0000000020000010                . = ALIGN (0x4)
 *fill*         0x000000002000000d        0x3 
                0x0000000020000010                _edata = .

.igot.plt       0x0000000020000010        0x0 load address 0x0000000008003344
 .igot.plt      0x0000000020000010        0x0 e:/stm32cubemxide/stm32cubeide_1.5.0/stm32cubeide/plugins/com.st.stm32cube.ide.mcu.externaltools.gnu-tools-for-stm32.7-2018-q2-update.win32_1.5.0.202011040924/tools/bin/../lib/gcc/arm-none-eabi/7.3.1/thumb/v7e-m/fpv5/hard/crtbegin.o
                0x0000000020000010                . = ALIGN (0x4)

.bss            0x0000000020000010       0xbc load address 0x0000000008003344
                0x0000000020000010                _sbss = .
                0x0000000020000010                __bss_start__ = _sbss
 *(.bss)
 .bss           0x0000000020000010       0x1c e:/stm32cubemxide/stm32cubeide_1.5.0/stm32cubeide/plugins/com.st.stm32cube.ide.mcu.externaltools.gnu-tools-for-stm32.7-2018-q2-update.win32_1.5.0.202011040924/tools/bin/../lib/gcc/arm-none-eabi/7.3.1/thumb/v7e-m/fpv5/hard/crtbegin.o
 *(.bss*)
 .bss.testRece1
                0x000000002000002c        0x4 Core/Src/main.o
                0x000000002000002c                testRece1
 .bss.testRece2
                0x0000000020000030        0x4 Core/Src/main.o
                0x0000000020000030                testRece2
 .bss.testRece3
                0x0000000020000034        0x1 Core/Src/main.o
                0x0000000020000034                testRece3
 *fill*         0x0000000020000035        0x3 
 .bss.receiveBuff
                0x0000000020000038       0x10 Core/Src/mbotLinuxUsart.o
                0x0000000020000038                receiveBuff
 .bss.USARTReceiverFront.11187
                0x0000000020000048        0x1 Core/Src/mbotLinuxUsart.o
 .bss.USARTBufferIndex.11184
                0x0000000020000049        0x1 Core/Src/mbotLinuxUsart.o
 .bss.checkSum.11183
                0x000000002000004a        0x1 Core/Src/mbotLinuxUsart.o
 *fill*         0x000000002000004b        0x1 
 .bss.dataLength.11189
                0x000000002000004c        0x2 Core/Src/mbotLinuxUsart.o
 .bss.j.11185   0x000000002000004e        0x2 Core/Src/mbotLinuxUsart.o
 .bss.k.11186   0x0000000020000050        0x2 Core/Src/mbotLinuxUsart.o
 *fill*         0x0000000020000052        0x2 
 .bss.length.11218
                0x0000000020000054        0x4 Core/Src/mbotLinuxUsart.o
 *(COMMON)
 COMMON         0x0000000020000058       0x12 Core/Src/mbotLinuxUsart.o
                0x0000000020000058                angleNow
                0x000000002000005c                rightVelNow
                0x0000000020000060                rightVelSet
                0x0000000020000064                leftVelSet
                0x0000000020000068                leftVelNow
 *fill*         0x000000002000006a        0x2 
 COMMON         0x000000002000006c       0x40 Core/Src/stm32f7xx_hal_timebase_tim.o
                0x000000002000006c                htim7
 COMMON         0x00000000200000ac        0x4 Drivers/STM32F7xx_HAL_Driver/Src/stm32f7xx_hal.o
                0x00000000200000ac                uwTick
 COMMON         0x00000000200000b0       0x1c Drivers/STM32F7xx_HAL_Driver/Src/stm32f7xx_hal_flash.o
                0x00000000200000b0                pFlash
                0x00000000200000cc                . = ALIGN (0x4)
                0x00000000200000cc                _ebss = .
                0x00000000200000cc                __bss_end__ = _ebss

._user_heap_stack
                0x00000000200000cc      0x604 load address 0x0000000008003344
                0x00000000200000d0                . = ALIGN (0x8)
 *fill*         0x00000000200000cc        0x4 
                [!provide]                        PROVIDE (end = .)
                0x00000000200000d0                PROVIDE (_end = .)
                0x00000000200002d0                . = (. + _Min_Heap_Size)
 *fill*         0x00000000200000d0      0x200 
                0x00000000200006d0                . = (. + _Min_Stack_Size)
 *fill*         0x00000000200002d0      0x400 
                0x00000000200006d0                . = ALIGN (0x8)

/DISCARD/
 libc.a(*)
 libm.a(*)
 libgcc.a(*)

.ARM.attributes
                0x0000000000000000       0x2e
 *(.ARM.attributes)
 .ARM.attributes
                0x0000000000000000       0x20 e:/stm32cubemxide/stm32cubeide_1.5.0/stm32cubeide/plugins/com.st.stm32cube.ide.mcu.externaltools.gnu-tools-for-stm32.7-2018-q2-update.win32_1.5.0.202011040924/tools/bin/../lib/gcc/arm-none-eabi/7.3.1/thumb/v7e-m/fpv5/hard/crti.o
 .ARM.attributes
                0x0000000000000020       0x32 e:/stm32cubemxide/stm32cubeide_1.5.0/stm32cubeide/plugins/com.st.stm32cube.ide.mcu.externaltools.gnu-tools-for-stm32.7-2018-q2-update.win32_1.5.0.202011040924/tools/bin/../lib/gcc/arm-none-eabi/7.3.1/thumb/v7e-m/fpv5/hard/crtbegin.o
 .ARM.attributes
                0x0000000000000052       0x37 Core/Src/dma.o
 .ARM.attributes
                0x0000000000000089       0x37 Core/Src/gpio.o
 .ARM.attributes
                0x00000000000000c0       0x37 Core/Src/main.o
 .ARM.attributes
                0x00000000000000f7       0x37 Core/Src/mbotLinuxUsart.o
 .ARM.attributes
                0x000000000000012e       0x37 Core/Src/stm32f7xx_hal_msp.o
 .ARM.attributes
                0x0000000000000165       0x37 Core/Src/stm32f7xx_hal_timebase_tim.o
 .ARM.attributes
                0x000000000000019c       0x37 Core/Src/stm32f7xx_it.o
 .ARM.attributes
                0x00000000000001d3       0x37 Core/Src/system_stm32f7xx.o
 .ARM.attributes
                0x000000000000020a       0x37 Core/Src/usart.o
 .ARM.attributes
                0x0000000000000241       0x21 Core/Startup/startup_stm32f767vitx.o
 .ARM.attributes
                0x0000000000000262       0x37 Drivers/STM32F7xx_HAL_Driver/Src/stm32f7xx_hal.o
 .ARM.attributes
                0x0000000000000299       0x37 Drivers/STM32F7xx_HAL_Driver/Src/stm32f7xx_hal_cortex.o
 .ARM.attributes
                0x00000000000002d0       0x37 Drivers/STM32F7xx_HAL_Driver/Src/stm32f7xx_hal_flash.o
 .ARM.attributes
                0x0000000000000307       0x37 Drivers/STM32F7xx_HAL_Driver/Src/stm32f7xx_hal_flash_ex.o
 .ARM.attributes
                0x000000000000033e       0x37 Drivers/STM32F7xx_HAL_Driver/Src/stm32f7xx_hal_pwr.o
 .ARM.attributes
                0x0000000000000375       0x37 Drivers/STM32F7xx_HAL_Driver/Src/stm32f7xx_hal_rcc.o
 .ARM.attributes
                0x00000000000003ac       0x37 Drivers/STM32F7xx_HAL_Driver/Src/stm32f7xx_hal_tim.o
 .ARM.attributes
                0x00000000000003e3       0x37 Drivers/STM32F7xx_HAL_Driver/Src/stm32f7xx_hal_tim_ex.o
 .ARM.attributes
                0x000000000000041a       0x37 Drivers/STM32F7xx_HAL_Driver/Src/stm32f7xx_ll_gpio.o
 .ARM.attributes
                0x0000000000000451       0x37 Drivers/STM32F7xx_HAL_Driver/Src/stm32f7xx_ll_rcc.o
 .ARM.attributes
                0x0000000000000488       0x37 Drivers/STM32F7xx_HAL_Driver/Src/stm32f7xx_ll_usart.o
 .ARM.attributes
                0x00000000000004bf       0x37 Drivers/STM32F7xx_HAL_Driver/Src/stm32f7xx_ll_utils.o
 .ARM.attributes
                0x00000000000004f6       0x32 e:/stm32cubemxide/stm32cubeide_1.5.0/stm32cubeide/plugins/com.st.stm32cube.ide.mcu.externaltools.gnu-tools-for-stm32.7-2018-q2-update.win32_1.5.0.202011040924/tools/bin/../lib/gcc/arm-none-eabi/7.3.1/../../../../arm-none-eabi/lib/thumb/v7e-m/fpv5/hard\libc_nano.a(lib_a-init.o)
 .ARM.attributes
                0x0000000000000528       0x20 e:/stm32cubemxide/stm32cubeide_1.5.0/stm32cubeide/plugins/com.st.stm32cube.ide.mcu.externaltools.gnu-tools-for-stm32.7-2018-q2-update.win32_1.5.0.202011040924/tools/bin/../lib/gcc/arm-none-eabi/7.3.1/thumb/v7e-m/fpv5/hard/crtn.o
OUTPUT(SerialCommunication.elf elf32-littlearm)

.debug_info     0x0000000000000000     0xf5c9
 .debug_info    0x0000000000000000      0xc00 Core/Src/dma.o
 .debug_info    0x0000000000000c00      0x4cb Core/Src/gpio.o
 .debug_info    0x00000000000010cb      0xd3a Core/Src/main.o
 .debug_info    0x0000000000001e05      0x585 Core/Src/mbotLinuxUsart.o
 .debug_info    0x000000000000238a      0x686 Core/Src/stm32f7xx_hal_msp.o
 .debug_info    0x0000000000002a10      0xc43 Core/Src/stm32f7xx_hal_timebase_tim.o
 .debug_info    0x0000000000003653      0x7d8 Core/Src/stm32f7xx_it.o
 .debug_info    0x0000000000003e2b      0x73d Core/Src/system_stm32f7xx.o
 .debug_info    0x0000000000004568     0x1205 Core/Src/usart.o
 .debug_info    0x000000000000576d       0x22 Core/Startup/startup_stm32f767vitx.o
 .debug_info    0x000000000000578f      0xa46 Drivers/STM32F7xx_HAL_Driver/Src/stm32f7xx_hal.o
 .debug_info    0x00000000000061d5     0x108c Drivers/STM32F7xx_HAL_Driver/Src/stm32f7xx_hal_cortex.o
 .debug_info    0x0000000000007261      0x646 Drivers/STM32F7xx_HAL_Driver/Src/stm32f7xx_hal_flash.o
 .debug_info    0x00000000000078a7      0x7c5 Drivers/STM32F7xx_HAL_Driver/Src/stm32f7xx_hal_flash_ex.o
 .debug_info    0x000000000000806c      0x9b4 Drivers/STM32F7xx_HAL_Driver/Src/stm32f7xx_hal_pwr.o
 .debug_info    0x0000000000008a20      0x996 Drivers/STM32F7xx_HAL_Driver/Src/stm32f7xx_hal_rcc.o
 .debug_info    0x00000000000093b6     0x25bc Drivers/STM32F7xx_HAL_Driver/Src/stm32f7xx_hal_tim.o
 .debug_info    0x000000000000b972     0x1307 Drivers/STM32F7xx_HAL_Driver/Src/stm32f7xx_hal_tim_ex.o
 .debug_info    0x000000000000cc79      0x942 Drivers/STM32F7xx_HAL_Driver/Src/stm32f7xx_ll_gpio.o
 .debug_info    0x000000000000d5bb      0xe60 Drivers/STM32F7xx_HAL_Driver/Src/stm32f7xx_ll_rcc.o
 .debug_info    0x000000000000e41b      0x7e1 Drivers/STM32F7xx_HAL_Driver/Src/stm32f7xx_ll_usart.o
 .debug_info    0x000000000000ebfc      0x9cd Drivers/STM32F7xx_HAL_Driver/Src/stm32f7xx_ll_utils.o

.debug_abbrev   0x0000000000000000     0x27b6
 .debug_abbrev  0x0000000000000000      0x19a Core/Src/dma.o
 .debug_abbrev  0x000000000000019a      0x156 Core/Src/gpio.o
 .debug_abbrev  0x00000000000002f0      0x22c Core/Src/main.o
 .debug_abbrev  0x000000000000051c      0x1e2 Core/Src/mbotLinuxUsart.o
 .debug_abbrev  0x00000000000006fe      0x112 Core/Src/stm32f7xx_hal_msp.o
 .debug_abbrev  0x0000000000000810      0x19d Core/Src/stm32f7xx_hal_timebase_tim.o
 .debug_abbrev  0x00000000000009ad      0x181 Core/Src/stm32f7xx_it.o
 .debug_abbrev  0x0000000000000b2e      0x147 Core/Src/system_stm32f7xx.o
 .debug_abbrev  0x0000000000000c75      0x1d0 Core/Src/usart.o
 .debug_abbrev  0x0000000000000e45       0x12 Core/Startup/startup_stm32f767vitx.o
 .debug_abbrev  0x0000000000000e57      0x1c7 Drivers/STM32F7xx_HAL_Driver/Src/stm32f7xx_hal.o
 .debug_abbrev  0x000000000000101e      0x2fa Drivers/STM32F7xx_HAL_Driver/Src/stm32f7xx_hal_cortex.o
 .debug_abbrev  0x0000000000001318      0x248 Drivers/STM32F7xx_HAL_Driver/Src/stm32f7xx_hal_flash.o
 .debug_abbrev  0x0000000000001560      0x21d Drivers/STM32F7xx_HAL_Driver/Src/stm32f7xx_hal_flash_ex.o
 .debug_abbrev  0x000000000000177d      0x1b6 Drivers/STM32F7xx_HAL_Driver/Src/stm32f7xx_hal_pwr.o
 .debug_abbrev  0x0000000000001933      0x268 Drivers/STM32F7xx_HAL_Driver/Src/stm32f7xx_hal_rcc.o
 .debug_abbrev  0x0000000000001b9b      0x230 Drivers/STM32F7xx_HAL_Driver/Src/stm32f7xx_hal_tim.o
 .debug_abbrev  0x0000000000001dcb      0x21e Drivers/STM32F7xx_HAL_Driver/Src/stm32f7xx_hal_tim_ex.o
 .debug_abbrev  0x0000000000001fe9      0x212 Drivers/STM32F7xx_HAL_Driver/Src/stm32f7xx_ll_gpio.o
 .debug_abbrev  0x00000000000021fb      0x1d2 Drivers/STM32F7xx_HAL_Driver/Src/stm32f7xx_ll_rcc.o
 .debug_abbrev  0x00000000000023cd      0x1b1 Drivers/STM32F7xx_HAL_Driver/Src/stm32f7xx_ll_usart.o
 .debug_abbrev  0x000000000000257e      0x238 Drivers/STM32F7xx_HAL_Driver/Src/stm32f7xx_ll_utils.o

.debug_aranges  0x0000000000000000     0x1160
 .debug_aranges
                0x0000000000000000       0x48 Core/Src/dma.o
 .debug_aranges
                0x0000000000000048       0x28 Core/Src/gpio.o
 .debug_aranges
                0x0000000000000070       0xc8 Core/Src/main.o
 .debug_aranges
                0x0000000000000138       0x40 Core/Src/mbotLinuxUsart.o
 .debug_aranges
                0x0000000000000178       0x20 Core/Src/stm32f7xx_hal_msp.o
 .debug_aranges
                0x0000000000000198       0x30 Core/Src/stm32f7xx_hal_timebase_tim.o
 .debug_aranges
                0x00000000000001c8       0x98 Core/Src/stm32f7xx_it.o
 .debug_aranges
                0x0000000000000260       0x28 Core/Src/system_stm32f7xx.o
 .debug_aranges
                0x0000000000000288       0xb8 Core/Src/usart.o
 .debug_aranges
                0x0000000000000340       0x28 Core/Startup/startup_stm32f767vitx.o
 .debug_aranges
                0x0000000000000368      0x110 Drivers/STM32F7xx_HAL_Driver/Src/stm32f7xx_hal.o
 .debug_aranges
                0x0000000000000478      0x118 Drivers/STM32F7xx_HAL_Driver/Src/stm32f7xx_hal_cortex.o
 .debug_aranges
                0x0000000000000590       0xa0 Drivers/STM32F7xx_HAL_Driver/Src/stm32f7xx_hal_flash.o
 .debug_aranges
                0x0000000000000630       0xa0 Drivers/STM32F7xx_HAL_Driver/Src/stm32f7xx_hal_flash_ex.o
 .debug_aranges
                0x00000000000006d0       0xa0 Drivers/STM32F7xx_HAL_Driver/Src/stm32f7xx_hal_pwr.o
 .debug_aranges
                0x0000000000000770       0x88 Drivers/STM32F7xx_HAL_Driver/Src/stm32f7xx_hal_rcc.o
 .debug_aranges
                0x00000000000007f8      0x3b8 Drivers/STM32F7xx_HAL_Driver/Src/stm32f7xx_hal_tim.o
 .debug_aranges
                0x0000000000000bb0      0x168 Drivers/STM32F7xx_HAL_Driver/Src/stm32f7xx_hal_tim_ex.o
 .debug_aranges
                0x0000000000000d18       0x70 Drivers/STM32F7xx_HAL_Driver/Src/stm32f7xx_ll_gpio.o
 .debug_aranges
                0x0000000000000d88      0x248 Drivers/STM32F7xx_HAL_Driver/Src/stm32f7xx_ll_rcc.o
 .debug_aranges
                0x0000000000000fd0       0x88 Drivers/STM32F7xx_HAL_Driver/Src/stm32f7xx_ll_usart.o
 .debug_aranges
                0x0000000000001058      0x108 Drivers/STM32F7xx_HAL_Driver/Src/stm32f7xx_ll_utils.o

.debug_ranges   0x0000000000000000     0x1008
 .debug_ranges  0x0000000000000000       0x38 Core/Src/dma.o
 .debug_ranges  0x0000000000000038       0x18 Core/Src/gpio.o
 .debug_ranges  0x0000000000000050       0xb8 Core/Src/main.o
 .debug_ranges  0x0000000000000108       0x30 Core/Src/mbotLinuxUsart.o
 .debug_ranges  0x0000000000000138       0x10 Core/Src/stm32f7xx_hal_msp.o
 .debug_ranges  0x0000000000000148       0x20 Core/Src/stm32f7xx_hal_timebase_tim.o
 .debug_ranges  0x0000000000000168       0x88 Core/Src/stm32f7xx_it.o
 .debug_ranges  0x00000000000001f0       0x18 Core/Src/system_stm32f7xx.o
 .debug_ranges  0x0000000000000208       0xa8 Core/Src/usart.o
 .debug_ranges  0x00000000000002b0       0x20 Core/Startup/startup_stm32f767vitx.o
 .debug_ranges  0x00000000000002d0      0x100 Drivers/STM32F7xx_HAL_Driver/Src/stm32f7xx_hal.o
 .debug_ranges  0x00000000000003d0      0x108 Drivers/STM32F7xx_HAL_Driver/Src/stm32f7xx_hal_cortex.o
 .debug_ranges  0x00000000000004d8       0x90 Drivers/STM32F7xx_HAL_Driver/Src/stm32f7xx_hal_flash.o
 .debug_ranges  0x0000000000000568       0x90 Drivers/STM32F7xx_HAL_Driver/Src/stm32f7xx_hal_flash_ex.o
 .debug_ranges  0x00000000000005f8       0x90 Drivers/STM32F7xx_HAL_Driver/Src/stm32f7xx_hal_pwr.o
 .debug_ranges  0x0000000000000688       0x78 Drivers/STM32F7xx_HAL_Driver/Src/stm32f7xx_hal_rcc.o
 .debug_ranges  0x0000000000000700      0x3a8 Drivers/STM32F7xx_HAL_Driver/Src/stm32f7xx_hal_tim.o
 .debug_ranges  0x0000000000000aa8      0x158 Drivers/STM32F7xx_HAL_Driver/Src/stm32f7xx_hal_tim_ex.o
 .debug_ranges  0x0000000000000c00       0x60 Drivers/STM32F7xx_HAL_Driver/Src/stm32f7xx_ll_gpio.o
 .debug_ranges  0x0000000000000c60      0x238 Drivers/STM32F7xx_HAL_Driver/Src/stm32f7xx_ll_rcc.o
 .debug_ranges  0x0000000000000e98       0x78 Drivers/STM32F7xx_HAL_Driver/Src/stm32f7xx_ll_usart.o
 .debug_ranges  0x0000000000000f10       0xf8 Drivers/STM32F7xx_HAL_Driver/Src/stm32f7xx_ll_utils.o

.debug_macro    0x0000000000000000    0x2a487
 .debug_macro   0x0000000000000000      0x243 Core/Src/dma.o
 .debug_macro   0x0000000000000243      0xa6c Core/Src/dma.o
 .debug_macro   0x0000000000000caf      0x28d Core/Src/dma.o
 .debug_macro   0x0000000000000f3c       0x2e Core/Src/dma.o
 .debug_macro   0x0000000000000f6a       0x3b Core/Src/dma.o
 .debug_macro   0x0000000000000fa5       0x22 Core/Src/dma.o
 .debug_macro   0x0000000000000fc7       0x8e Core/Src/dma.o
 .debug_macro   0x0000000000001055       0x51 Core/Src/dma.o
 .debug_macro   0x00000000000010a6       0xef Core/Src/dma.o
 .debug_macro   0x0000000000001195       0x6a Core/Src/dma.o
 .debug_macro   0x00000000000011ff      0x1df Core/Src/dma.o
 .debug_macro   0x00000000000013de       0x1c Core/Src/dma.o
 .debug_macro   0x00000000000013fa       0x22 Core/Src/dma.o
 .debug_macro   0x000000000000141c       0xdf Core/Src/dma.o
 .debug_macro   0x00000000000014fb     0x12cd Core/Src/dma.o
 .debug_macro   0x00000000000027c8      0x11f Core/Src/dma.o
 .debug_macro   0x00000000000028e7       0x19 Core/Src/dma.o
 .debug_macro   0x0000000000002900    0x1a9b4 Core/Src/dma.o
 .debug_macro   0x000000000001d2b4       0x43 Core/Src/dma.o
 .debug_macro   0x000000000001d2f7     0x36b4 Core/Src/dma.o
 .debug_macro   0x00000000000209ab      0x174 Core/Src/dma.o
 .debug_macro   0x0000000000020b1f       0x61 Core/Src/dma.o
 .debug_macro   0x0000000000020b80     0x1add Core/Src/dma.o
 .debug_macro   0x000000000002265d      0x6c4 Core/Src/dma.o
 .debug_macro   0x0000000000022d21      0x18b Core/Src/dma.o
 .debug_macro   0x0000000000022eac      0x117 Core/Src/dma.o
 .debug_macro   0x0000000000022fc3      0x26f Core/Src/dma.o
 .debug_macro   0x0000000000023232       0x27 Core/Src/dma.o
 .debug_macro   0x0000000000023259      0x24f Core/Src/dma.o
 .debug_macro   0x00000000000234a8       0x71 Core/Src/dma.o
 .debug_macro   0x0000000000023519       0x58 Core/Src/dma.o
 .debug_macro   0x0000000000023571      0x236 Core/Src/dma.o
 .debug_macro   0x00000000000237a7      0x14f Core/Src/dma.o
 .debug_macro   0x00000000000238f6      0x3dc Core/Src/dma.o
 .debug_macro   0x0000000000023cd2       0x12 Core/Src/dma.o
 .debug_macro   0x0000000000023ce4      0x22c Core/Src/dma.o
 .debug_macro   0x0000000000023f10       0x61 Core/Src/dma.o
 .debug_macro   0x0000000000023f71       0xa5 Core/Src/dma.o
 .debug_macro   0x0000000000024016      0x12f Core/Src/dma.o
 .debug_macro   0x0000000000024145      0x108 Core/Src/dma.o
 .debug_macro   0x000000000002424d       0x35 Core/Src/dma.o
 .debug_macro   0x0000000000024282      0xa3d Core/Src/dma.o
 .debug_macro   0x0000000000024cbf       0xa9 Core/Src/dma.o
 .debug_macro   0x0000000000024d68      0x15c Core/Src/dma.o
 .debug_macro   0x0000000000024ec4      0x224 Core/Src/dma.o
 .debug_macro   0x00000000000250e8      0xbfc Core/Src/dma.o
 .debug_macro   0x0000000000025ce4      0x26f Core/Src/dma.o
 .debug_macro   0x0000000000025f53      0x279 Core/Src/dma.o
 .debug_macro   0x00000000000261cc       0xf4 Core/Src/dma.o
 .debug_macro   0x00000000000262c0      0x1a7 Core/Src/dma.o
 .debug_macro   0x0000000000026467       0x61 Core/Src/dma.o
 .debug_macro   0x00000000000264c8      0x130 Core/Src/dma.o
 .debug_macro   0x00000000000265f8      0x2f7 Core/Src/dma.o
 .debug_macro   0x00000000000268ef      0x149 Core/Src/dma.o
 .debug_macro   0x0000000000026a38      0x243 Core/Src/gpio.o
 .debug_macro   0x0000000000026c7b      0x26b Core/Src/main.o
 .debug_macro   0x0000000000026ee6      0x257 Core/Src/mbotLinuxUsart.o
 .debug_macro   0x000000000002713d      0x239 Core/Src/stm32f7xx_hal_msp.o
 .debug_macro   0x0000000000027376      0x1cf Core/Src/stm32f7xx_hal_timebase_tim.o
 .debug_macro   0x0000000000027545      0x243 Core/Src/stm32f7xx_it.o
 .debug_macro   0x0000000000027788      0x1d5 Core/Src/system_stm32f7xx.o
 .debug_macro   0x000000000002795d      0x243 Core/Src/usart.o
 .debug_macro   0x0000000000027ba0      0x1f3 Drivers/STM32F7xx_HAL_Driver/Src/stm32f7xx_hal.o
 .debug_macro   0x0000000000027d93      0x1cf Drivers/STM32F7xx_HAL_Driver/Src/stm32f7xx_hal_cortex.o
 .debug_macro   0x0000000000027f62      0x1db Drivers/STM32F7xx_HAL_Driver/Src/stm32f7xx_hal_flash.o
 .debug_macro   0x000000000002813d      0x1db Drivers/STM32F7xx_HAL_Driver/Src/stm32f7xx_hal_flash_ex.o
 .debug_macro   0x0000000000028318      0x1ed Drivers/STM32F7xx_HAL_Driver/Src/stm32f7xx_hal_pwr.o
 .debug_macro   0x0000000000028505      0x1f3 Drivers/STM32F7xx_HAL_Driver/Src/stm32f7xx_hal_rcc.o
 .debug_macro   0x00000000000286f8      0x1d0 Drivers/STM32F7xx_HAL_Driver/Src/stm32f7xx_hal_tim.o
 .debug_macro   0x00000000000288c8      0x1cf Drivers/STM32F7xx_HAL_Driver/Src/stm32f7xx_hal_tim_ex.o
 .debug_macro   0x0000000000028a97      0x211 Drivers/STM32F7xx_HAL_Driver/Src/stm32f7xx_ll_gpio.o
 .debug_macro   0x0000000000028ca8      0x143 Drivers/STM32F7xx_HAL_Driver/Src/stm32f7xx_ll_gpio.o
 .debug_macro   0x0000000000028deb      0x238 Drivers/STM32F7xx_HAL_Driver/Src/stm32f7xx_ll_rcc.o
 .debug_macro   0x0000000000029023      0xbf6 Drivers/STM32F7xx_HAL_Driver/Src/stm32f7xx_ll_rcc.o
 .debug_macro   0x0000000000029c19      0x244 Drivers/STM32F7xx_HAL_Driver/Src/stm32f7xx_ll_usart.o
 .debug_macro   0x0000000000029e5d      0x2f1 Drivers/STM32F7xx_HAL_Driver/Src/stm32f7xx_ll_usart.o
 .debug_macro   0x000000000002a14e      0x2de Drivers/STM32F7xx_HAL_Driver/Src/stm32f7xx_ll_utils.o
 .debug_macro   0x000000000002a42c       0x5b Drivers/STM32F7xx_HAL_Driver/Src/stm32f7xx_ll_utils.o

.debug_line     0x0000000000000000     0xd6c5
 .debug_line    0x0000000000000000      0x858 Core/Src/dma.o
 .debug_line    0x0000000000000858      0x918 Core/Src/gpio.o
 .debug_line    0x0000000000001170      0x9da Core/Src/main.o
 .debug_line    0x0000000000001b4a      0x905 Core/Src/mbotLinuxUsart.o
 .debug_line    0x000000000000244f      0x7da Core/Src/stm32f7xx_hal_msp.o
 .debug_line    0x0000000000002c29      0x71d Core/Src/stm32f7xx_hal_timebase_tim.o
 .debug_line    0x0000000000003346      0x8f2 Core/Src/stm32f7xx_it.o
 .debug_line    0x0000000000003c38      0x702 Core/Src/system_stm32f7xx.o
 .debug_line    0x000000000000433a      0x9ad Core/Src/usart.o
 .debug_line    0x0000000000004ce7       0x85 Core/Startup/startup_stm32f767vitx.o
 .debug_line    0x0000000000004d6c      0x935 Drivers/STM32F7xx_HAL_Driver/Src/stm32f7xx_hal.o
 .debug_line    0x00000000000056a1      0xa12 Drivers/STM32F7xx_HAL_Driver/Src/stm32f7xx_hal_cortex.o
 .debug_line    0x00000000000060b3      0x911 Drivers/STM32F7xx_HAL_Driver/Src/stm32f7xx_hal_flash.o
 .debug_line    0x00000000000069c4      0x90c Drivers/STM32F7xx_HAL_Driver/Src/stm32f7xx_hal_flash_ex.o
 .debug_line    0x00000000000072d0      0x856 Drivers/STM32F7xx_HAL_Driver/Src/stm32f7xx_hal_pwr.o
 .debug_line    0x0000000000007b26      0x99b Drivers/STM32F7xx_HAL_Driver/Src/stm32f7xx_hal_rcc.o
 .debug_line    0x00000000000084c1     0x1a2e Drivers/STM32F7xx_HAL_Driver/Src/stm32f7xx_hal_tim.o
 .debug_line    0x0000000000009eef      0xde8 Drivers/STM32F7xx_HAL_Driver/Src/stm32f7xx_hal_tim_ex.o
 .debug_line    0x000000000000acd7      0x8da Drivers/STM32F7xx_HAL_Driver/Src/stm32f7xx_ll_gpio.o
 .debug_line    0x000000000000b5b1      0xe36 Drivers/STM32F7xx_HAL_Driver/Src/stm32f7xx_ll_rcc.o
 .debug_line    0x000000000000c3e7      0x8a0 Drivers/STM32F7xx_HAL_Driver/Src/stm32f7xx_ll_usart.o
 .debug_line    0x000000000000cc87      0xa3e Drivers/STM32F7xx_HAL_Driver/Src/stm32f7xx_ll_utils.o

.debug_str      0x0000000000000000   0x10230c
 .debug_str     0x0000000000000000    0xfbb06 Core/Src/dma.o
                                      0xfcaee (size before relaxing)
 .debug_str     0x00000000000fbb06       0x8c Core/Src/gpio.o
                                      0xfc31a (size before relaxing)
 .debug_str     0x00000000000fbb92      0x6c6 Core/Src/main.o
                                      0xfc9ea (size before relaxing)
 .debug_str     0x00000000000fc258      0x190 Core/Src/mbotLinuxUsart.o
                                      0xfc316 (size before relaxing)
 .debug_str     0x00000000000fc3e8       0x2c Core/Src/stm32f7xx_hal_msp.o
                                      0xfc8bd (size before relaxing)
 .debug_str     0x00000000000fc414      0x100 Core/Src/stm32f7xx_hal_timebase_tim.o
                                      0xee39d (size before relaxing)
 .debug_str     0x00000000000fc514      0x11b Core/Src/stm32f7xx_it.o
                                      0xfc6d4 (size before relaxing)
 .debug_str     0x00000000000fc62f       0x70 Core/Src/system_stm32f7xx.o
                                      0xed95d (size before relaxing)
 .debug_str     0x00000000000fc69f      0x21e Core/Src/usart.o
                                      0xfcde7 (size before relaxing)
 .debug_str     0x00000000000fc8bd       0x36 Core/Startup/startup_stm32f767vitx.o
                                         0x86 (size before relaxing)
 .debug_str     0x00000000000fc8f3      0x37c Drivers/STM32F7xx_HAL_Driver/Src/stm32f7xx_hal.o
                                      0xee2e6 (size before relaxing)
 .debug_str     0x00000000000fcc6f      0x2f9 Drivers/STM32F7xx_HAL_Driver/Src/stm32f7xx_hal_cortex.o
                                      0xee352 (size before relaxing)
 .debug_str     0x00000000000fcf68      0x2d1 Drivers/STM32F7xx_HAL_Driver/Src/stm32f7xx_hal_flash.o
                                      0xeda72 (size before relaxing)
 .debug_str     0x00000000000fd239      0x306 Drivers/STM32F7xx_HAL_Driver/Src/stm32f7xx_hal_flash_ex.o
                                      0xedb2d (size before relaxing)
 .debug_str     0x00000000000fd53f      0x2e2 Drivers/STM32F7xx_HAL_Driver/Src/stm32f7xx_hal_pwr.o
                                      0xedc15 (size before relaxing)
 .debug_str     0x00000000000fd821      0x2f7 Drivers/STM32F7xx_HAL_Driver/Src/stm32f7xx_hal_rcc.o
                                      0xedc91 (size before relaxing)
 .debug_str     0x00000000000fdb18      0xd80 Drivers/STM32F7xx_HAL_Driver/Src/stm32f7xx_hal_tim.o
                                      0xee9e9 (size before relaxing)
 .debug_str     0x00000000000fe898      0x601 Drivers/STM32F7xx_HAL_Driver/Src/stm32f7xx_hal_tim_ex.o
                                      0xee2fc (size before relaxing)
 .debug_str     0x00000000000fee99      0x677 Drivers/STM32F7xx_HAL_Driver/Src/stm32f7xx_ll_gpio.o
                                      0xef6ba (size before relaxing)
 .debug_str     0x00000000000ff510      0xe92 Drivers/STM32F7xx_HAL_Driver/Src/stm32f7xx_ll_rcc.o
                                      0xf6478 (size before relaxing)
 .debug_str     0x00000000001003a2      0x8a0 Drivers/STM32F7xx_HAL_Driver/Src/stm32f7xx_ll_usart.o
                                      0xf803b (size before relaxing)
 .debug_str     0x0000000000100c42     0x16ca Drivers/STM32F7xx_HAL_Driver/Src/stm32f7xx_ll_utils.o
                                      0xf8891 (size before relaxing)

.comment        0x0000000000000000       0x7b
 .comment       0x0000000000000000       0x7b Core/Src/dma.o
                                         0x7c (size before relaxing)
 .comment       0x000000000000007b       0x7c Core/Src/gpio.o
 .comment       0x000000000000007b       0x7c Core/Src/main.o
 .comment       0x000000000000007b       0x7c Core/Src/mbotLinuxUsart.o
 .comment       0x000000000000007b       0x7c Core/Src/stm32f7xx_hal_msp.o
 .comment       0x000000000000007b       0x7c Core/Src/stm32f7xx_hal_timebase_tim.o
 .comment       0x000000000000007b       0x7c Core/Src/stm32f7xx_it.o
 .comment       0x000000000000007b       0x7c Core/Src/system_stm32f7xx.o
 .comment       0x000000000000007b       0x7c Core/Src/usart.o
 .comment       0x000000000000007b       0x7c Drivers/STM32F7xx_HAL_Driver/Src/stm32f7xx_hal.o
 .comment       0x000000000000007b       0x7c Drivers/STM32F7xx_HAL_Driver/Src/stm32f7xx_hal_cortex.o
 .comment       0x000000000000007b       0x7c Drivers/STM32F7xx_HAL_Driver/Src/stm32f7xx_hal_flash.o
 .comment       0x000000000000007b       0x7c Drivers/STM32F7xx_HAL_Driver/Src/stm32f7xx_hal_flash_ex.o
 .comment       0x000000000000007b       0x7c Drivers/STM32F7xx_HAL_Driver/Src/stm32f7xx_hal_pwr.o
 .comment       0x000000000000007b       0x7c Drivers/STM32F7xx_HAL_Driver/Src/stm32f7xx_hal_rcc.o
 .comment       0x000000000000007b       0x7c Drivers/STM32F7xx_HAL_Driver/Src/stm32f7xx_hal_tim.o
 .comment       0x000000000000007b       0x7c Drivers/STM32F7xx_HAL_Driver/Src/stm32f7xx_hal_tim_ex.o
 .comment       0x000000000000007b       0x7c Drivers/STM32F7xx_HAL_Driver/Src/stm32f7xx_ll_gpio.o
 .comment       0x000000000000007b       0x7c Drivers/STM32F7xx_HAL_Driver/Src/stm32f7xx_ll_rcc.o
 .comment       0x000000000000007b       0x7c Drivers/STM32F7xx_HAL_Driver/Src/stm32f7xx_ll_usart.o
 .comment       0x000000000000007b       0x7c Drivers/STM32F7xx_HAL_Driver/Src/stm32f7xx_ll_utils.o

.debug_frame    0x0000000000000000     0x46ac
 .debug_frame   0x0000000000000000       0xec Core/Src/dma.o
 .debug_frame   0x00000000000000ec       0x60 Core/Src/gpio.o
 .debug_frame   0x000000000000014c      0x318 Core/Src/main.o
 .debug_frame   0x0000000000000464       0xd8 Core/Src/mbotLinuxUsart.o
 .debug_frame   0x000000000000053c       0x34 Core/Src/stm32f7xx_hal_msp.o
 .debug_frame   0x0000000000000570       0x74 Core/Src/stm32f7xx_hal_timebase_tim.o
 .debug_frame   0x00000000000005e4      0x1dc Core/Src/stm32f7xx_it.o
 .debug_frame   0x00000000000007c0       0x58 Core/Src/system_stm32f7xx.o
 .debug_frame   0x0000000000000818      0x324 Core/Src/usart.o
 .debug_frame   0x0000000000000b3c      0x3f4 Drivers/STM32F7xx_HAL_Driver/Src/stm32f7xx_hal.o
 .debug_frame   0x0000000000000f30      0x498 Drivers/STM32F7xx_HAL_Driver/Src/stm32f7xx_hal_cortex.o
 .debug_frame   0x00000000000013c8      0x274 Drivers/STM32F7xx_HAL_Driver/Src/stm32f7xx_hal_flash.o
 .debug_frame   0x000000000000163c      0x284 Drivers/STM32F7xx_HAL_Driver/Src/stm32f7xx_hal_flash_ex.o
 .debug_frame   0x00000000000018c0      0x254 Drivers/STM32F7xx_HAL_Driver/Src/stm32f7xx_hal_pwr.o
 .debug_frame   0x0000000000001b14      0x1f4 Drivers/STM32F7xx_HAL_Driver/Src/stm32f7xx_hal_rcc.o
 .debug_frame   0x0000000000001d08     0x1144 Drivers/STM32F7xx_HAL_Driver/Src/stm32f7xx_hal_tim.o
 .debug_frame   0x0000000000002e4c      0x638 Drivers/STM32F7xx_HAL_Driver/Src/stm32f7xx_hal_tim_ex.o
 .debug_frame   0x0000000000003484      0x1c0 Drivers/STM32F7xx_HAL_Driver/Src/stm32f7xx_ll_gpio.o
 .debug_frame   0x0000000000003644      0x9d0 Drivers/STM32F7xx_HAL_Driver/Src/stm32f7xx_ll_rcc.o
 .debug_frame   0x0000000000004014      0x234 Drivers/STM32F7xx_HAL_Driver/Src/stm32f7xx_ll_usart.o
 .debug_frame   0x0000000000004248      0x438 Drivers/STM32F7xx_HAL_Driver/Src/stm32f7xx_ll_utils.o
 .debug_frame   0x0000000000004680       0x2c e:/stm32cubemxide/stm32cubeide_1.5.0/stm32cubeide/plugins/com.st.stm32cube.ide.mcu.externaltools.gnu-tools-for-stm32.7-2018-q2-update.win32_1.5.0.202011040924/tools/bin/../lib/gcc/arm-none-eabi/7.3.1/../../../../arm-none-eabi/lib/thumb/v7e-m/fpv5/hard\libc_nano.a(lib_a-init.o)
