15:28:04 **** Incremental Build of configuration Release for project SerialCommunication ****
make -j8 all 
arm-none-eabi-gcc "../Core/Src/main.c" -mcpu=cortex-m7 -std=gnu11 -g -DUSE_HAL_DRIVER -DSTM32F767xx -DUSE_FULL_LL_DRIVER -c -I../Core/Inc -I../Drivers/STM32F7xx_HAL_Driver/Inc -I../Drivers/STM32F7xx_HAL_Driver/Inc/Legacy -I../Drivers/CMSIS/Device/ST/STM32F7xx/Include -I../Drivers/CMSIS/Include -Os -ffunction-sections -fdata-sections -Wall -fstack-usage -MMD -MP -MF"Core/Src/main.d" -MT"Core/Src/main.o" --specs=nano.specs -mfpu=fpv5-d16 -mfloat-abi=hard -mthumb -o "Core/Src/main.o"
arm-none-eabi-gcc -o "SerialCommunication.elf" @"objects.list"   -mcpu=cortex-m7 -T"E:\STM32CubeMXIDE_workspaces\STM32CubeMXIDE_stm32_ros\SerialCommunication\STM32F767VITX_FLASH.ld" --specs=nosys.specs -Wl,-Map="SerialCommunication.map" -Wl,--gc-sections -static --specs=nano.specs -mfpu=fpv5-d16 -mfloat-abi=hard -mthumb -Wl,--start-group -lc -lm -Wl,--end-group
Finished building target: SerialCommunication.elf
 
arm-none-eabi-objdump -h -S  SerialCommunication.elf  > "SerialCommunication.list"
arm-none-eabi-objcopy  -O binary  SerialCommunication.elf  "SerialCommunication.bin"
arm-none-eabi-size   SerialCommunication.elf 
   text	   data	    bss	    dec	    hex	filename
   6800	     24	   1728	   8552	   2168	SerialCommunication.elf
Finished building: default.size.stdout
 
Finished building: SerialCommunication.bin
 
Finished building: SerialCommunication.list
 
15:28:16 **** Incremental Build of configuration Release for project SerialCommunication ****
make -j8 all 
arm-none-eabi-size   SerialCommunication.elf 
   text	   data	    bss	    dec	    hex	filename
   6800	     24	   1728	   8552	   2168	SerialCommunication.elf
Finished building: default.size.stdout
 
15:29:43 **** Incremental Build of configuration Release for project SerialCommunication ****
make -j8 all 
arm-none-eabi-gcc "../Core/Src/main.c" -mcpu=cortex-m7 -std=gnu11 -g -DUSE_HAL_DRIVER -DSTM32F767xx -DUSE_FULL_LL_DRIVER -c -I../Core/Inc -I../Drivers/STM32F7xx_HAL_Driver/Inc -I../Drivers/STM32F7xx_HAL_Driver/Inc/Legacy -I../Drivers/CMSIS/Device/ST/STM32F7xx/Include -I../Drivers/CMSIS/Include -Os -ffunction-sections -fdata-sections -Wall -fstack-usage -MMD -MP -MF"Core/Src/main.d" -MT"Core/Src/main.o" --specs=nano.specs -mfpu=fpv5-d16 -mfloat-abi=hard -mthumb -o "Core/Src/main.o"
arm-none-eabi-gcc -o "SerialCommunication.elf" @"objects.list"   -mcpu=cortex-m7 -T"E:\STM32CubeMXIDE_workspaces\STM32CubeMXIDE_stm32_ros\SerialCommunication\STM32F767VITX_FLASH.ld" --specs=nosys.specs -Wl,-Map="SerialCommunication.map" -Wl,--gc-sections -static --specs=nano.specs -mfpu=fpv5-d16 -mfloat-abi=hard -mthumb -Wl,--start-group -lc -lm -Wl,--end-group
Finished building target: SerialCommunication.elf
 
arm-none-eabi-objdump -h -S  SerialCommunication.elf  > "SerialCommunication.list"
arm-none-eabi-objcopy  -O binary  SerialCommunication.elf  "SerialCommunication.bin"
arm-none-eabi-size   SerialCommunication.elf 
   text	   data	    bss	    dec	    hex	filename
   6792	     24	   1728	   8544	   2160	SerialCommunication.elf
Finished building: default.size.stdout
 
Finished building: SerialCommunication.bin
 
Finished building: SerialCommunication.list
 
16:02:42 **** Incremental Build of configuration Release for project SerialCommunication ****
make -j8 all 
arm-none-eabi-gcc "../Core/Src/mbotLinuxUsart.c" -mcpu=cortex-m7 -std=gnu11 -g -DUSE_HAL_DRIVER -DSTM32F767xx -DUSE_FULL_LL_DRIVER -c -I../Core/Inc -I../Drivers/STM32F7xx_HAL_Driver/Inc -I../Drivers/STM32F7xx_HAL_Driver/Inc/Legacy -I../Drivers/CMSIS/Device/ST/STM32F7xx/Include -I../Drivers/CMSIS/Include -Os -ffunction-sections -fdata-sections -Wall -fstack-usage -MMD -MP -MF"Core/Src/mbotLinuxUsart.d" -MT"Core/Src/mbotLinuxUsart.o" --specs=nano.specs -mfpu=fpv5-d16 -mfloat-abi=hard -mthumb -o "Core/Src/mbotLinuxUsart.o"
arm-none-eabi-gcc -o "SerialCommunication.elf" @"objects.list"   -mcpu=cortex-m7 -T"E:\STM32CubeMXIDE_workspaces\STM32CubeMXIDE_stm32_ros\SerialCommunication\STM32F767VITX_FLASH.ld" --specs=nosys.specs -Wl,-Map="SerialCommunication.map" -Wl,--gc-sections -static --specs=nano.specs -mfpu=fpv5-d16 -mfloat-abi=hard -mthumb -Wl,--start-group -lc -lm -Wl,--end-group
Finished building target: SerialCommunication.elf
 
arm-none-eabi-objdump -h -S  SerialCommunication.elf  > "SerialCommunication.list"
arm-none-eabi-objcopy  -O binary  SerialCommunication.elf  "SerialCommunication.bin"
arm-none-eabi-size   SerialCommunication.elf 
   text	   data	    bss	    dec	    hex	filename
   6768	     24	   1736	   8528	   2150	SerialCommunication.elf
Finished building: default.size.stdout
 
Finished building: SerialCommunication.bin
 
Finished building: SerialCommunication.list
 
16:13:15 **** Incremental Build of configuration Release for project SerialCommunication ****
make -j8 all 
arm-none-eabi-gcc "../Core/Src/mbotLinuxUsart.c" -mcpu=cortex-m7 -std=gnu11 -g -DUSE_HAL_DRIVER -DSTM32F767xx -DUSE_FULL_LL_DRIVER -c -I../Core/Inc -I../Drivers/STM32F7xx_HAL_Driver/Inc -I../Drivers/STM32F7xx_HAL_Driver/Inc/Legacy -I../Drivers/CMSIS/Device/ST/STM32F7xx/Include -I../Drivers/CMSIS/Include -Os -ffunction-sections -fdata-sections -Wall -fstack-usage -MMD -MP -MF"Core/Src/mbotLinuxUsart.d" -MT"Core/Src/mbotLinuxUsart.o" --specs=nano.specs -mfpu=fpv5-d16 -mfloat-abi=hard -mthumb -o "Core/Src/mbotLinuxUsart.o"
arm-none-eabi-gcc -o "SerialCommunication.elf" @"objects.list"   -mcpu=cortex-m7 -T"E:\STM32CubeMXIDE_workspaces\STM32CubeMXIDE_stm32_ros\SerialCommunication\STM32F767VITX_FLASH.ld" --specs=nosys.specs -Wl,-Map="SerialCommunication.map" -Wl,--gc-sections -static --specs=nano.specs -mfpu=fpv5-d16 -mfloat-abi=hard -mthumb -Wl,--start-group -lc -lm -Wl,--end-group
Finished building target: SerialCommunication.elf
 
arm-none-eabi-objdump -h -S  SerialCommunication.elf  > "SerialCommunication.list"
arm-none-eabi-objcopy  -O binary  SerialCommunication.elf  "SerialCommunication.bin"
arm-none-eabi-size   SerialCommunication.elf 
   text	   data	    bss	    dec	    hex	filename
   6768	     24	   1736	   8528	   2150	SerialCommunication.elf
Finished building: default.size.stdout
 
Finished building: SerialCommunication.bin
 
Finished building: SerialCommunication.list
 
